Archive member included to satisfy reference by file (symbol)

C:/PROGRA~2/ARMGNU~1/133167~1.3RE/bin/../lib/gcc/arm-none-eabi/13.3.1/thumb/v7e-m+fp/hard\libc_nano.a(libc_a-exit.o)
                              C:/PROGRA~2/ARMGNU~1/133167~1.3RE/bin/../lib/gcc/arm-none-eabi/13.3.1/thumb/v7e-m+fp/hard/crt0.o (exit)
C:/PROGRA~2/ARMGNU~1/133167~1.3RE/bin/../lib/gcc/arm-none-eabi/13.3.1/thumb/v7e-m+fp/hard\libc_nano.a(libc_a-nano-vfprintf_float.o)
                              (_printf_float)
C:/PROGRA~2/ARMGNU~1/133167~1.3RE/bin/../lib/gcc/arm-none-eabi/13.3.1/thumb/v7e-m+fp/hard\libc_nano.a(libc_a-nano-vfprintf_i.o)
                              C:/PROGRA~2/ARMGNU~1/133167~1.3RE/bin/../lib/gcc/arm-none-eabi/13.3.1/thumb/v7e-m+fp/hard\libc_nano.a(libc_a-nano-vfprintf_float.o) (_printf_common)
C:/PROGRA~2/ARMGNU~1/133167~1.3RE/bin/../lib/gcc/arm-none-eabi/13.3.1/thumb/v7e-m+fp/hard\libc_nano.a(libc_a-findfp.o)
                              C:/PROGRA~2/ARMGNU~1/133167~1.3RE/bin/../lib/gcc/arm-none-eabi/13.3.1/thumb/v7e-m+fp/hard\libc_nano.a(libc_a-exit.o) (__stdio_exit_handler)
C:/PROGRA~2/ARMGNU~1/133167~1.3RE/bin/../lib/gcc/arm-none-eabi/13.3.1/thumb/v7e-m+fp/hard\libc_nano.a(libc_a-fwalk.o)
                              C:/PROGRA~2/ARMGNU~1/133167~1.3RE/bin/../lib/gcc/arm-none-eabi/13.3.1/thumb/v7e-m+fp/hard\libc_nano.a(libc_a-findfp.o) (_fwalk_sglue)
C:/PROGRA~2/ARMGNU~1/133167~1.3RE/bin/../lib/gcc/arm-none-eabi/13.3.1/thumb/v7e-m+fp/hard\libc_nano.a(libc_a-stdio.o)
                              C:/PROGRA~2/ARMGNU~1/133167~1.3RE/bin/../lib/gcc/arm-none-eabi/13.3.1/thumb/v7e-m+fp/hard\libc_nano.a(libc_a-findfp.o) (__sread)
C:/PROGRA~2/ARMGNU~1/133167~1.3RE/bin/../lib/gcc/arm-none-eabi/13.3.1/thumb/v7e-m+fp/hard\libc_nano.a(libc_a-memset.o)
                              C:/PROGRA~2/ARMGNU~1/133167~1.3RE/bin/../lib/gcc/arm-none-eabi/13.3.1/thumb/v7e-m+fp/hard/crt0.o (memset)
C:/PROGRA~2/ARMGNU~1/133167~1.3RE/bin/../lib/gcc/arm-none-eabi/13.3.1/thumb/v7e-m+fp/hard\libc_nano.a(libc_a-localeconv.o)
                              C:/PROGRA~2/ARMGNU~1/133167~1.3RE/bin/../lib/gcc/arm-none-eabi/13.3.1/thumb/v7e-m+fp/hard\libc_nano.a(libc_a-nano-vfprintf_float.o) (_localeconv_r)
C:/PROGRA~2/ARMGNU~1/133167~1.3RE/bin/../lib/gcc/arm-none-eabi/13.3.1/thumb/v7e-m+fp/hard\libc_nano.a(libc_a-closer.o)
                              C:/PROGRA~2/ARMGNU~1/133167~1.3RE/bin/../lib/gcc/arm-none-eabi/13.3.1/thumb/v7e-m+fp/hard\libc_nano.a(libc_a-stdio.o) (_close_r)
C:/PROGRA~2/ARMGNU~1/133167~1.3RE/bin/../lib/gcc/arm-none-eabi/13.3.1/thumb/v7e-m+fp/hard\libc_nano.a(libc_a-reent.o)
                              C:/PROGRA~2/ARMGNU~1/133167~1.3RE/bin/../lib/gcc/arm-none-eabi/13.3.1/thumb/v7e-m+fp/hard\libc_nano.a(libc_a-closer.o) (errno)
C:/PROGRA~2/ARMGNU~1/133167~1.3RE/bin/../lib/gcc/arm-none-eabi/13.3.1/thumb/v7e-m+fp/hard\libc_nano.a(libc_a-impure.o)
                              C:/PROGRA~2/ARMGNU~1/133167~1.3RE/bin/../lib/gcc/arm-none-eabi/13.3.1/thumb/v7e-m+fp/hard\libc_nano.a(libc_a-reent.o) (_impure_ptr)
C:/PROGRA~2/ARMGNU~1/133167~1.3RE/bin/../lib/gcc/arm-none-eabi/13.3.1/thumb/v7e-m+fp/hard\libc_nano.a(libc_a-lseekr.o)
                              C:/PROGRA~2/ARMGNU~1/133167~1.3RE/bin/../lib/gcc/arm-none-eabi/13.3.1/thumb/v7e-m+fp/hard\libc_nano.a(libc_a-stdio.o) (_lseek_r)
C:/PROGRA~2/ARMGNU~1/133167~1.3RE/bin/../lib/gcc/arm-none-eabi/13.3.1/thumb/v7e-m+fp/hard\libc_nano.a(libc_a-readr.o)
                              C:/PROGRA~2/ARMGNU~1/133167~1.3RE/bin/../lib/gcc/arm-none-eabi/13.3.1/thumb/v7e-m+fp/hard\libc_nano.a(libc_a-stdio.o) (_read_r)
C:/PROGRA~2/ARMGNU~1/133167~1.3RE/bin/../lib/gcc/arm-none-eabi/13.3.1/thumb/v7e-m+fp/hard\libc_nano.a(libc_a-writer.o)
                              C:/PROGRA~2/ARMGNU~1/133167~1.3RE/bin/../lib/gcc/arm-none-eabi/13.3.1/thumb/v7e-m+fp/hard\libc_nano.a(libc_a-stdio.o) (_write_r)
C:/PROGRA~2/ARMGNU~1/133167~1.3RE/bin/../lib/gcc/arm-none-eabi/13.3.1/thumb/v7e-m+fp/hard\libc_nano.a(libc_a-init.o)
                              C:/PROGRA~2/ARMGNU~1/133167~1.3RE/bin/../lib/gcc/arm-none-eabi/13.3.1/thumb/v7e-m+fp/hard/crt0.o (__libc_init_array)
C:/PROGRA~2/ARMGNU~1/133167~1.3RE/bin/../lib/gcc/arm-none-eabi/13.3.1/thumb/v7e-m+fp/hard\libc_nano.a(libc_a-lock.o)
                              C:/PROGRA~2/ARMGNU~1/133167~1.3RE/bin/../lib/gcc/arm-none-eabi/13.3.1/thumb/v7e-m+fp/hard\libc_nano.a(libc_a-findfp.o) (__retarget_lock_init_recursive)
C:/PROGRA~2/ARMGNU~1/133167~1.3RE/bin/../lib/gcc/arm-none-eabi/13.3.1/thumb/v7e-m+fp/hard\libc_nano.a(libc_a-memchr.o)
                              C:/PROGRA~2/ARMGNU~1/133167~1.3RE/bin/../lib/gcc/arm-none-eabi/13.3.1/thumb/v7e-m+fp/hard\libc_nano.a(libc_a-nano-vfprintf_i.o) (memchr)
C:/PROGRA~2/ARMGNU~1/133167~1.3RE/bin/../lib/gcc/arm-none-eabi/13.3.1/thumb/v7e-m+fp/hard\libc_nano.a(libc_a-strlen.o)
[...]
Memory Configuration

Name             Origin             Length             Attributes
RAM              0x20000000         0x00020000         xrw
FLASH            0x08000000         0x00080000         xr
*default*        0x00000000         0xffffffff

Linker script and memory map

LOAD C:/PROGRA~2/ARMGNU~1/133167~1.3RE/bin/../lib/gcc/arm-none-eabi/13.3.1/thumb/v7e-m+fp/hard/crti.o
LOAD C:/PROGRA~2/ARMGNU~1/133167~1.3RE/bin/../lib/gcc/arm-none-eabi/13.3.1/thumb/v7e-m+fp/hard/crtbegin.o
LOAD C:/PROGRA~2/ARMGNU~1/133167~1.3RE/bin/../lib/gcc/arm-none-eabi/13.3.1/thumb/v7e-m+fp/hard/crt0.o
START GROUP
LOAD C:/PROGRA~2/ARMGNU~1/133167~1.3RE/bin/../lib/gcc/arm-none-eabi/13.3.1/thumb/v7e-m+fp/hard\libc_nano.a
LOAD C:/PROGRA~2/ARMGNU~1/133167~1.3RE/bin/../lib/gcc/arm-none-eabi/13.3.1/thumb/v7e-m+fp/hard\libm.a
END GROUP
LOAD CMakeFiles/Firmware.dir/Core/Src/PID.c.obj
LOAD CMakeFiles/Firmware.dir/Core/Src/main.c.obj
LOAD CMakeFiles/Firmware.dir/Core/Src/gpio.c.obj
LOAD CMakeFiles/Firmware.dir/Core/Src/adc.c.obj
LOAD CMakeFiles/Firmware.dir/Core/Src/fdcan.c.obj
LOAD CMakeFiles/Firmware.dir/Core/Src/hrtim.c.obj
LOAD CMakeFiles/Firmware.dir/Core/Src/spi.c.obj
LOAD CMakeFiles/Firmware.dir/Core/Src/tim.c.obj
LOAD CMakeFiles/Firmware.dir/Core/Src/usart.c.obj
LOAD CMakeFiles/Firmware.dir/Core/Src/stm32g4xx_it.c.obj
LOAD CMakeFiles/Firmware.dir/Core/Src/stm32g4xx_hal_msp.c.obj
LOAD CMakeFiles/Firmware.dir/Drivers/STM32G4xx_HAL_Driver/Src/stm32g4xx_ll_utils.c.obj
LOAD CMakeFiles/Firmware.dir/Drivers/STM32G4xx_HAL_Driver/Src/stm32g4xx_ll_exti.c.obj
LOAD CMakeFiles/Firmware.dir/Drivers/STM32G4xx_HAL_Driver/Src/stm32g4xx_ll_gpio.c.obj
LOAD CMakeFiles/Firmware.dir/Drivers/STM32G4xx_HAL_Driver/Src/stm32g4xx_ll_adc.c.obj
LOAD CMakeFiles/Firmware.dir/Drivers/STM32G4xx_HAL_Driver/Src/stm32g4xx_ll_dma.c.obj
LOAD CMakeFiles/Firmware.dir/Drivers/STM32G4xx_HAL_Driver/Src/stm32g4xx_ll_pwr.c.obj
LOAD CMakeFiles/Firmware.dir/Drivers/STM32G4xx_HAL_Driver/Src/stm32g4xx_hal.c.obj
LOAD CMakeFiles/Firmware.dir/Drivers/STM32G4xx_HAL_Driver/Src/stm32g4xx_hal_rcc.c.obj
LOAD CMakeFiles/Firmware.dir/Drivers/STM32G4xx_HAL_Driver/Src/stm32g4xx_hal_rcc_ex.c.obj
LOAD CMakeFiles/Firmware.dir/Drivers/STM32G4xx_HAL_Driver/Src/stm32g4xx_hal_flash.c.obj
LOAD CMakeFiles/Firmware.dir/Drivers/STM32G4xx_HAL_Driver/Src/stm32g4xx_hal_flash_ex.c.obj
LOAD CMakeFiles/Firmware.dir/Drivers/STM32G4xx_HAL_Driver/Src/stm32g4xx_hal_flash_ramfunc.c.obj
LOAD CMakeFiles/Firmware.dir/Drivers/STM32G4xx_HAL_Driver/Src/stm32g4xx_hal_gpio.c.obj
LOAD CMakeFiles/Firmware.dir/Drivers/STM32G4xx_HAL_Driver/Src/stm32g4xx_hal_exti.c.obj
LOAD CMakeFiles/Firmware.dir/Drivers/STM32G4xx_HAL_Driver/Src/stm32g4xx_hal_dma.c.obj
LOAD CMakeFiles/Firmware.dir/Drivers/STM32G4xx_HAL_Driver/Src/stm32g4xx_hal_dma_ex.c.obj
LOAD CMakeFiles/Firmware.dir/Drivers/STM32G4xx_HAL_Driver/Src/stm32g4xx_hal_pwr.c.obj
LOAD CMakeFiles/Firmware.dir/Drivers/STM32G4xx_HAL_Driver/Src/stm32g4xx_hal_pwr_ex.c.obj
LOAD CMakeFiles/Firmware.dir/Drivers/STM32G4xx_HAL_Driver/Src/stm32g4xx_hal_cortex.c.obj
LOAD CMakeFiles/Firmware.dir/Drivers/STM32G4xx_HAL_Driver/Src/stm32g4xx_hal_fdcan.c.obj
LOAD CMakeFiles/Firmware.dir/Drivers/STM32G4xx_HAL_Driver/Src/stm32g4xx_ll_hrtim.c.obj
LOAD CMakeFiles/Firmware.dir/Drivers/STM32G4xx_HAL_Driver/Src/stm32g4xx_hal_spi.c.obj
LOAD CMakeFiles/Firmware.dir/Drivers/STM32G4xx_HAL_Driver/Src/stm32g4xx_hal_spi_ex.c.obj
LOAD CMakeFiles/Firmware.dir/Drivers/STM32G4xx_HAL_Driver/Src/stm32g4xx_hal_tim.c.obj
LOAD CMakeFiles/Firmware.dir/Drivers/STM32G4xx_HAL_Driver/Src/stm32g4xx_hal_tim_ex.c.obj
LOAD CMakeFiles/Firmware.dir/Drivers/STM32G4xx_HAL_Driver/Src/stm32g4xx_ll_tim.c.obj
LOAD CMakeFiles/Firmware.dir/Drivers/STM32G4xx_HAL_Driver/Src/stm32g4xx_ll_usart.c.obj
LOAD CMakeFiles/Firmware.dir/Drivers/STM32G4xx_HAL_Driver/Src/stm32g4xx_ll_rcc.c.obj
LOAD CMakeFiles/Firmware.dir/Core/Src/system_stm32g4xx.c.obj
LOAD CMakeFiles/Firmware.dir/Core/Src/sysmem.c.obj
LOAD CMakeFiles/Firmware.dir/Core/Src/syscalls.c.obj
LOAD CMakeFiles/Firmware.dir/startup_stm32g474xx.s.obj
START GROUP
LOAD C:/PROGRA~2/ARMGNU~1/133167~1.3RE/bin/../lib/gcc/arm-none-eabi/13.3.1/thumb/v7e-m+fp/hard\libgcc.a
LOAD C:/PROGRA~2/ARMGNU~1/133167~1.3RE/bin/../lib/gcc/arm-none-eabi/13.3.1/thumb/v7e-m+fp/hard\libg_nano.a
LOAD C:/PROGRA~2/ARMGNU~1/133167~1.3RE/bin/../lib/gcc/arm-none-eabi/13.3.1/thumb/v7e-m+fp/hard\libc_nano.a
END GROUP
START GROUP
LOAD C:/PROGRA~2/ARMGNU~1/133167~1.3RE/bin/../lib/gcc/arm-none-eabi/13.3.1/thumb/v7e-m+fp/hard\libgcc.a
LOAD C:/PROGRA~2/ARMGNU~1/133167~1.3RE/bin/../lib/gcc/arm-none-eabi/13.3.1/thumb/v7e-m+fp/hard\libc_nano.a
END GROUP
LOAD C:/PROGRA~2/ARMGNU~1/133167~1.3RE/bin/../lib/gcc/arm-none-eabi/13.3.1/thumb/v7e-m+fp/hard/crtend.o
LOAD C:/PROGRA~2/ARMGNU~1/133167~1.3RE/bin/../lib/gcc/arm-none-eabi/13.3.1/thumb/v7e-m+fp/hard/crtn.o
                0x20020000                        _estack = (ORIGIN (RAM) + LENGTH (RAM))
                0x00000200                        _Min_Heap_Size = 0x200
                0x00000400                        _Min_Stack_Size = 0x400

.isr_vector     0x08000000      0x1d8
                0x08000000                        . = ALIGN (0x4)
 *(.isr_vector)
 .isr_vector    0x08000000      0x1d8 CMakeFiles/Firmware.dir/startup_stm32g474xx.s.obj
                0x08000000                g_pfnVectors
                0x080001d8                        . = ALIGN (0x4)

.text           0x080001e0     0xab54
                0x080001e0                        . = ALIGN (0x4)
 *(.text)
 .text          0x080001e0       0xa0 C:/PROGRA~2/ARMGNU~1/133167~1.3RE/bin/../lib/gcc/arm-none-eabi/13.3.1/thumb/v7e-m+fp/hard\libc_nano.a(libc_a-memchr.o)
                0x080001e0                memchr
 .text          0x08000280       0x10 C:/PROGRA~2/ARMGNU~1/133167~1.3RE/bin/../lib/gcc/arm-none-eabi/13.3.1/thumb/v7e-m+fp/hard\libc_nano.a(libc_a-strlen.o)
                0x08000280                strlen
 .text          0x08000290      0x378 C:/PROGRA~2/ARMGNU~1/133167~1.3RE/bin/../lib/gcc/arm-none-eabi/13.3.1/thumb/v7e-m+fp/hard\libgcc.a(_arm_addsubdf3.o)
                0x08000290                __aeabi_drsub
                0x08000298                __aeabi_dsub
                0x08000298                __subdf3
                0x0800029c                __aeabi_dadd
                0x0800029c                __adddf3
                0x08000514                __floatunsidf
                0x08000514                __aeabi_ui2d
                0x08000534                __floatsidf
                0x08000534                __aeabi_i2d
                0x08000558                __aeabi_f2d
                0x08000558                __extendsfdf2
                0x0800059c                __floatundidf
                0x0800059c                __aeabi_ul2d
                0x080005ac                __floatdidf
                0x080005ac                __aeabi_l2d
 .text          0x08000608      0x424 C:/PROGRA~2/ARMGNU~1/133167~1.3RE/bin/../lib/gcc/arm-none-eabi/13.3.1/thumb/v7e-m+fp/hard\libgcc.a(_arm_muldivdf3.o)
                0x08000608                __aeabi_dmul
                0x08000608                __muldf3
                0x0800085c                __divdf3
                0x0800085c                __aeabi_ddiv
 .text          0x08000a2c      0x110 C:/PROGRA~2/ARMGNU~1/133167~1.3RE/bin/../lib/gcc/arm-none-eabi/13.3.1/thumb/v7e-m+fp/hard\libgcc.a(_arm_cmpdf2.o)
                0x08000a2c                __gtdf2
                0x08000a2c                __gedf2
                0x08000a34                __ltdf2
                0x08000a34                __ledf2
                0x08000a3c                __nedf2
                0x08000a3c                __eqdf2
                0x08000a3c                __cmpdf2
                0x08000ab8                __aeabi_cdrcmple
                0x08000ac8                __aeabi_cdcmpeq
                0x08000ac8                __aeabi_cdcmple
                0x08000ad8                __aeabi_dcmpeq
                0x08000aec                __aeabi_dcmplt
                0x08000b00                __aeabi_dcmple
                0x08000b14                __aeabi_dcmpge
                0x08000b28                __aeabi_dcmpgt
 .text          0x08000b3c       0x2c C:/PROGRA~2/ARMGNU~1/133167~1.3RE/bin/../lib/gcc/arm-none-eabi/13.3.1/thumb/v7e-m+fp/hard\libgcc.a(_arm_unorddf2.o)
                0x08000b3c                __unorddf2
                0x08000b3c                __aeabi_dcmpun
 .text          0x08000b68       0x50 C:/PROGRA~2/ARMGNU~1/133167~1.3RE/bin/../lib/gcc/arm-none-eabi/13.3.1/thumb/v7e-m+fp/hard\libgcc.a(_arm_fixdfsi.o)
                0x08000b68                __aeabi_d2iz
                0x08000b68                __fixdfsi
 .text          0x08000bb8       0xa0 C:/PROGRA~2/ARMGNU~1/133167~1.3RE/bin/../lib/gcc/arm-none-eabi/13.3.1/thumb/v7e-m+fp/hard\libgcc.a(_arm_truncdfsf2.o)
                0x08000bb8                __truncdfsf2
                0x08000bb8                __aeabi_d2f
 *(.text*)
 .text.deregister_tm_clones
                0x08000c58       0x1c C:/PROGRA~2/ARMGNU~1/133167~1.3RE/bin/../lib/gcc/arm-none-eabi/13.3.1/thumb/v7e-m+fp/hard/crtbegin.o
 .text.register_tm_clones
                0x08000c74       0x24 C:/PROGRA~2/ARMGNU~1/133167~1.3RE/bin/../lib/gcc/arm-none-eabi/13.3.1/thumb/v7e-m+fp/hard/crtbegin.o
 .text.__do_global_dtors_aux
                0x08000c98       0x28 C:/PROGRA~2/ARMGNU~1/133167~1.3RE/bin/../lib/gcc/arm-none-eabi/13.3.1/thumb/v7e-m+fp/hard/crtbegin.o
 .text.frame_dummy
                0x08000cc0       0x24 C:/PROGRA~2/ARMGNU~1/133167~1.3RE/bin/../lib/gcc/arm-none-eabi/13.3.1/thumb/v7e-m+fp/hard/crtbegin.o
 .text.__cvt    0x08000ce4       0xca C:/PROGRA~2/ARMGNU~1/133167~1.3RE/bin/../lib/gcc/arm-none-eabi/13.3.1/thumb/v7e-m+fp/hard\libc_nano.a(libc_a-nano-vfprintf_float.o)
                0x08000ce4                __cvt
 .text.__exponent
                0x08000dae       0x74 C:/PROGRA~2/ARMGNU~1/133167~1.3RE/bin/../lib/gcc/arm-none-eabi/13.3.1/thumb/v7e-m+fp/hard\libc_nano.a(libc_a-nano-vfprintf_float.o)
                0x08000dae                __exponent
 *fill*         0x08000e22        0x2 
 .text._printf_float
                0x08000e24      0x454 C:/PROGRA~2/ARMGNU~1/133167~1.3RE/bin/../lib/gcc/arm-none-eabi/13.3.1/thumb/v7e-m+fp/hard\libc_nano.a(libc_a-nano-vfprintf_float.o)
                0x08000e24                _printf_float
 .text._printf_common
                0x08001278       0xda C:/PROGRA~2/ARMGNU~1/133167~1.3RE/bin/../lib/gcc/arm-none-eabi/13.3.1/thumb/v7e-m+fp/hard\libc_nano.a(libc_a-nano-vfprintf_i.o)
                0x08001278                _printf_common
 *fill*         0x08001352        0x2 
 .text._printf_i
                0x08001354      0x23c C:/PROGRA~2/ARMGNU~1/133167~1.3RE/bin/../lib/gcc/arm-none-eabi/13.3.1/thumb/v7e-m+fp/hard\libc_nano.a(libc_a-nano-vfprintf_i.o)
                0x08001354                _printf_i
 .text.std      0x08001590       0x6c C:/PROGRA~2/ARMGNU~1/133167~1.3RE/bin/../lib/gcc/arm-none-eabi/13.3.1/thumb/v7e-m+fp/hard\libc_nano.a(libc_a-findfp.o)
 .text.stdio_exit_handler
                0x080015fc       0x18 C:/PROGRA~2/ARMGNU~1/133167~1.3RE/bin/../lib/gcc/arm-none-eabi/13.3.1/thumb/v7e-m+fp/hard\libc_nano.a(libc_a-findfp.o)
 .text.cleanup_stdio
                0x08001614       0x40 C:/PROGRA~2/ARMGNU~1/133167~1.3RE/bin/../lib/gcc/arm-none-eabi/13.3.1/thumb/v7e-m+fp/hard\libc_nano.a(libc_a-findfp.o)
 .text.global_stdio_init.part.0
                0x08001654       0x3c C:/PROGRA~2/ARMGNU~1/133167~1.3RE/bin/../lib/gcc/arm-none-eabi/13.3.1/thumb/v7e-m+fp/hard\libc_nano.a(libc_a-findfp.o)
 .text.__sfp_lock_acquire
                0x08001690        0xc C:/PROGRA~2/ARMGNU~1/133167~1.3RE/bin/../lib/gcc/arm-none-eabi/13.3.1/thumb/v7e-m+fp/hard\libc_nano.a(libc_a-findfp.o)
                0x08001690                __sfp_lock_acquire
 .text.__sfp_lock_release
                0x0800169c        0xc C:/PROGRA~2/ARMGNU~1/133167~1.3RE/bin/../lib/gcc/arm-none-eabi/13.3.1/thumb/v7e-m+fp/hard\libc_nano.a(libc_a-findfp.o)
                0x0800169c                __sfp_lock_release
 .text.__sinit  0x080016a8       0x30 C:/PROGRA~2/ARMGNU~1/133167~1.3RE/bin/../lib/gcc/arm-none-eabi/13.3.1/thumb/v7e-m+fp/hard\libc_nano.a(libc_a-findfp.o)
                0x080016a8                __sinit
 .text._fwalk_sglue
                0x080016d8       0x3c C:/PROGRA~2/ARMGNU~1/133167~1.3RE/bin/../lib/gcc/arm-none-eabi/13.3.1/thumb/v7e-m+fp/hard\libc_nano.a(libc_a-fwalk.o)
                0x080016d8                _fwalk_sglue
 .text.__sread  0x08001714       0x22 C:/PROGRA~2/ARMGNU~1/133167~1.3RE/bin/../lib/gcc/arm-none-eabi/13.3.1/thumb/v7e-m+fp/hard\libc_nano.a(libc_a-stdio.o)
                0x08001714                __sread
 .text.__swrite
                0x08001736       0x38 C:/PROGRA~2/ARMGNU~1/133167~1.3RE/bin/../lib/gcc/arm-none-eabi/13.3.1/thumb/v7e-m+fp/hard\libc_nano.a(libc_a-stdio.o)
                0x08001736                __swrite
 .text.__sseek  0x0800176e       0x24 C:/PROGRA~2/ARMGNU~1/133167~1.3RE/bin/../lib/gcc/arm-none-eabi/13.3.1/thumb/v7e-m+fp/hard\libc_nano.a(libc_a-stdio.o)
                0x0800176e                __sseek
 .text.__sclose
                0x08001792        0x8 C:/PROGRA~2/ARMGNU~1/133167~1.3RE/bin/../lib/gcc/arm-none-eabi/13.3.1/thumb/v7e-m+fp/hard\libc_nano.a(libc_a-stdio.o)
                0x08001792                __sclose
 .text.memset   0x0800179a       0x10 C:/PROGRA~2/ARMGNU~1/133167~1.3RE/bin/../lib/gcc/arm-none-eabi/13.3.1/thumb/v7e-m+fp/hard\libc_nano.a(libc_a-memset.o)
                0x0800179a                memset
 *fill*         0x080017aa        0x2 
 .text._localeconv_r
                0x080017ac        0x8 C:/PROGRA~2/ARMGNU~1/133167~1.3RE/bin/../lib/gcc/arm-none-eabi/13.3.1/thumb/v7e-m+fp/hard\libc_nano.a(libc_a-localeconv.o)
                0x080017ac                _localeconv_r
 .text._close_r
                0x080017b4       0x20 C:/PROGRA~2/ARMGNU~1/133167~1.3RE/bin/../lib/gcc/arm-none-eabi/13.3.1/thumb/v7e-m+fp/hard\libc_nano.a(libc_a-closer.o)
                0x080017b4                _close_r
 .text._lseek_r
                0x080017d4       0x24 C:/PROGRA~2/ARMGNU~1/133167~1.3RE/bin/../lib/gcc/arm-none-eabi/13.3.1/thumb/v7e-m+fp/hard\libc_nano.a(libc_a-lseekr.o)
                0x080017d4                _lseek_r
 .text._read_r  0x080017f8       0x24 C:/PROGRA~2/ARMGNU~1/133167~1.3RE/bin/../lib/gcc/arm-none-eabi/13.3.1/thumb/v7e-m+fp/hard\libc_nano.a(libc_a-readr.o)
                0x080017f8                _read_r
 .text._write_r
                0x0800181c       0x24 C:/PROGRA~2/ARMGNU~1/133167~1.3RE/bin/../lib/gcc/arm-none-eabi/13.3.1/thumb/v7e-m+fp/hard\libc_nano.a(libc_a-writer.o)
                0x0800181c                _write_r
 .text.__libc_init_array
                0x08001840       0x48 C:/PROGRA~2/ARMGNU~1/133167~1.3RE/bin/../lib/gcc/arm-none-eabi/13.3.1/thumb/v7e-m+fp/hard\libc_nano.a(libc_a-init.o)
                0x08001840                __libc_init_array
 .text.__retarget_lock_init_recursive
                0x08001888        0x2 C:/PROGRA~2/ARMGNU~1/133167~1.3RE/bin/../lib/gcc/arm-none-eabi/13.3.1/thumb/v7e-m+fp/hard\libc_nano.a(libc_a-lock.o)
                0x08001888                __retarget_lock_init_recursive
 .text.__retarget_lock_acquire_recursive
                0x0800188a        0x2 C:/PROGRA~2/ARMGNU~1/133167~1.3RE/bin/../lib/gcc/arm-none-eabi/13.3.1/thumb/v7e-m+fp/hard\libc_nano.a(libc_a-lock.o)
                0x0800188a                __retarget_lock_acquire_recursive
 .text.__retarget_lock_release_recursive
                0x0800188c        0x2 C:/PROGRA~2/ARMGNU~1/133167~1.3RE/bin/../lib/gcc/arm-none-eabi/13.3.1/thumb/v7e-m+fp/hard\libc_nano.a(libc_a-lock.o)
                0x0800188c                __retarget_lock_release_recursive
 .text.quorem   0x0800188e      0x110 C:/PROGRA~2/ARMGNU~1/133167~1.3RE/bin/../lib/gcc/arm-none-eabi/13.3.1/thumb/v7e-m+fp/hard\libc_nano.a(libc_a-dtoa.o)
 *fill*         0x0800199e        0x2 
 .text._dtoa_r  0x080019a0      0xb74 C:/PROGRA~2/ARMGNU~1/133167~1.3RE/bin/../lib/gcc/arm-none-eabi/13.3.1/thumb/v7e-m+fp/hard\libc_nano.a(libc_a-dtoa.o)
                0x080019a0                _dtoa_r
 .text._free_r  0x08002514       0x94 C:/PROGRA~2/ARMGNU~1/133167~1.3RE/bin/../lib/gcc/arm-none-eabi/13.3.1/thumb/v7e-m+fp/hard\libc_nano.a(libc_a-freer.o)
                0x08002514                _free_r
 .text.malloc   0x080025a8       0x10 C:/PROGRA~2/ARMGNU~1/133167~1.3RE/bin/../lib/gcc/arm-none-eabi/13.3.1/thumb/v7e-m+fp/hard\libc_nano.a(libc_a-malloc.o)
                0x080025a8                malloc
 .text.sbrk_aligned
                0x080025b8       0x44 C:/PROGRA~2/ARMGNU~1/133167~1.3RE/bin/../lib/gcc/arm-none-eabi/13.3.1/thumb/v7e-m+fp/hard\libc_nano.a(libc_a-mallocr.o)
 .text._malloc_r
                0x080025fc      0x100 C:/PROGRA~2/ARMGNU~1/133167~1.3RE/bin/../lib/gcc/arm-none-eabi/13.3.1/thumb/v7e-m+fp/hard\libc_nano.a(libc_a-mallocr.o)
                0x080025fc                _malloc_r
 .text.__malloc_lock
                0x080026fc        0xc C:/PROGRA~2/ARMGNU~1/133167~1.3RE/bin/../lib/gcc/arm-none-eabi/13.3.1/thumb/v7e-m+fp/hard\libc_nano.a(libc_a-mlock.o)
                0x080026fc                __malloc_lock
 .text.__malloc_unlock
                0x08002708        0xc C:/PROGRA~2/ARMGNU~1/133167~1.3RE/bin/../lib/gcc/arm-none-eabi/13.3.1/thumb/v7e-m+fp/hard\libc_nano.a(libc_a-mlock.o)
                0x08002708                __malloc_unlock
 .text._Balloc  0x08002714       0x80 C:/PROGRA~2/ARMGNU~1/133167~1.3RE/bin/../lib/gcc/arm-none-eabi/13.3.1/thumb/v7e-m+fp/hard\libc_nano.a(libc_a-mprec.o)
                0x08002714                _Balloc
 .text._Bfree   0x08002794       0x44 C:/PROGRA~2/ARMGNU~1/133167~1.3RE/bin/../lib/gcc/arm-none-eabi/13.3.1/thumb/v7e-m+fp/hard\libc_nano.a(libc_a-mprec.o)
                0x08002794                _Bfree
 .text.__multadd
                0x080027d8       0x8c C:/PROGRA~2/ARMGNU~1/133167~1.3RE/bin/../lib/gcc/arm-none-eabi/13.3.1/thumb/v7e-m+fp/hard\libc_nano.a(libc_a-mprec.o)
                0x080027d8                __multadd
 .text.__hi0bits
                0x08002864       0x3e C:/PROGRA~2/ARMGNU~1/133167~1.3RE/bin/../lib/gcc/arm-none-eabi/13.3.1/thumb/v7e-m+fp/hard\libc_nano.a(libc_a-mprec.o)
                0x08002864                __hi0bits
 .text.__lo0bits
                0x080028a2       0x5a C:/PROGRA~2/ARMGNU~1/133167~1.3RE/bin/../lib/gcc/arm-none-eabi/13.3.1/thumb/v7e-m+fp/hard\libc_nano.a(libc_a-mprec.o)
                0x080028a2                __lo0bits
 .text.__i2b    0x080028fc       0x2c C:/PROGRA~2/ARMGNU~1/133167~1.3RE/bin/../lib/gcc/arm-none-eabi/13.3.1/thumb/v7e-m+fp/hard\libc_nano.a(libc_a-mprec.o)
                0x080028fc                __i2b
 .text.__multiply
                0x08002928      0x144 C:/PROGRA~2/ARMGNU~1/133167~1.3RE/bin/../lib/gcc/arm-none-eabi/13.3.1/thumb/v7e-m+fp/hard\libc_nano.a(libc_a-mprec.o)
                0x08002928                __multiply
 .text.__pow5mult
                0x08002a6c       0xb4 C:/PROGRA~2/ARMGNU~1/133167~1.3RE/bin/../lib/gcc/arm-none-eabi/13.3.1/thumb/v7e-m+fp/hard\libc_nano.a(libc_a-mprec.o)
                0x08002a6c                __pow5mult
 .text.__lshift
                0x08002b20       0xd8 C:/PROGRA~2/ARMGNU~1/133167~1.3RE/bin/../lib/gcc/arm-none-eabi/13.3.1/thumb/v7e-m+fp/hard\libc_nano.a(libc_a-mprec.o)
                0x08002b20                __lshift
 .text.__mcmp   0x08002bf8       0x36 C:/PROGRA~2/ARMGNU~1/133167~1.3RE/bin/../lib/gcc/arm-none-eabi/13.3.1/thumb/v7e-m+fp/hard\libc_nano.a(libc_a-mprec.o)
                0x08002bf8                __mcmp
 *fill*         0x08002c2e        0x2 
 .text.__mdiff  0x08002c30      0x128 C:/PROGRA~2/ARMGNU~1/133167~1.3RE/bin/../lib/gcc/arm-none-eabi/13.3.1/thumb/v7e-m+fp/hard\libc_nano.a(libc_a-mprec.o)
                0x08002c30                __mdiff
 .text.__d2b    0x08002d58       0xb0 C:/PROGRA~2/ARMGNU~1/133167~1.3RE/bin/../lib/gcc/arm-none-eabi/13.3.1/thumb/v7e-m+fp/hard\libc_nano.a(libc_a-mprec.o)
                0x08002d58                __d2b
 .text.__sflush_r
                0x08002e08      0x108 C:/PROGRA~2/ARMGNU~1/133167~1.3RE/bin/../lib/gcc/arm-none-eabi/13.3.1/thumb/v7e-m+fp/hard\libc_nano.a(libc_a-fflush.o)
                0x08002e08                __sflush_r
 .text._fflush_r
                0x08002f10       0x50 C:/PROGRA~2/ARMGNU~1/133167~1.3RE/bin/../lib/gcc/arm-none-eabi/13.3.1/thumb/v7e-m+fp/hard\libc_nano.a(libc_a-fflush.o)
                0x08002f10                _fflush_r
 .text._sbrk_r  0x08002f60       0x20 C:/PROGRA~2/ARMGNU~1/133167~1.3RE/bin/../lib/gcc/arm-none-eabi/13.3.1/thumb/v7e-m+fp/hard\libc_nano.a(libc_a-sbrkr.o)
                0x08002f60                _sbrk_r
 .text.memcpy   0x08002f80       0x1c C:/PROGRA~2/ARMGNU~1/133167~1.3RE/bin/../lib/gcc/arm-none-eabi/13.3.1/thumb/v7e-m+fp/hard\libc_nano.a(libc_a-memcpy-stub.o)
                0x08002f80                memcpy
 .text.__assert_func
                0x08002f9c       0x3c C:/PROGRA~2/ARMGNU~1/133167~1.3RE/bin/../lib/gcc/arm-none-eabi/13.3.1/thumb/v7e-m+fp/hard\libc_nano.a(libc_a-assert.o)
                0x08002f9c                __assert_func
 .text._calloc_r
                0x08002fd8       0x28 C:/PROGRA~2/ARMGNU~1/133167~1.3RE/bin/../lib/gcc/arm-none-eabi/13.3.1/thumb/v7e-m+fp/hard\libc_nano.a(libc_a-callocr.o)
                0x08002fd8                _calloc_r
 .text.__ascii_mbtowc
                0x08003000       0x24 C:/PROGRA~2/ARMGNU~1/133167~1.3RE/bin/../lib/gcc/arm-none-eabi/13.3.1/thumb/v7e-m+fp/hard\libc_nano.a(libc_a-mbtowc_r.o)
                0x08003000                __ascii_mbtowc
 .text.__ascii_wctomb
                0x08003024       0x1a C:/PROGRA~2/ARMGNU~1/133167~1.3RE/bin/../lib/gcc/arm-none-eabi/13.3.1/thumb/v7e-m+fp/hard\libc_nano.a(libc_a-wctomb_r.o)
                0x08003024                __ascii_wctomb
 *fill*         0x0800303e        0x2 
 .text.fprintf  0x08003040       0x24 C:/PROGRA~2/ARMGNU~1/133167~1.3RE/bin/../lib/gcc/arm-none-eabi/13.3.1/thumb/v7e-m+fp/hard\libc_nano.a(libc_a-fprintf.o)
                0x08003040                fiprintf
                0x08003040                fprintf
 .text.abort    0x08003064        0xe C:/PROGRA~2/ARMGNU~1/133167~1.3RE/bin/../lib/gcc/arm-none-eabi/13.3.1/thumb/v7e-m+fp/hard\libc_nano.a(libc_a-abort.o)
                0x08003064                abort
 .text.__sfputc_r
                0x08003072       0x2e C:/PROGRA~2/ARMGNU~1/133167~1.3RE/bin/../lib/gcc/arm-none-eabi/13.3.1/thumb/v7e-m+fp/hard\libc_nano.a(libc_a-nano-vfprintf.o)
 .text.__sfputs_r
                0x080030a0       0x24 C:/PROGRA~2/ARMGNU~1/133167~1.3RE/bin/../lib/gcc/arm-none-eabi/13.3.1/thumb/v7e-m+fp/hard\libc_nano.a(libc_a-nano-vfprintf.o)
                0x080030a0                __sfputs_r
 .text._vfprintf_r
                0x080030c4      0x230 C:/PROGRA~2/ARMGNU~1/133167~1.3RE/bin/../lib/gcc/arm-none-eabi/13.3.1/thumb/v7e-m+fp/hard\libc_nano.a(libc_a-nano-vfprintf.o)
                0x080030c4                _vfprintf_r
                0x080030c4                _vfiprintf_r
 .text.__swbuf_r
                0x080032f4       0x7c C:/PROGRA~2/ARMGNU~1/133167~1.3RE/bin/../lib/gcc/arm-none-eabi/13.3.1/thumb/v7e-m+fp/hard\libc_nano.a(libc_a-wbuf.o)
                0x080032f4                __swbuf_r
 .text.__swsetup_r
                0x08003370       0xac C:/PROGRA~2/ARMGNU~1/133167~1.3RE/bin/../lib/gcc/arm-none-eabi/13.3.1/thumb/v7e-m+fp/hard\libc_nano.a(libc_a-wsetup.o)
                0x08003370                __swsetup_r
 .text.memmove  0x0800341c       0x34 C:/PROGRA~2/ARMGNU~1/133167~1.3RE/bin/../lib/gcc/arm-none-eabi/13.3.1/thumb/v7e-m+fp/hard\libc_nano.a(libc_a-memmove.o)
                0x0800341c                memmove
 .text._raise_r
                0x08003450       0x50 C:/PROGRA~2/ARMGNU~1/133167~1.3RE/bin/../lib/gcc/arm-none-eabi/13.3.1/thumb/v7e-m+fp/hard\libc_nano.a(libc_a-signal.o)
                0x08003450                _raise_r
 .text.raise    0x080034a0       0x10 C:/PROGRA~2/ARMGNU~1/133167~1.3RE/bin/../lib/gcc/arm-none-eabi/13.3.1/thumb/v7e-m+fp/hard\libc_nano.a(libc_a-signal.o)
                0x080034a0                raise
 .text._kill_r  0x080034b0       0x24 C:/PROGRA~2/ARMGNU~1/133167~1.3RE/bin/../lib/gcc/arm-none-eabi/13.3.1/thumb/v7e-m+fp/hard\libc_nano.a(libc_a-signalr.o)
                0x080034b0                _kill_r
 .text._getpid_r
                0x080034d4        0x4 C:/PROGRA~2/ARMGNU~1/133167~1.3RE/bin/../lib/gcc/arm-none-eabi/13.3.1/thumb/v7e-m+fp/hard\libc_nano.a(libc_a-signalr.o)
                0x080034d4                _getpid_r
 .text._realloc_r
                0x080034d8       0x5c C:/PROGRA~2/ARMGNU~1/133167~1.3RE/bin/../lib/gcc/arm-none-eabi/13.3.1/thumb/v7e-m+fp/hard\libc_nano.a(libc_a-reallocr.o)
                0x080034d8                _realloc_r
 .text.__swhatbuf_r
                0x08003534       0x4c C:/PROGRA~2/ARMGNU~1/133167~1.3RE/bin/../lib/gcc/arm-none-eabi/13.3.1/thumb/v7e-m+fp/hard\libc_nano.a(libc_a-makebuf.o)
                0x08003534                __swhatbuf_r
 .text.__smakebuf_r
                0x08003580       0x78 C:/PROGRA~2/ARMGNU~1/133167~1.3RE/bin/../lib/gcc/arm-none-eabi/13.3.1/thumb/v7e-m+fp/hard\libc_nano.a(libc_a-makebuf.o)
                0x08003580                __smakebuf_r
 .text._fstat_r
                0x080035f8       0x24 C:/PROGRA~2/ARMGNU~1/133167~1.3RE/bin/../lib/gcc/arm-none-eabi/13.3.1/thumb/v7e-m+fp/hard\libc_nano.a(libc_a-fstatr.o)
                0x080035f8                _fstat_r
 .text._isatty_r
                0x0800361c       0x20 C:/PROGRA~2/ARMGNU~1/133167~1.3RE/bin/../lib/gcc/arm-none-eabi/13.3.1/thumb/v7e-m+fp/hard\libc_nano.a(libc_a-isattyr.o)
                0x0800361c                _isatty_r
 .text._malloc_usable_size_r
                0x0800363c       0x10 C:/PROGRA~2/ARMGNU~1/133167~1.3RE/bin/../lib/gcc/arm-none-eabi/13.3.1/thumb/v7e-m+fp/hard\libc_nano.a(libc_a-msizer.o)
                0x0800363c                _malloc_usable_size_r
 .text.PID_update
                0x0800364c      0x102 CMakeFiles/Firmware.dir/Core/Src/PID.c.obj
                0x0800364c                PID_update
 .text.PID_setParams
                0x0800374e       0x32 CMakeFiles/Firmware.dir/Core/Src/PID.c.obj
                0x0800374e                PID_setParams
 .text.LL_ADC_REG_SetSequencerRanks
                0x08003780       0x58 CMakeFiles/Firmware.dir/Core/Src/main.c.obj
 .text.LL_ADC_Enable
                0x080037d8       0x28 CMakeFiles/Firmware.dir/Core/Src/main.c.obj
 .text.LL_ADC_IsEnabled
                0x08003800       0x26 CMakeFiles/Firmware.dir/Core/Src/main.c.obj
 .text.LL_ADC_StartCalibration
                0x08003826       0x32 CMakeFiles/Firmware.dir/Core/Src/main.c.obj
 .text.LL_ADC_IsCalibrationOnGoing
                0x08003858       0x28 CMakeFiles/Firmware.dir/Core/Src/main.c.obj
 .text.LL_ADC_REG_StartConversion
                0x08003880       0x28 CMakeFiles/Firmware.dir/Core/Src/main.c.obj
 .text.LL_ADC_REG_ReadConversionData12
                0x080038a8       0x1a CMakeFiles/Firmware.dir/Core/Src/main.c.obj
 .text.LL_ADC_IsActiveFlag_ADRDY
                0x080038c2       0x26 CMakeFiles/Firmware.dir/Core/Src/main.c.obj
 .text.LL_ADC_IsActiveFlag_EOC
                0x080038e8       0x26 CMakeFiles/Firmware.dir/Core/Src/main.c.obj
 .text.LL_ADC_ClearFlag_EOC
                0x0800390e       0x1a CMakeFiles/Firmware.dir/Core/Src/main.c.obj
 .text.LL_HRTIM_EnableOutput
                0x08003928       0x2a CMakeFiles/Firmware.dir/Core/Src/main.c.obj
 .text.LL_HRTIM_TIM_CounterEnable
                0x08003952       0x22 CMakeFiles/Firmware.dir/Core/Src/main.c.obj
 .text.LL_HRTIM_TIM_SetCompare1
                0x08003974       0x68 CMakeFiles/Firmware.dir/Core/Src/main.c.obj
 .text.LL_HRTIM_TIM_SetCompare2
                0x080039dc       0x68 CMakeFiles/Firmware.dir/Core/Src/main.c.obj
 .text.LL_HRTIM_TIM_SetCompare3
                0x08003a44       0x68 CMakeFiles/Firmware.dir/Core/Src/main.c.obj
 .text.LL_HRTIM_TIM_SetCompare4
                0x08003aac       0x68 CMakeFiles/Firmware.dir/Core/Src/main.c.obj
 .text.LL_RCC_HSI_Enable
                0x08003b14       0x20 CMakeFiles/Firmware.dir/Core/Src/main.c.obj
 .text.LL_RCC_HSI_IsReady
                0x08003b34       0x28 CMakeFiles/Firmware.dir/Core/Src/main.c.obj
 .text.LL_RCC_HSI_SetCalibTrimming
                0x08003b5c       0x2c CMakeFiles/Firmware.dir/Core/Src/main.c.obj
 .text.LL_RCC_SetSysClkSource
                0x08003b88       0x28 CMakeFiles/Firmware.dir/Core/Src/main.c.obj
 .text.LL_RCC_GetSysClkSource
                0x08003bb0       0x1c CMakeFiles/Firmware.dir/Core/Src/main.c.obj
 .text.LL_RCC_SetAHBPrescaler
                0x08003bcc       0x28 CMakeFiles/Firmware.dir/Core/Src/main.c.obj
 .text.LL_RCC_SetAPB1Prescaler
                0x08003bf4       0x28 CMakeFiles/Firmware.dir/Core/Src/main.c.obj
 .text.LL_RCC_SetAPB2Prescaler
                0x08003c1c       0x28 CMakeFiles/Firmware.dir/Core/Src/main.c.obj
 .text.LL_RCC_PLL_Enable
                0x08003c44       0x20 CMakeFiles/Firmware.dir/Core/Src/main.c.obj
 .text.LL_RCC_PLL_IsReady
                0x08003c64       0x28 CMakeFiles/Firmware.dir/Core/Src/main.c.obj
 .text.LL_RCC_PLL_ConfigDomain_SYS
                0x08003c8c       0x40 CMakeFiles/Firmware.dir/Core/Src/main.c.obj
 .text.LL_RCC_PLL_EnableDomain_SYS
                0x08003ccc       0x20 CMakeFiles/Firmware.dir/Core/Src/main.c.obj
 .text.LL_FLASH_SetLatency
                0x08003cec       0x28 CMakeFiles/Firmware.dir/Core/Src/main.c.obj
 .text.LL_FLASH_GetLatency
                0x08003d14       0x1c CMakeFiles/Firmware.dir/Core/Src/main.c.obj
 .text.LL_PWR_EnableRange1BoostMode
                0x08003d30       0x24 CMakeFiles/Firmware.dir/Core/Src/main.c.obj
 .text.LL_TIM_EnableCounter
                0x08003d54       0x20 CMakeFiles/Firmware.dir/Core/Src/main.c.obj
 .text.LL_GPIO_SetOutputPin
                0x08003d74       0x1c CMakeFiles/Firmware.dir/Core/Src/main.c.obj
 .text.LL_GPIO_ResetOutputPin
                0x08003d90       0x1c CMakeFiles/Firmware.dir/Core/Src/main.c.obj
 *fill*         0x08003dac        0x4 
 .text.main     0x08003db0      0x568 CMakeFiles/Firmware.dir/Core/Src/main.c.obj
                0x08003db0                main
 .text.SystemClock_Config
                0x08004318       0xb0 CMakeFiles/Firmware.dir/Core/Src/main.c.obj
                0x08004318                SystemClock_Config
 .text.writePwm
                0x080043c8       0xf0 CMakeFiles/Firmware.dir/Core/Src/main.c.obj
                0x080043c8                writePwm
 .text.Read_ADC1_Channel
                0x080044b8       0x4c CMakeFiles/Firmware.dir/Core/Src/main.c.obj
                0x080044b8                Read_ADC1_Channel
 .text.print_CANBus
                0x08004504       0xc8 CMakeFiles/Firmware.dir/Core/Src/main.c.obj
                0x08004504                print_CANBus
 .text.Error_Handler
                0x080045cc        0xc CMakeFiles/Firmware.dir/Core/Src/main.c.obj
                0x080045cc                Error_Handler
 .text.LL_AHB2_GRP1_EnableClock
                0x080045d8       0x30 CMakeFiles/Firmware.dir/Core/Src/gpio.c.obj
 .text.LL_GPIO_ResetOutputPin
                0x08004608       0x1c CMakeFiles/Firmware.dir/Core/Src/gpio.c.obj
 .text.MX_GPIO_Init
                0x08004624      0x20c CMakeFiles/Firmware.dir/Core/Src/gpio.c.obj
                0x08004624                MX_GPIO_Init
 .text.LL_ADC_SetGainCompensation
                0x08004830       0x4a CMakeFiles/Firmware.dir/Core/Src/adc.c.obj
 .text.LL_ADC_REG_SetSequencerRanks
                0x0800487a       0x58 CMakeFiles/Firmware.dir/Core/Src/adc.c.obj
 .text.LL_ADC_SetChannelSamplingTime
                0x080048d2       0x56 CMakeFiles/Firmware.dir/Core/Src/adc.c.obj
 .text.LL_ADC_SetChannelSingleDiff
                0x08004928       0x48 CMakeFiles/Firmware.dir/Core/Src/adc.c.obj
 .text.LL_ADC_SetOverSamplingScope
                0x08004970       0x2a CMakeFiles/Firmware.dir/Core/Src/adc.c.obj
 .text.LL_ADC_DisableDeepPowerDown
                0x0800499a       0x24 CMakeFiles/Firmware.dir/Core/Src/adc.c.obj
 .text.LL_ADC_EnableInternalRegulator
                0x080049be       0x28 CMakeFiles/Firmware.dir/Core/Src/adc.c.obj
 *fill*         0x080049e6        0x2 
 .text.LL_RCC_SetADCClockSource
                0x080049e8       0x48 CMakeFiles/Firmware.dir/Core/Src/adc.c.obj
 .text.LL_AHB2_GRP1_EnableClock
                0x08004a30       0x30 CMakeFiles/Firmware.dir/Core/Src/adc.c.obj
 .text.MX_ADC1_Init
                0x08004a60      0x1dc CMakeFiles/Firmware.dir/Core/Src/adc.c.obj
                0x08004a60                MX_ADC1_Init
 .text.MX_ADC2_Init
                0x08004c3c      0x1e8 CMakeFiles/Firmware.dir/Core/Src/adc.c.obj
                0x08004c3c                MX_ADC2_Init
 .text.MX_ADC3_Init
                0x08004e24      0x180 CMakeFiles/Firmware.dir/Core/Src/adc.c.obj
                0x08004e24                MX_ADC3_Init
 .text.MX_ADC4_Init
                0x08004fa4      0x12c CMakeFiles/Firmware.dir/Core/Src/adc.c.obj
                0x08004fa4                MX_ADC4_Init
 .text.LL_RCC_SetFDCANClockSource
                0x080050d0       0x2c CMakeFiles/Firmware.dir/Core/Src/fdcan.c.obj
 .text.MX_FDCAN1_Init
                0x080050fc       0x90 CMakeFiles/Firmware.dir/Core/Src/fdcan.c.obj
                0x080050fc                MX_FDCAN1_Init
 .text.MX_FDCAN2_Init
                0x0800518c       0x8c CMakeFiles/Firmware.dir/Core/Src/fdcan.c.obj
                0x0800518c                MX_FDCAN2_Init
 .text.HAL_FDCAN_MspInit
                0x08005218      0x144 CMakeFiles/Firmware.dir/Core/Src/fdcan.c.obj
                0x08005218                HAL_FDCAN_MspInit
 .text.LL_HRTIM_ForceUpdate
                0x0800535c       0x2c CMakeFiles/Firmware.dir/Core/Src/hrtim.c.obj
 .text.LL_HRTIM_ConfigDLLCalibration
                0x08005388       0x30 CMakeFiles/Firmware.dir/Core/Src/hrtim.c.obj
 .text.LL_HRTIM_TIM_SetPrescaler
                0x080053b8       0x64 CMakeFiles/Firmware.dir/Core/Src/hrtim.c.obj
 .text.LL_HRTIM_TIM_SetCounterMode
                0x0800541c       0x64 CMakeFiles/Firmware.dir/Core/Src/hrtim.c.obj
 .text.LL_HRTIM_TIM_DisableHalfMode
                0x08005480       0x7c CMakeFiles/Firmware.dir/Core/Src/hrtim.c.obj
 .text.LL_HRTIM_TIM_DisableResyncUpdate
                0x080054fc       0x60 CMakeFiles/Firmware.dir/Core/Src/hrtim.c.obj
 .text.LL_HRTIM_TIM_SetInterleavedMode
                0x0800555c       0x88 CMakeFiles/Firmware.dir/Core/Src/hrtim.c.obj
 .text.LL_HRTIM_TIM_DisableStartOnSync
                0x080055e4       0x60 CMakeFiles/Firmware.dir/Core/Src/hrtim.c.obj
 .text.LL_HRTIM_TIM_DisableResetOnSync
                0x08005644       0x60 CMakeFiles/Firmware.dir/Core/Src/hrtim.c.obj
 .text.LL_HRTIM_TIM_SetDACTrig
                0x080056a4       0x64 CMakeFiles/Firmware.dir/Core/Src/hrtim.c.obj
 .text.LL_HRTIM_TIM_DisablePreload
                0x08005708       0x60 CMakeFiles/Firmware.dir/Core/Src/hrtim.c.obj
 .text.LL_HRTIM_TIM_SetUpdateTrig
                0x08005768       0x80 CMakeFiles/Firmware.dir/Core/Src/hrtim.c.obj
 .text.LL_HRTIM_TIM_SetUpdateGating
                0x080057e8       0x80 CMakeFiles/Firmware.dir/Core/Src/hrtim.c.obj
 .text.LL_HRTIM_TIM_DisablePushPullMode
                0x08005868       0x60 CMakeFiles/Firmware.dir/Core/Src/hrtim.c.obj
 .text.LL_HRTIM_TIM_SetCompareMode
                0x080058c8       0xc8 CMakeFiles/Firmware.dir/Core/Src/hrtim.c.obj
 .text.LL_HRTIM_TIM_SetPeriod
                0x08005990       0x68 CMakeFiles/Firmware.dir/Core/Src/hrtim.c.obj
 .text.LL_HRTIM_TIM_SetRepetition
                0x080059f8       0x68 CMakeFiles/Firmware.dir/Core/Src/hrtim.c.obj
 .text.LL_HRTIM_TIM_SetCompare1
                0x08005a60       0x68 CMakeFiles/Firmware.dir/Core/Src/hrtim.c.obj
 .text.LL_HRTIM_TIM_SetCompare2
                0x08005ac8       0x68 CMakeFiles/Firmware.dir/Core/Src/hrtim.c.obj
 .text.LL_HRTIM_TIM_SetCompare3
                0x08005b30       0x68 CMakeFiles/Firmware.dir/Core/Src/hrtim.c.obj
 .text.LL_HRTIM_TIM_SetCompare4
                0x08005b98       0x68 CMakeFiles/Firmware.dir/Core/Src/hrtim.c.obj
 .text.LL_HRTIM_TIM_SetResetTrig
                0x08005c00       0x5c CMakeFiles/Firmware.dir/Core/Src/hrtim.c.obj
 .text.LL_HRTIM_TIM_DisableDeadTime
                0x08005c5c       0x60 CMakeFiles/Firmware.dir/Core/Src/hrtim.c.obj
 .text.LL_HRTIM_TIM_EnableDLYPRT
                0x08005cbc       0x60 CMakeFiles/Firmware.dir/Core/Src/hrtim.c.obj
 .text.LL_HRTIM_TIM_SetBurstModeOption
                0x08005d1c       0x60 CMakeFiles/Firmware.dir/Core/Src/hrtim.c.obj
 .text.LL_HRTIM_TIM_SetTriggeredHalfMode
                0x08005d7c       0x8c CMakeFiles/Firmware.dir/Core/Src/hrtim.c.obj
 .text.LL_HRTIM_TIM_SetComp1Mode
                0x08005e08       0x8c CMakeFiles/Firmware.dir/Core/Src/hrtim.c.obj
 .text.LL_HRTIM_TIM_SetComp3Mode
                0x08005e94       0x8c CMakeFiles/Firmware.dir/Core/Src/hrtim.c.obj
 .text.LL_HRTIM_TIM_SetCountingMode
                0x08005f20       0x8c CMakeFiles/Firmware.dir/Core/Src/hrtim.c.obj
 .text.LL_HRTIM_OUT_SetOutputSetSrc
                0x08005fac       0x80 CMakeFiles/Firmware.dir/Core/Src/hrtim.c.obj
 .text.LL_HRTIM_OUT_SetOutputResetSrc
                0x0800602c       0x80 CMakeFiles/Firmware.dir/Core/Src/hrtim.c.obj
 .text.LL_HRTIM_OUT_SetPolarity
                0x080060ac       0xa8 CMakeFiles/Firmware.dir/Core/Src/hrtim.c.obj
 .text.LL_HRTIM_OUT_SetIdleMode
                0x08006154       0xa8 CMakeFiles/Firmware.dir/Core/Src/hrtim.c.obj
 .text.LL_HRTIM_OUT_SetIdleLevel
                0x080061fc       0xa8 CMakeFiles/Firmware.dir/Core/Src/hrtim.c.obj
 .text.LL_HRTIM_OUT_SetFaultState
                0x080062a4       0xa8 CMakeFiles/Firmware.dir/Core/Src/hrtim.c.obj
 .text.LL_HRTIM_OUT_SetChopperMode
                0x0800634c       0xa8 CMakeFiles/Firmware.dir/Core/Src/hrtim.c.obj
 .text.LL_HRTIM_IsActiveFlag_DLLRDY
                0x080063f4       0x2a CMakeFiles/Firmware.dir/Core/Src/hrtim.c.obj
 *fill*         0x0800641e        0x2 
 .text.LL_AHB2_GRP1_EnableClock
                0x08006420       0x30 CMakeFiles/Firmware.dir/Core/Src/hrtim.c.obj
 .text.LL_APB2_GRP1_EnableClock
                0x08006450       0x30 CMakeFiles/Firmware.dir/Core/Src/hrtim.c.obj
 .text.MX_HRTIM1_Init
                0x08006480      0x7d8 CMakeFiles/Firmware.dir/Core/Src/hrtim.c.obj
                0x08006480                MX_HRTIM1_Init
 .text.MX_SPI3_Init
                0x08006c58       0x7c CMakeFiles/Firmware.dir/Core/Src/spi.c.obj
                0x08006c58                MX_SPI3_Init
 .text.HAL_SPI_MspInit
                0x08006cd4       0x88 CMakeFiles/Firmware.dir/Core/Src/spi.c.obj
                0x08006cd4                HAL_SPI_MspInit
 .text.LL_APB1_GRP1_EnableClock
                0x08006d5c       0x30 CMakeFiles/Firmware.dir/Core/Src/tim.c.obj
 .text.LL_TIM_EnableARRPreload
                0x08006d8c       0x20 CMakeFiles/Firmware.dir/Core/Src/tim.c.obj
 .text.LL_TIM_SetClockSource
                0x08006dac       0x2a CMakeFiles/Firmware.dir/Core/Src/tim.c.obj
 .text.LL_TIM_SetTriggerOutput
                0x08006dd6       0x2a CMakeFiles/Firmware.dir/Core/Src/tim.c.obj
 .text.LL_TIM_DisableMasterSlaveMode
                0x08006e00       0x20 CMakeFiles/Firmware.dir/Core/Src/tim.c.obj
 .text.MX_TIM2_Init
                0x08006e20       0x64 CMakeFiles/Firmware.dir/Core/Src/tim.c.obj
                0x08006e20                MX_TIM2_Init
 .text.LL_RCC_SetUSARTClockSource
                0x08006e84       0x34 CMakeFiles/Firmware.dir/Core/Src/usart.c.obj
 .text.LL_AHB2_GRP1_EnableClock
                0x08006eb8       0x30 CMakeFiles/Firmware.dir/Core/Src/usart.c.obj
 .text.LL_APB1_GRP1_EnableClock
                0x08006ee8       0x30 CMakeFiles/Firmware.dir/Core/Src/usart.c.obj
 .text.LL_USART_Enable
                0x08006f18       0x20 CMakeFiles/Firmware.dir/Core/Src/usart.c.obj
 .text.LL_USART_DisableFIFO
                0x08006f38       0x20 CMakeFiles/Firmware.dir/Core/Src/usart.c.obj
 .text.LL_USART_SetTXFIFOThreshold
                0x08006f58       0x4e CMakeFiles/Firmware.dir/Core/Src/usart.c.obj
 .text.LL_USART_SetRXFIFOThreshold
                0x08006fa6       0x4e CMakeFiles/Firmware.dir/Core/Src/usart.c.obj
 .text.LL_USART_ConfigAsyncMode
                0x08006ff4       0x2c CMakeFiles/Firmware.dir/Core/Src/usart.c.obj
 .text.LL_USART_IsActiveFlag_TEACK
                0x08007020       0x28 CMakeFiles/Firmware.dir/Core/Src/usart.c.obj
 .text.LL_USART_IsActiveFlag_REACK
                0x08007048       0x28 CMakeFiles/Firmware.dir/Core/Src/usart.c.obj
 .text.MX_USART3_UART_Init
                0x08007070      0x100 CMakeFiles/Firmware.dir/Core/Src/usart.c.obj
                0x08007070                MX_USART3_UART_Init
 .text.NMI_Handler
                0x08007170        0x8 CMakeFiles/Firmware.dir/Core/Src/stm32g4xx_it.c.obj
                0x08007170                NMI_Handler
 .text.HardFault_Handler
                0x08007178        0x8 CMakeFiles/Firmware.dir/Core/Src/stm32g4xx_it.c.obj
                0x08007178                HardFault_Handler
 .text.MemManage_Handler
                0x08007180        0x8 CMakeFiles/Firmware.dir/Core/Src/stm32g4xx_it.c.obj
                0x08007180                MemManage_Handler
 .text.BusFault_Handler
                0x08007188        0x8 CMakeFiles/Firmware.dir/Core/Src/stm32g4xx_it.c.obj
                0x08007188                BusFault_Handler
 .text.UsageFault_Handler
                0x08007190        0x8 CMakeFiles/Firmware.dir/Core/Src/stm32g4xx_it.c.obj
                0x08007190                UsageFault_Handler
 .text.SVC_Handler
                0x08007198        0xe CMakeFiles/Firmware.dir/Core/Src/stm32g4xx_it.c.obj
                0x08007198                SVC_Handler
 .text.DebugMon_Handler
                0x080071a6        0xe CMakeFiles/Firmware.dir/Core/Src/stm32g4xx_it.c.obj
                0x080071a6                DebugMon_Handler
 .text.PendSV_Handler
                0x080071b4        0xe CMakeFiles/Firmware.dir/Core/Src/stm32g4xx_it.c.obj
                0x080071b4                PendSV_Handler
 .text.SysTick_Handler
                0x080071c2        0xc CMakeFiles/Firmware.dir/Core/Src/stm32g4xx_it.c.obj
                0x080071c2                SysTick_Handler
 *fill*         0x080071ce        0x2 
 .text.FDCAN1_IT0_IRQHandler
                0x080071d0       0x14 CMakeFiles/Firmware.dir/Core/Src/stm32g4xx_it.c.obj
                0x080071d0                FDCAN1_IT0_IRQHandler
 .text.FDCAN2_IT0_IRQHandler
                0x080071e4       0x14 CMakeFiles/Firmware.dir/Core/Src/stm32g4xx_it.c.obj
                0x080071e4                FDCAN2_IT0_IRQHandler
 .text.HAL_MspInit
                0x080071f8       0x58 CMakeFiles/Firmware.dir/Core/Src/stm32g4xx_hal_msp.c.obj
                0x080071f8                HAL_MspInit
 .text.LL_mDelay
                0x08007250       0x50 CMakeFiles/Firmware.dir/Drivers/STM32G4xx_HAL_Driver/Src/stm32g4xx_ll_utils.c.obj
                0x08007250                LL_mDelay
 .text.LL_SetSystemCoreClock
                0x080072a0       0x20 CMakeFiles/Firmware.dir/Drivers/STM32G4xx_HAL_Driver/Src/stm32g4xx_ll_utils.c.obj
                0x080072a0                LL_SetSystemCoreClock
 .text.LL_GPIO_SetPinMode
                0x080072c0       0x7a CMakeFiles/Firmware.dir/Drivers/STM32G4xx_HAL_Driver/Src/stm32g4xx_ll_gpio.c.obj
 .text.LL_GPIO_SetPinOutputType
                0x0800733a       0x30 CMakeFiles/Firmware.dir/Drivers/STM32G4xx_HAL_Driver/Src/stm32g4xx_ll_gpio.c.obj
 .text.LL_GPIO_SetPinSpeed
                0x0800736a       0x7a CMakeFiles/Firmware.dir/Drivers/STM32G4xx_HAL_Driver/Src/stm32g4xx_ll_gpio.c.obj
 .text.LL_GPIO_SetPinPull
                0x080073e4       0x7a CMakeFiles/Firmware.dir/Drivers/STM32G4xx_HAL_Driver/Src/stm32g4xx_ll_gpio.c.obj
 .text.LL_GPIO_SetAFPin_0_7
                0x0800745e       0x7a CMakeFiles/Firmware.dir/Drivers/STM32G4xx_HAL_Driver/Src/stm32g4xx_ll_gpio.c.obj
 .text.LL_GPIO_SetAFPin_8_15
                0x080074d8       0x7e CMakeFiles/Firmware.dir/Drivers/STM32G4xx_HAL_Driver/Src/stm32g4xx_ll_gpio.c.obj
 .text.LL_GPIO_Init
                0x08007556       0xdc CMakeFiles/Firmware.dir/Drivers/STM32G4xx_HAL_Driver/Src/stm32g4xx_ll_gpio.c.obj
                0x08007556                LL_GPIO_Init
 .text.LL_ADC_REG_SetSequencerLength
                0x08007632       0x26 CMakeFiles/Firmware.dir/Drivers/STM32G4xx_HAL_Driver/Src/stm32g4xx_ll_adc.c.obj
 .text.LL_ADC_IsEnabled
                0x08007658       0x26 CMakeFiles/Firmware.dir/Drivers/STM32G4xx_HAL_Driver/Src/stm32g4xx_ll_adc.c.obj
 *fill*         0x0800767e        0x2 
 .text.LL_ADC_CommonInit
                0x08007680       0xc8 CMakeFiles/Firmware.dir/Drivers/STM32G4xx_HAL_Driver/Src/stm32g4xx_ll_adc.c.obj
                0x08007680                LL_ADC_CommonInit
 .text.LL_ADC_Init
                0x08007748       0x4c CMakeFiles/Firmware.dir/Drivers/STM32G4xx_HAL_Driver/Src/stm32g4xx_ll_adc.c.obj
                0x08007748                LL_ADC_Init
 .text.LL_ADC_REG_Init
                0x08007794       0x94 CMakeFiles/Firmware.dir/Drivers/STM32G4xx_HAL_Driver/Src/stm32g4xx_ll_adc.c.obj
                0x08007794                LL_ADC_REG_Init
 .text.HAL_Init
                0x08007828       0x30 CMakeFiles/Firmware.dir/Drivers/STM32G4xx_HAL_Driver/Src/stm32g4xx_hal.c.obj
                0x08007828                HAL_Init
 .text.HAL_InitTick
                0x08007858       0x74 CMakeFiles/Firmware.dir/Drivers/STM32G4xx_HAL_Driver/Src/stm32g4xx_hal.c.obj
                0x08007858                HAL_InitTick
 .text.HAL_IncTick
                0x080078cc       0x24 CMakeFiles/Firmware.dir/Drivers/STM32G4xx_HAL_Driver/Src/stm32g4xx_hal.c.obj
                0x080078cc                HAL_IncTick
 .text.HAL_GetTick
                0x080078f0       0x18 CMakeFiles/Firmware.dir/Drivers/STM32G4xx_HAL_Driver/Src/stm32g4xx_hal.c.obj
                0x080078f0                HAL_GetTick
 .text.HAL_SYSCFG_VREFBUF_VoltageScalingConfig
                0x08007908       0x28 CMakeFiles/Firmware.dir/Drivers/STM32G4xx_HAL_Driver/Src/stm32g4xx_hal.c.obj
                0x08007908                HAL_SYSCFG_VREFBUF_VoltageScalingConfig
 .text.HAL_SYSCFG_VREFBUF_HighImpedanceConfig
                0x08007930       0x28 CMakeFiles/Firmware.dir/Drivers/STM32G4xx_HAL_Driver/Src/stm32g4xx_hal.c.obj
                0x08007930                HAL_SYSCFG_VREFBUF_HighImpedanceConfig
 .text.HAL_SYSCFG_EnableVREFBUF
                0x08007958       0x48 CMakeFiles/Firmware.dir/Drivers/STM32G4xx_HAL_Driver/Src/stm32g4xx_hal.c.obj
                0x08007958                HAL_SYSCFG_EnableVREFBUF
 .text.HAL_GPIO_Init
                0x080079a0      0x304 CMakeFiles/Firmware.dir/Drivers/STM32G4xx_HAL_Driver/Src/stm32g4xx_hal_gpio.c.obj
                0x080079a0                HAL_GPIO_Init
 .text.HAL_PWREx_DisableUCPDDeadBattery
                0x08007ca4       0x20 CMakeFiles/Firmware.dir/Drivers/STM32G4xx_HAL_Driver/Src/stm32g4xx_hal_pwr_ex.c.obj
                0x08007ca4                HAL_PWREx_DisableUCPDDeadBattery
 .text.__NVIC_SetPriorityGrouping
                0x08007cc4       0x48 CMakeFiles/Firmware.dir/Drivers/STM32G4xx_HAL_Driver/Src/stm32g4xx_hal_cortex.c.obj
 .text.__NVIC_GetPriorityGrouping
                0x08007d0c       0x1c CMakeFiles/Firmware.dir/Drivers/STM32G4xx_HAL_Driver/Src/stm32g4xx_hal_cortex.c.obj
 .text.__NVIC_EnableIRQ
                0x08007d28       0x3c CMakeFiles/Firmware.dir/Drivers/STM32G4xx_HAL_Driver/Src/stm32g4xx_hal_cortex.c.obj
 .text.__NVIC_SetPriority
                0x08007d64       0x54 CMakeFiles/Firmware.dir/Drivers/STM32G4xx_HAL_Driver/Src/stm32g4xx_hal_cortex.c.obj
 .text.NVIC_EncodePriority
                0x08007db8       0x66 CMakeFiles/Firmware.dir/Drivers/STM32G4xx_HAL_Driver/Src/stm32g4xx_hal_cortex.c.obj
 *fill*         0x08007e1e        0x2 
 .text.SysTick_Config
                0x08007e20       0x44 CMakeFiles/Firmware.dir/Drivers/STM32G4xx_HAL_Driver/Src/stm32g4xx_hal_cortex.c.obj
 .text.HAL_NVIC_SetPriorityGrouping
                0x08007e64       0x16 CMakeFiles/Firmware.dir/Drivers/STM32G4xx_HAL_Driver/Src/stm32g4xx_hal_cortex.c.obj
                0x08007e64                HAL_NVIC_SetPriorityGrouping
 .text.HAL_NVIC_SetPriority
                0x08007e7a       0x34 CMakeFiles/Firmware.dir/Drivers/STM32G4xx_HAL_Driver/Src/stm32g4xx_hal_cortex.c.obj
                0x08007e7a                HAL_NVIC_SetPriority
 .text.HAL_NVIC_EnableIRQ
                0x08007eae       0x1c CMakeFiles/Firmware.dir/Drivers/STM32G4xx_HAL_Driver/Src/stm32g4xx_hal_cortex.c.obj
                0x08007eae                HAL_NVIC_EnableIRQ
 .text.HAL_SYSTICK_Config
                0x08007eca       0x18 CMakeFiles/Firmware.dir/Drivers/STM32G4xx_HAL_Driver/Src/stm32g4xx_hal_cortex.c.obj
                0x08007eca                HAL_SYSTICK_Config
 *fill*         0x08007ee2        0x2 
 .text.HAL_FDCAN_Init
                0x08007ee4      0x2b4 CMakeFiles/Firmware.dir/Drivers/STM32G4xx_HAL_Driver/Src/stm32g4xx_hal_fdcan.c.obj
                0x08007ee4                HAL_FDCAN_Init
 .text.HAL_FDCAN_Start
                0x08008198       0x50 CMakeFiles/Firmware.dir/Drivers/STM32G4xx_HAL_Driver/Src/stm32g4xx_hal_fdcan.c.obj
                0x08008198                HAL_FDCAN_Start
 .text.HAL_FDCAN_AddMessageToTxFifoQ
                0x080081e8       0x88 CMakeFiles/Firmware.dir/Drivers/STM32G4xx_HAL_Driver/Src/stm32g4xx_hal_fdcan.c.obj
                0x080081e8                HAL_FDCAN_AddMessageToTxFifoQ
 .text.HAL_FDCAN_IRQHandler
                0x08008270      0x266 CMakeFiles/Firmware.dir/Drivers/STM32G4xx_HAL_Driver/Src/stm32g4xx_hal_fdcan.c.obj
                0x08008270                HAL_FDCAN_IRQHandler
 .text.HAL_FDCAN_TxEventFifoCallback
                0x080084d6       0x16 CMakeFiles/Firmware.dir/Drivers/STM32G4xx_HAL_Driver/Src/stm32g4xx_hal_fdcan.c.obj
                0x080084d6                HAL_FDCAN_TxEventFifoCallback
 .text.HAL_FDCAN_RxFifo0Callback
                0x080084ec       0x16 CMakeFiles/Firmware.dir/Drivers/STM32G4xx_HAL_Driver/Src/stm32g4xx_hal_fdcan.c.obj
                0x080084ec                HAL_FDCAN_RxFifo0Callback
 .text.HAL_FDCAN_RxFifo1Callback
                0x08008502       0x16 CMakeFiles/Firmware.dir/Drivers/STM32G4xx_HAL_Driver/Src/stm32g4xx_hal_fdcan.c.obj
                0x08008502                HAL_FDCAN_RxFifo1Callback
 .text.HAL_FDCAN_TxFifoEmptyCallback
                0x08008518       0x14 CMakeFiles/Firmware.dir/Drivers/STM32G4xx_HAL_Driver/Src/stm32g4xx_hal_fdcan.c.obj
                0x08008518                HAL_FDCAN_TxFifoEmptyCallback
 .text.HAL_FDCAN_TxBufferCompleteCallback
                0x0800852c       0x16 CMakeFiles/Firmware.dir/Drivers/STM32G4xx_HAL_Driver/Src/stm32g4xx_hal_fdcan.c.obj
                0x0800852c                HAL_FDCAN_TxBufferCompleteCallback
 .text.HAL_FDCAN_TxBufferAbortCallback
                0x08008542       0x16 CMakeFiles/Firmware.dir/Drivers/STM32G4xx_HAL_Driver/Src/stm32g4xx_hal_fdcan.c.obj
                0x08008542                HAL_FDCAN_TxBufferAbortCallback
 .text.HAL_FDCAN_TimestampWraparoundCallback
                0x08008558       0x14 CMakeFiles/Firmware.dir/Drivers/STM32G4xx_HAL_Driver/Src/stm32g4xx_hal_fdcan.c.obj
                0x08008558                HAL_FDCAN_TimestampWraparoundCallback
 .text.HAL_FDCAN_TimeoutOccurredCallback
                0x0800856c       0x14 CMakeFiles/Firmware.dir/Drivers/STM32G4xx_HAL_Driver/Src/stm32g4xx_hal_fdcan.c.obj
                0x0800856c                HAL_FDCAN_TimeoutOccurredCallback
 .text.HAL_FDCAN_HighPriorityMessageCallback
                0x08008580       0x14 CMakeFiles/Firmware.dir/Drivers/STM32G4xx_HAL_Driver/Src/stm32g4xx_hal_fdcan.c.obj
                0x08008580                HAL_FDCAN_HighPriorityMessageCallback
 .text.HAL_FDCAN_ErrorCallback
                0x08008594       0x14 CMakeFiles/Firmware.dir/Drivers/STM32G4xx_HAL_Driver/Src/stm32g4xx_hal_fdcan.c.obj
                0x08008594                HAL_FDCAN_ErrorCallback
 .text.HAL_FDCAN_ErrorStatusCallback
                0x080085a8       0x16 CMakeFiles/Firmware.dir/Drivers/STM32G4xx_HAL_Driver/Src/stm32g4xx_hal_fdcan.c.obj
                0x080085a8                HAL_FDCAN_ErrorStatusCallback
 *fill*         0x080085be        0x2 
 .text.FDCAN_CalcultateRamBlockAddresses
                0x080085c0       0xd8 CMakeFiles/Firmware.dir/Drivers/STM32G4xx_HAL_Driver/Src/stm32g4xx_hal_fdcan.c.obj
 .text.FDCAN_CopyMessageToRAM
                0x08008698       0xf8 CMakeFiles/Firmware.dir/Drivers/STM32G4xx_HAL_Driver/Src/stm32g4xx_hal_fdcan.c.obj
 .text.HAL_SPI_Init
                0x08008790      0x156 CMakeFiles/Firmware.dir/Drivers/STM32G4xx_HAL_Driver/Src/stm32g4xx_hal_spi.c.obj
                0x08008790                HAL_SPI_Init
 .text.HAL_SPI_TransmitReceive
                0x080088e6      0x43e CMakeFiles/Firmware.dir/Drivers/STM32G4xx_HAL_Driver/Src/stm32g4xx_hal_spi.c.obj
                0x080088e6                HAL_SPI_TransmitReceive
 .text.SPI_WaitFlagStateUntilTimeout
                0x08008d24      0x110 CMakeFiles/Firmware.dir/Drivers/STM32G4xx_HAL_Driver/Src/stm32g4xx_hal_spi.c.obj
 .text.SPI_WaitFifoStateUntilTimeout
                0x08008e34      0x12c CMakeFiles/Firmware.dir/Drivers/STM32G4xx_HAL_Driver/Src/stm32g4xx_hal_spi.c.obj
 .text.SPI_EndRxTxTransaction
                0x08008f60       0x8c CMakeFiles/Firmware.dir/Drivers/STM32G4xx_HAL_Driver/Src/stm32g4xx_hal_spi.c.obj
 .text.LL_TIM_SetPrescaler
                0x08008fec       0x1c CMakeFiles/Firmware.dir/Drivers/STM32G4xx_HAL_Driver/Src/stm32g4xx_ll_tim.c.obj
 .text.LL_TIM_SetAutoReload
                0x08009008       0x1c CMakeFiles/Firmware.dir/Drivers/STM32G4xx_HAL_Driver/Src/stm32g4xx_ll_tim.c.obj
 .text.LL_TIM_SetRepetitionCounter
                0x08009024       0x1c CMakeFiles/Firmware.dir/Drivers/STM32G4xx_HAL_Driver/Src/stm32g4xx_ll_tim.c.obj
 .text.LL_TIM_GenerateEvent_UPDATE
                0x08009040       0x20 CMakeFiles/Firmware.dir/Drivers/STM32G4xx_HAL_Driver/Src/stm32g4xx_ll_tim.c.obj
 .text.LL_TIM_Init
                0x08009060      0x144 CMakeFiles/Firmware.dir/Drivers/STM32G4xx_HAL_Driver/Src/stm32g4xx_ll_tim.c.obj
                0x08009060                LL_TIM_Init
 .text.LL_USART_IsEnabled
                0x080091a4       0x26 CMakeFiles/Firmware.dir/Drivers/STM32G4xx_HAL_Driver/Src/stm32g4xx_ll_usart.c.obj
 .text.LL_USART_SetPrescaler
                0x080091ca       0x28 CMakeFiles/Firmware.dir/Drivers/STM32G4xx_HAL_Driver/Src/stm32g4xx_ll_usart.c.obj
 .text.LL_USART_SetStopBitsLength
                0x080091f2       0x26 CMakeFiles/Firmware.dir/Drivers/STM32G4xx_HAL_Driver/Src/stm32g4xx_ll_usart.c.obj
 .text.LL_USART_SetHWFlowCtrl
                0x08009218       0x26 CMakeFiles/Firmware.dir/Drivers/STM32G4xx_HAL_Driver/Src/stm32g4xx_ll_usart.c.obj
 *fill*         0x0800923e        0x2 
 .text.LL_USART_SetBaudRate
                0x08009240       0xa0 CMakeFiles/Firmware.dir/Drivers/STM32G4xx_HAL_Driver/Src/stm32g4xx_ll_usart.c.obj
 .text.LL_USART_Init
                0x080092e0      0x10c CMakeFiles/Firmware.dir/Drivers/STM32G4xx_HAL_Driver/Src/stm32g4xx_ll_usart.c.obj
                0x080092e0                LL_USART_Init
 .text.LL_RCC_HSI_IsReady
                0x080093ec       0x28 CMakeFiles/Firmware.dir/Drivers/STM32G4xx_HAL_Driver/Src/stm32g4xx_ll_rcc.c.obj
 .text.LL_RCC_LSE_IsReady
                0x08009414       0x28 CMakeFiles/Firmware.dir/Drivers/STM32G4xx_HAL_Driver/Src/stm32g4xx_ll_rcc.c.obj
 .text.LL_RCC_GetSysClkSource
                0x0800943c       0x1c CMakeFiles/Firmware.dir/Drivers/STM32G4xx_HAL_Driver/Src/stm32g4xx_ll_rcc.c.obj
 .text.LL_RCC_GetAHBPrescaler
                0x08009458       0x1c CMakeFiles/Firmware.dir/Drivers/STM32G4xx_HAL_Driver/Src/stm32g4xx_ll_rcc.c.obj
 .text.LL_RCC_GetAPB1Prescaler
                0x08009474       0x1c CMakeFiles/Firmware.dir/Drivers/STM32G4xx_HAL_Driver/Src/stm32g4xx_ll_rcc.c.obj
 .text.LL_RCC_GetAPB2Prescaler
                0x08009490       0x1c CMakeFiles/Firmware.dir/Drivers/STM32G4xx_HAL_Driver/Src/stm32g4xx_ll_rcc.c.obj
 .text.LL_RCC_GetUSARTClockSource
                0x080094ac       0x28 CMakeFiles/Firmware.dir/Drivers/STM32G4xx_HAL_Driver/Src/stm32g4xx_ll_rcc.c.obj
 .text.LL_RCC_GetUARTClockSource
                0x080094d4       0x28 CMakeFiles/Firmware.dir/Drivers/STM32G4xx_HAL_Driver/Src/stm32g4xx_ll_rcc.c.obj
 .text.LL_RCC_PLL_GetMainSource
                0x080094fc       0x1c CMakeFiles/Firmware.dir/Drivers/STM32G4xx_HAL_Driver/Src/stm32g4xx_ll_rcc.c.obj
 .text.LL_RCC_PLL_GetN
                0x08009518       0x1c CMakeFiles/Firmware.dir/Drivers/STM32G4xx_HAL_Driver/Src/stm32g4xx_ll_rcc.c.obj
 .text.LL_RCC_PLL_GetR
                0x08009534       0x1c CMakeFiles/Firmware.dir/Drivers/STM32G4xx_HAL_Driver/Src/stm32g4xx_ll_rcc.c.obj
 .text.LL_RCC_PLL_GetDivider
                0x08009550       0x1c CMakeFiles/Firmware.dir/Drivers/STM32G4xx_HAL_Driver/Src/stm32g4xx_ll_rcc.c.obj
 .text.LL_RCC_GetUSARTClockFreq
                0x0800956c      0x188 CMakeFiles/Firmware.dir/Drivers/STM32G4xx_HAL_Driver/Src/stm32g4xx_ll_rcc.c.obj
                0x0800956c                LL_RCC_GetUSARTClockFreq
 .text.LL_RCC_GetUARTClockFreq
                0x080096f4      0x10c CMakeFiles/Firmware.dir/Drivers/STM32G4xx_HAL_Driver/Src/stm32g4xx_ll_rcc.c.obj
                0x080096f4                LL_RCC_GetUARTClockFreq
 .text.RCC_GetSystemClockFreq
                0x08009800       0x4c CMakeFiles/Firmware.dir/Drivers/STM32G4xx_HAL_Driver/Src/stm32g4xx_ll_rcc.c.obj
 .text.RCC_GetHCLKClockFreq
                0x0800984c       0x30 CMakeFiles/Firmware.dir/Drivers/STM32G4xx_HAL_Driver/Src/stm32g4xx_ll_rcc.c.obj
 .text.RCC_GetPCLK1ClockFreq
                0x0800987c       0x2c CMakeFiles/Firmware.dir/Drivers/STM32G4xx_HAL_Driver/Src/stm32g4xx_ll_rcc.c.obj
 .text.RCC_GetPCLK2ClockFreq
                0x080098a8       0x2c CMakeFiles/Firmware.dir/Drivers/STM32G4xx_HAL_Driver/Src/stm32g4xx_ll_rcc.c.obj
 .text.RCC_PLL_GetFreqDomain_SYS
                0x080098d4       0x68 CMakeFiles/Firmware.dir/Drivers/STM32G4xx_HAL_Driver/Src/stm32g4xx_ll_rcc.c.obj
 .text.SystemInit
                0x0800993c       0x2c CMakeFiles/Firmware.dir/Core/Src/system_stm32g4xx.c.obj
                0x0800993c                SystemInit
 .text._sbrk    0x08009968       0x6c CMakeFiles/Firmware.dir/Core/Src/sysmem.c.obj
                0x08009968                _sbrk
 .text._getpid  0x080099d4       0x10 CMakeFiles/Firmware.dir/Core/Src/syscalls.c.obj
                0x080099d4                _getpid
 .text._kill    0x080099e4       0x20 CMakeFiles/Firmware.dir/Core/Src/syscalls.c.obj
                0x080099e4                _kill
 .text._exit    0x08009a04       0x16 CMakeFiles/Firmware.dir/Core/Src/syscalls.c.obj
                0x08009a04                _exit
 .text._read    0x08009a1a       0x3a CMakeFiles/Firmware.dir/Core/Src/syscalls.c.obj
                0x08009a1a                _read
 .text._write   0x08009a54       0x38 CMakeFiles/Firmware.dir/Core/Src/syscalls.c.obj
                0x08009a54                _write
 .text._close   0x08009a8c       0x18 CMakeFiles/Firmware.dir/Core/Src/syscalls.c.obj
                0x08009a8c                _close
 .text._fstat   0x08009aa4       0x20 CMakeFiles/Firmware.dir/Core/Src/syscalls.c.obj
                0x08009aa4                _fstat
 .text._isatty  0x08009ac4       0x16 CMakeFiles/Firmware.dir/Core/Src/syscalls.c.obj
                0x08009ac4                _isatty
 .text._lseek   0x08009ada       0x1a CMakeFiles/Firmware.dir/Core/Src/syscalls.c.obj
                0x08009ada                _lseek
 .text.Reset_Handler
                0x08009af4       0x50 CMakeFiles/Firmware.dir/startup_stm32g474xx.s.obj
                0x08009af4                Reset_Handler
 .text.Default_Handler
                0x08009b44        0x2 CMakeFiles/Firmware.dir/startup_stm32g474xx.s.obj
                0x08009b44                RTC_Alarm_IRQHandler
                0x08009b44                EXTI2_IRQHandler
                0x08009b44                TIM8_TRG_COM_IRQHandler
                0x08009b44                TIM8_CC_IRQHandler
                0x08009b44                HRTIM1_Master_IRQHandler
                0x08009b44                SPI4_IRQHandler
                0x08009b44                FDCAN3_IT0_IRQHandler
                0x08009b44                TIM1_CC_IRQHandler
                0x08009b44                HRTIM1_FLT_IRQHandler
                0x08009b44                HRTIM1_TIMF_IRQHandler
                0x08009b44                USB_HP_IRQHandler
                0x08009b44                CORDIC_IRQHandler
                0x08009b44                HRTIM1_TIMD_IRQHandler
                0x08009b44                DMA2_Channel8_IRQHandler
                0x08009b44                EXTI3_IRQHandler
                0x08009b44                I2C3_ER_IRQHandler
                0x08009b44                EXTI0_IRQHandler
                0x08009b44                I2C2_EV_IRQHandler
                0x08009b44                FPU_IRQHandler
                0x08009b44                FDCAN1_IT1_IRQHandler
                0x08009b44                TIM1_UP_TIM16_IRQHandler
                0x08009b44                ADC1_2_IRQHandler
                0x08009b44                HRTIM1_TIME_IRQHandler
                0x08009b44                SPI1_IRQHandler
                0x08009b44                TIM6_DAC_IRQHandler
                0x08009b44                HRTIM1_TIMC_IRQHandler
                0x08009b44                TIM8_UP_IRQHandler
                0x08009b44                DMA2_Channel2_IRQHandler
                0x08009b44                DMA1_Channel4_IRQHandler
                0x08009b44                TIM20_TRG_COM_IRQHandler
                0x08009b44                USART3_IRQHandler
                0x08009b44                DMA1_Channel7_IRQHandler
                0x08009b44                UART5_IRQHandler
                0x08009b44                ADC3_IRQHandler
                0x08009b44                TIM4_IRQHandler
                0x08009b44                DMA2_Channel1_IRQHandler
                0x08009b44                QUADSPI_IRQHandler
                0x08009b44                I2C1_EV_IRQHandler
                0x08009b44                DMA1_Channel6_IRQHandler
                0x08009b44                UART4_IRQHandler
                0x08009b44                DMA2_Channel4_IRQHandler
                0x08009b44                TIM3_IRQHandler
                0x08009b44                RCC_IRQHandler
                0x08009b44                TIM20_UP_IRQHandler
                0x08009b44                DMA1_Channel1_IRQHandler
                0x08009b44                Default_Handler
                0x08009b44                DMA2_Channel7_IRQHandler
                0x08009b44                RTC_TAMP_LSECSS_IRQHandler
                0x08009b44                FMAC_IRQHandler
                0x08009b44                EXTI15_10_IRQHandler
                0x08009b44                DMA1_Channel8_IRQHandler
                0x08009b44                HRTIM1_TIMA_IRQHandler
                0x08009b44                TIM7_DAC_IRQHandler
                0x08009b44                FDCAN3_IT1_IRQHandler
                0x08009b44                TIM5_IRQHandler
                0x08009b44                UCPD1_IRQHandler
                0x08009b44                I2C3_EV_IRQHandler
                0x08009b44                EXTI9_5_IRQHandler
                0x08009b44                RTC_WKUP_IRQHandler
                0x08009b44                PVD_PVM_IRQHandler
                0x08009b44                SPI2_IRQHandler
                0x08009b44                ADC5_IRQHandler
                0x08009b44                DMA2_Channel5_IRQHandler
                0x08009b44                CRS_IRQHandler
                0x08009b44                DMA1_Channel5_IRQHandler
                0x08009b44                USB_LP_IRQHandler
                0x08009b44                EXTI4_IRQHandler
                0x08009b44                RNG_IRQHandler
                0x08009b44                HRTIM1_TIMB_IRQHandler
                0x08009b44                TIM1_TRG_COM_TIM17_IRQHandler
                0x08009b44                FDCAN2_IT1_IRQHandler
                0x08009b44                DMA1_Channel3_IRQHandler
                0x08009b44                ADC4_IRQHandler
                0x08009b44                WWDG_IRQHandler
                0x08009b44                I2C4_EV_IRQHandler
                0x08009b44                LPUART1_IRQHandler
                0x08009b44                DMA2_Channel6_IRQHandler
                0x08009b44                TIM2_IRQHandler
                0x08009b44                COMP7_IRQHandler
                0x08009b44                COMP1_2_3_IRQHandler
                0x08009b44                EXTI1_IRQHandler
                0x08009b44                USART2_IRQHandler
                0x08009b44                COMP4_5_6_IRQHandler
                0x08009b44                TIM20_BRK_IRQHandler
                0x08009b44                I2C2_ER_IRQHandler
                0x08009b44                DMA1_Channel2_IRQHandler
                0x08009b44                TIM8_BRK_IRQHandler
                0x08009b44                FLASH_IRQHandler
                0x08009b44                TIM20_CC_IRQHandler
                0x08009b44                USART1_IRQHandler
                0x08009b44                SPI3_IRQHandler
                0x08009b44                I2C1_ER_IRQHandler
                0x08009b44                FMC_IRQHandler
                0x08009b44                LPTIM1_IRQHandler
                0x08009b44                DMAMUX_OVR_IRQHandler
                0x08009b44                I2C4_ER_IRQHandler
                0x08009b44                USBWakeUp_IRQHandler
                0x08009b44                SAI1_IRQHandler
                0x08009b44                DMA2_Channel3_IRQHandler
                0x08009b44                TIM1_BRK_TIM15_IRQHandler
 *fill*         0x08009b46        0x2 
 .text.sprintf  0x08009b48       0x44 C:/PROGRA~2/ARMGNU~1/133167~1.3RE/bin/../lib/gcc/arm-none-eabi/13.3.1/thumb/v7e-m+fp/hard\libg_nano.a(libc_a-sprintf.o)
                0x08009b48                siprintf
                0x08009b48                sprintf
 .text.__errno  0x08009b8c        0xc C:/PROGRA~2/ARMGNU~1/133167~1.3RE/bin/../lib/gcc/arm-none-eabi/13.3.1/thumb/v7e-m+fp/hard\libg_nano.a(libc_a-errno.o)
                0x08009b8c                __errno
 .text.__ssputs_r
                0x08009b98       0xb6 C:/PROGRA~2/ARMGNU~1/133167~1.3RE/bin/../lib/gcc/arm-none-eabi/13.3.1/thumb/v7e-m+fp/hard\libg_nano.a(libc_a-nano-svfprintf.o)
                0x08009b98                __ssputs_r
 *fill*         0x08009c4e        0x2 
 .text._svfprintf_r
                0x08009c50      0x1f8 C:/PROGRA~2/ARMGNU~1/133167~1.3RE/bin/../lib/gcc/arm-none-eabi/13.3.1/thumb/v7e-m+fp/hard\libg_nano.a(libc_a-nano-svfprintf.o)
                0x08009c50                _svfiprintf_r
                0x08009c50                _svfprintf_r
 .text.fmodf    0x08009e48       0x48 C:/PROGRA~2/ARMGNU~1/133167~1.3RE/bin/../lib/gcc/arm-none-eabi/13.3.1/thumb/v7e-m+fp/hard\libm.a(libm_a-wf_fmod.o)
                0x08009e48                fmodf
 .text.cosf     0x08009e90       0x70 C:/PROGRA~2/ARMGNU~1/133167~1.3RE/bin/../lib/gcc/arm-none-eabi/13.3.1/thumb/v7e-m+fp/hard\libm.a(libm_a-sf_cos.o)
                0x08009e90                cosf
 .text.sinf     0x08009f00       0x74 C:/PROGRA~2/ARMGNU~1/133167~1.3RE/bin/../lib/gcc/arm-none-eabi/13.3.1/thumb/v7e-m+fp/hard\libm.a(libm_a-sf_sin.o)
                0x08009f00                sinf
 .text.fmaxf    0x08009f74       0x3c C:/PROGRA~2/ARMGNU~1/133167~1.3RE/bin/../lib/gcc/arm-none-eabi/13.3.1/thumb/v7e-m+fp/hard\libm.a(libm_a-sf_fmax.o)
                0x08009f74                fmaxf
 .text.fminf    0x08009fb0       0x3c C:/PROGRA~2/ARMGNU~1/133167~1.3RE/bin/../lib/gcc/arm-none-eabi/13.3.1/thumb/v7e-m+fp/hard\libm.a(libm_a-sf_fmin.o)
                0x08009fb0                fminf
 .text.__fpclassifyf
                0x08009fec       0x38 C:/PROGRA~2/ARMGNU~1/133167~1.3RE/bin/../lib/gcc/arm-none-eabi/13.3.1/thumb/v7e-m+fp/hard\libm.a(libm_a-sf_fpclassify.o)
                0x08009fec                __fpclassifyf
 .text.__kernel_cosf
                0x0800a024      0x104 C:/PROGRA~2/ARMGNU~1/133167~1.3RE/bin/../lib/gcc/arm-none-eabi/13.3.1/thumb/v7e-m+fp/hard\libm.a(libm_a-kf_cos.o)
                0x0800a024                __kernel_cosf
 .text.__kernel_sinf
                0x0800a128       0x90 C:/PROGRA~2/ARMGNU~1/133167~1.3RE/bin/../lib/gcc/arm-none-eabi/13.3.1/thumb/v7e-m+fp/hard\libm.a(libm_a-kf_sin.o)
                0x0800a128                __kernel_sinf
 .text.__ieee754_fmodf
                0x0800a1b8      0x140 C:/PROGRA~2/ARMGNU~1/133167~1.3RE/bin/../lib/gcc/arm-none-eabi/13.3.1/thumb/v7e-m+fp/hard\libm.a(libm_a-ef_fmod.o)
                0x0800a1b8                __ieee754_fmodf
 .text.__ieee754_rem_pio2f
                0x0800a2f8      0x260 C:/PROGRA~2/ARMGNU~1/133167~1.3RE/bin/../lib/gcc/arm-none-eabi/13.3.1/thumb/v7e-m+fp/hard\libm.a(libm_a-ef_rem_pio2.o)
                0x0800a2f8                __ieee754_rem_pio2f
 .text.fabsf    0x0800a558       0x10 C:/PROGRA~2/ARMGNU~1/133167~1.3RE/bin/../lib/gcc/arm-none-eabi/13.3.1/thumb/v7e-m+fp/hard\libm.a(libm_a-sf_fabs.o)
                0x0800a558                fabsf
 .text.__kernel_rem_pio2f
                0x0800a568      0x63c C:/PROGRA~2/ARMGNU~1/133167~1.3RE/bin/../lib/gcc/arm-none-eabi/13.3.1/thumb/v7e-m+fp/hard\libm.a(libm_a-kf_rem_pio2.o)
                0x0800a568                __kernel_rem_pio2f
 .text.scalbnf  0x0800aba4       0xe4 C:/PROGRA~2/ARMGNU~1/133167~1.3RE/bin/../lib/gcc/arm-none-eabi/13.3.1/thumb/v7e-m+fp/hard\libm.a(libm_a-sf_scalbn.o)
                0x0800aba4                scalbnf
 .text.floorf   0x0800ac88       0x94 C:/PROGRA~2/ARMGNU~1/133167~1.3RE/bin/../lib/gcc/arm-none-eabi/13.3.1/thumb/v7e-m+fp/hard\libm.a(libm_a-sf_floor.o)
                0x0800ac88                floorf
 *(.glue_7)
 .glue_7        0x0800ad1c        0x0 linker stubs
 *(.glue_7t)
 .glue_7t       0x0800ad1c        0x0 linker stubs
 *(.eh_frame)
 .eh_frame      0x0800ad1c        0x0 C:/PROGRA~2/ARMGNU~1/133167~1.3RE/bin/../lib/gcc/arm-none-eabi/13.3.1/thumb/v7e-m+fp/hard/crtbegin.o
 *(.init)
 .init          0x0800ad1c        0x4 C:/PROGRA~2/ARMGNU~1/133167~1.3RE/bin/../lib/gcc/arm-none-eabi/13.3.1/thumb/v7e-m+fp/hard/crti.o
                0x0800ad1c                _init
 .init          0x0800ad20        0x8 C:/PROGRA~2/ARMGNU~1/133167~1.3RE/bin/../lib/gcc/arm-none-eabi/13.3.1/thumb/v7e-m+fp/hard/crtn.o
 *(.fini)
 .fini          0x0800ad28        0x4 C:/PROGRA~2/ARMGNU~1/133167~1.3RE/bin/../lib/gcc/arm-none-eabi/13.3.1/thumb/v7e-m+fp/hard/crti.o
                0x0800ad28                _fini
 .fini          0x0800ad2c        0x8 C:/PROGRA~2/ARMGNU~1/133167~1.3RE/bin/../lib/gcc/arm-none-eabi/13.3.1/thumb/v7e-m+fp/hard/crtn.o
                0x0800ad34                        . = ALIGN (0x4)
                0x0800ad34                        _etext = .

.vfp11_veneer   0x0800ad34        0x0
 .vfp11_veneer  0x0800ad34        0x0 linker stubs

.v4_bx          0x0800ad34        0x0
 .v4_bx         0x0800ad34        0x0 linker stubs

.iplt           0x0800ad34        0x0
 .iplt          0x0800ad34        0x0 C:/PROGRA~2/ARMGNU~1/133167~1.3RE/bin/../lib/gcc/arm-none-eabi/13.3.1/thumb/v7e-m+fp/hard/crtbegin.o

.rodata         0x0800ad38      0x8a0
                0x0800ad38                        . = ALIGN (0x4)
 *(.rodata)
 .rodata        0x0800ad38       0x31 CMakeFiles/Firmware.dir/Core/Src/main.c.obj
 *(.rodata*)
 .rodata._printf_float.str1.1
                0x0800ad69      0x173 C:/PROGRA~2/ARMGNU~1/133167~1.3RE/bin/../lib/gcc/arm-none-eabi/13.3.1/thumb/v7e-m+fp/hard\libc_nano.a(libc_a-nano-vfprintf_float.o)
                                 0x12 (size before relaxing)
 .rodata._printf_i.str1.1
                0x0800aedc       0x22 C:/PROGRA~2/ARMGNU~1/133167~1.3RE/bin/../lib/gcc/arm-none-eabi/13.3.1/thumb/v7e-m+fp/hard\libc_nano.a(libc_a-nano-vfprintf_i.o)
 .rodata._dtoa_r.str1.1
                0x0800aedc       0x90 C:/PROGRA~2/ARMGNU~1/133167~1.3RE/bin/../lib/gcc/arm-none-eabi/13.3.1/thumb/v7e-m+fp/hard\libc_nano.a(libc_a-dtoa.o)
 .rodata._Balloc.str1.1
                0x0800aedc       0x71 C:/PROGRA~2/ARMGNU~1/133167~1.3RE/bin/../lib/gcc/arm-none-eabi/13.3.1/thumb/v7e-m+fp/hard\libc_nano.a(libc_a-mprec.o)
 .rodata.__multadd.str1.1
                0x0800aedc       0x11 C:/PROGRA~2/ARMGNU~1/133167~1.3RE/bin/../lib/gcc/arm-none-eabi/13.3.1/thumb/v7e-m+fp/hard\libc_nano.a(libc_a-mprec.o)
 .rodata.p05.0  0x0800aedc        0xc C:/PROGRA~2/ARMGNU~1/133167~1.3RE/bin/../lib/gcc/arm-none-eabi/13.3.1/thumb/v7e-m+fp/hard\libc_nano.a(libc_a-mprec.o)
 .rodata.__mprec_bigtens
                0x0800aee8       0x28 C:/PROGRA~2/ARMGNU~1/133167~1.3RE/bin/../lib/gcc/arm-none-eabi/13.3.1/thumb/v7e-m+fp/hard\libc_nano.a(libc_a-mprec.o)
                0x0800aee8                __mprec_bigtens
 .rodata.__mprec_tens
                0x0800af10       0xc8 C:/PROGRA~2/ARMGNU~1/133167~1.3RE/bin/../lib/gcc/arm-none-eabi/13.3.1/thumb/v7e-m+fp/hard\libc_nano.a(libc_a-mprec.o)
                0x0800af10                __mprec_tens
 .rodata._setlocale_r.str1.1
                0x0800afd8        0x9 C:/PROGRA~2/ARMGNU~1/133167~1.3RE/bin/../lib/gcc/arm-none-eabi/13.3.1/thumb/v7e-m+fp/hard\libc_nano.a(libc_a-locale.o)
 .rodata.str1.1
                0x0800afd8        0x2 C:/PROGRA~2/ARMGNU~1/133167~1.3RE/bin/../lib/gcc/arm-none-eabi/13.3.1/thumb/v7e-m+fp/hard\libc_nano.a(libc_a-locale.o)
 .rodata.__assert_func.str1.1
                0x0800afd8       0x3d C:/PROGRA~2/ARMGNU~1/133167~1.3RE/bin/../lib/gcc/arm-none-eabi/13.3.1/thumb/v7e-m+fp/hard\libc_nano.a(libc_a-assert.o)
 .rodata._ctype_
                0x0800afd8      0x101 C:/PROGRA~2/ARMGNU~1/133167~1.3RE/bin/../lib/gcc/arm-none-eabi/13.3.1/thumb/v7e-m+fp/hard\libc_nano.a(libc_a-ctype_.o)
                0x0800afd8                _ctype_
 .rodata._vfprintf_r.str1.1
                0x0800b0d9       0x11 C:/PROGRA~2/ARMGNU~1/133167~1.3RE/bin/../lib/gcc/arm-none-eabi/13.3.1/thumb/v7e-m+fp/hard\libc_nano.a(libc_a-nano-vfprintf.o)
 *fill*         0x0800b0d9        0x3 
 .rodata.REG_OFFSET_TAB_TIMER
                0x0800b0dc        0xe CMakeFiles/Firmware.dir/Core/Src/main.c.obj
 *fill*         0x0800b0ea        0x2 
 .rodata.REG_OFFSET_TAB_TIMER
                0x0800b0ec        0xe CMakeFiles/Firmware.dir/Core/Src/hrtim.c.obj
 *fill*         0x0800b0fa        0x2 
 .rodata.REG_OFFSET_TAB_SETxR
                0x0800b0fc       0x18 CMakeFiles/Firmware.dir/Core/Src/hrtim.c.obj
 .rodata.REG_OFFSET_TAB_OUTxR
                0x0800b114       0x18 CMakeFiles/Firmware.dir/Core/Src/hrtim.c.obj
 .rodata.REG_MASK_TAB_UPDATETRIG
                0x0800b12c       0x20 CMakeFiles/Firmware.dir/Core/Src/hrtim.c.obj
 .rodata.REG_SHIFT_TAB_UPDATETRIG
                0x0800b14c        0x7 CMakeFiles/Firmware.dir/Core/Src/hrtim.c.obj
 *fill*         0x0800b153        0x1 
 .rodata.REG_MASK_TAB_UPDATEGATING
                0x0800b154       0x1c CMakeFiles/Firmware.dir/Core/Src/hrtim.c.obj
 .rodata.REG_SHIFT_TAB_UPDATEGATING
                0x0800b170        0x7 CMakeFiles/Firmware.dir/Core/Src/hrtim.c.obj
 *fill*         0x0800b177        0x1 
 .rodata.REG_SHIFT_TAB_OUTxR
                0x0800b178        0xc CMakeFiles/Firmware.dir/Core/Src/hrtim.c.obj
 .rodata.REG_SHIFT_TAB_INTLVD
                0x0800b184        0x7 CMakeFiles/Firmware.dir/Core/Src/hrtim.c.obj
 *fill*         0x0800b18b        0x1 
 .rodata.REG_MASK_TAB_INTLVD
                0x0800b18c       0x1c CMakeFiles/Firmware.dir/Core/Src/hrtim.c.obj
 .rodata.DLCtoBytes
                0x0800b1a8       0x10 CMakeFiles/Firmware.dir/Drivers/STM32G4xx_HAL_Driver/Src/stm32g4xx_hal_fdcan.c.obj
 .rodata.USART_PRESCALER_TAB
                0x0800b1b8       0x30 CMakeFiles/Firmware.dir/Drivers/STM32G4xx_HAL_Driver/Src/stm32g4xx_ll_usart.c.obj
 .rodata.AHBPrescTable
                0x0800b1e8       0x10 CMakeFiles/Firmware.dir/Core/Src/system_stm32g4xx.c.obj
                0x0800b1e8                AHBPrescTable
 .rodata.APBPrescTable
                0x0800b1f8        0x8 CMakeFiles/Firmware.dir/Core/Src/system_stm32g4xx.c.obj
                0x0800b1f8                APBPrescTable
 .rodata._svfprintf_r.str1.1
                0x0800b200       0x11 C:/PROGRA~2/ARMGNU~1/133167~1.3RE/bin/../lib/gcc/arm-none-eabi/13.3.1/thumb/v7e-m+fp/hard\libg_nano.a(libc_a-nano-svfprintf.o)
 .rodata.Zero   0x0800b200        0x8 C:/PROGRA~2/ARMGNU~1/133167~1.3RE/bin/../lib/gcc/arm-none-eabi/13.3.1/thumb/v7e-m+fp/hard\libm.a(libm_a-ef_fmod.o)
 .rodata.npio2_hw
                0x0800b208       0x80 C:/PROGRA~2/ARMGNU~1/133167~1.3RE/bin/../lib/gcc/arm-none-eabi/13.3.1/thumb/v7e-m+fp/hard\libm.a(libm_a-ef_rem_pio2.o)
 .rodata.two_over_pi
                0x0800b288      0x318 C:/PROGRA~2/ARMGNU~1/133167~1.3RE/bin/../lib/gcc/arm-none-eabi/13.3.1/thumb/v7e-m+fp/hard\libm.a(libm_a-ef_rem_pio2.o)
 .rodata.PIo2   0x0800b5a0       0x2c C:/PROGRA~2/ARMGNU~1/133167~1.3RE/bin/../lib/gcc/arm-none-eabi/13.3.1/thumb/v7e-m+fp/hard\libm.a(libm_a-kf_rem_pio2.o)
 .rodata.init_jk
                0x0800b5cc        0xc C:/PROGRA~2/ARMGNU~1/133167~1.3RE/bin/../lib/gcc/arm-none-eabi/13.3.1/thumb/v7e-m+fp/hard\libm.a(libm_a-kf_rem_pio2.o)
                0x0800b5d8                        . = ALIGN (0x4)

.ARM.extab
 *(.ARM.extab* .gnu.linkonce.armextab.*)

.ARM            0x0800b5d8        0x8
                0x0800b5d8                        __exidx_start = .
 *(.ARM.exidx*)
 .ARM.exidx     0x0800b5d8        0x8 C:/PROGRA~2/ARMGNU~1/133167~1.3RE/bin/../lib/gcc/arm-none-eabi/13.3.1/thumb/v7e-m+fp/hard\libc_nano.a(libc_a-memchr.o)
 .ARM.exidx     0x0800b5e0        0x0 C:/PROGRA~2/ARMGNU~1/133167~1.3RE/bin/../lib/gcc/arm-none-eabi/13.3.1/thumb/v7e-m+fp/hard\libc_nano.a(libc_a-strlen.o)
                                  0x8 (size before relaxing)
                0x0800b5e0                        __exidx_end = .

.rel.dyn        0x0800b5e0        0x0
 .rel.iplt      0x0800b5e0        0x0 C:/PROGRA~2/ARMGNU~1/133167~1.3RE/bin/../lib/gcc/arm-none-eabi/13.3.1/thumb/v7e-m+fp/hard/crtbegin.o

.preinit_array  0x0800b5e0        0x0
                0x0800b5e0                        PROVIDE (__preinit_array_start = .)
 *(.preinit_array*)
                0x0800b5e0                        PROVIDE (__preinit_array_end = .)

.init_array     0x0800b5e0        0x4
                0x0800b5e0                        PROVIDE (__init_array_start = .)
 *(SORT_BY_NAME(.init_array.*))
 *(.init_array*)
 .init_array    0x0800b5e0        0x4 C:/PROGRA~2/ARMGNU~1/133167~1.3RE/bin/../lib/gcc/arm-none-eabi/13.3.1/thumb/v7e-m+fp/hard/crtbegin.o
                0x0800b5e4                        PROVIDE (__init_array_end = .)

.fini_array     0x0800b5e4        0x4
                [!provide]                        PROVIDE (__fini_array_start = .)
 *(SORT_BY_NAME(.fini_array.*))
 *(.fini_array*)
 .fini_array    0x0800b5e4        0x4 C:/PROGRA~2/ARMGNU~1/133167~1.3RE/bin/../lib/gcc/arm-none-eabi/13.3.1/thumb/v7e-m+fp/hard/crtbegin.o
                [!provide]                        PROVIDE (__fini_array_end = .)
                0x0800b5e8                        _sidata = LOADADDR (.data)

.data           0x20000000      0x1d4 load address 0x0800b5e8
                0x20000000                        . = ALIGN (0x4)
                0x20000000                        _sdata = .
 *(.data)
 *(.data*)
 .data.__sglue  0x20000000        0xc C:/PROGRA~2/ARMGNU~1/133167~1.3RE/bin/../lib/gcc/arm-none-eabi/13.3.1/thumb/v7e-m+fp/hard\libc_nano.a(libc_a-findfp.o)
                0x20000000                __sglue
 .data._impure_ptr
                0x2000000c        0x4 C:/PROGRA~2/ARMGNU~1/133167~1.3RE/bin/../lib/gcc/arm-none-eabi/13.3.1/thumb/v7e-m+fp/hard\libc_nano.a(libc_a-impure.o)
                0x2000000c                _impure_ptr
 .data._impure_data
                0x20000010       0x4c C:/PROGRA~2/ARMGNU~1/133167~1.3RE/bin/../lib/gcc/arm-none-eabi/13.3.1/thumb/v7e-m+fp/hard\libc_nano.a(libc_a-impure.o)
                0x20000010                _impure_data
 .data.__global_locale
                0x2000005c      0x16c C:/PROGRA~2/ARMGNU~1/133167~1.3RE/bin/../lib/gcc/arm-none-eabi/13.3.1/thumb/v7e-m+fp/hard\libc_nano.a(libc_a-locale.o)
                0x2000005c                __global_locale
 .data.uwTickPrio
                0x200001c8        0x4 CMakeFiles/Firmware.dir/Drivers/STM32G4xx_HAL_Driver/Src/stm32g4xx_hal.c.obj
                0x200001c8                uwTickPrio
 .data.uwTickFreq
                0x200001cc        0x4 CMakeFiles/Firmware.dir/Drivers/STM32G4xx_HAL_Driver/Src/stm32g4xx_hal.c.obj
                0x200001cc                uwTickFreq
 .data.SystemCoreClock
                0x200001d0        0x4 CMakeFiles/Firmware.dir/Core/Src/system_stm32g4xx.c.obj
                0x200001d0                SystemCoreClock
                0x200001d4                        . = ALIGN (0x4)
                0x200001d4                        _edata = .

.tm_clone_table
                0x200001d4        0x0 load address 0x0800b7bc
 .tm_clone_table
                0x200001d4        0x0 C:/PROGRA~2/ARMGNU~1/133167~1.3RE/bin/../lib/gcc/arm-none-eabi/13.3.1/thumb/v7e-m+fp/hard/crtbegin.o
 .tm_clone_table
                0x200001d4        0x0 C:/PROGRA~2/ARMGNU~1/133167~1.3RE/bin/../lib/gcc/arm-none-eabi/13.3.1/thumb/v7e-m+fp/hard/crtend.o

.igot.plt       0x200001d4        0x0 load address 0x0800b7bc
 .igot.plt      0x200001d4        0x0 C:/PROGRA~2/ARMGNU~1/133167~1.3RE/bin/../lib/gcc/arm-none-eabi/13.3.1/thumb/v7e-m+fp/hard/crtbegin.o
                0x200001d4                        . = ALIGN (0x4)

.bss            0x200001d4      0x714 load address 0x0800b7bc
                0x200001d4                        _sbss = .
                0x200001d4                        __bss_start__ = _sbss
 *(.bss)
 *(.bss*)
 .bss.completed.1
                0x200001d4        0x1 C:/PROGRA~2/ARMGNU~1/133167~1.3RE/bin/../lib/gcc/arm-none-eabi/13.3.1/thumb/v7e-m+fp/hard/crtbegin.o
 *fill*         0x200001d5        0x3 
 .bss.object.0  0x200001d8       0x18 C:/PROGRA~2/ARMGNU~1/133167~1.3RE/bin/../lib/gcc/arm-none-eabi/13.3.1/thumb/v7e-m+fp/hard/crtbegin.o
 .bss.__sf      0x200001f0      0x138 C:/PROGRA~2/ARMGNU~1/133167~1.3RE/bin/../lib/gcc/arm-none-eabi/13.3.1/thumb/v7e-m+fp/hard\libc_nano.a(libc_a-findfp.o)
                0x200001f0                __sf
 .bss.__stdio_exit_handler
                0x20000328        0x4 C:/PROGRA~2/ARMGNU~1/133167~1.3RE/bin/../lib/gcc/arm-none-eabi/13.3.1/thumb/v7e-m+fp/hard\libc_nano.a(libc_a-findfp.o)
                0x20000328                __stdio_exit_handler
 .bss.errno     0x2000032c        0x4 C:/PROGRA~2/ARMGNU~1/133167~1.3RE/bin/../lib/gcc/arm-none-eabi/13.3.1/thumb/v7e-m+fp/hard\libc_nano.a(libc_a-reent.o)
                0x2000032c                errno
 .bss.__lock___malloc_recursive_mutex
                0x20000330        0x1 C:/PROGRA~2/ARMGNU~1/133167~1.3RE/bin/../lib/gcc/arm-none-eabi/13.3.1/thumb/v7e-m+fp/hard\libc_nano.a(libc_a-lock.o)
                0x20000330                __lock___malloc_recursive_mutex
 .bss.__lock___sfp_recursive_mutex
                0x20000331        0x1 C:/PROGRA~2/ARMGNU~1/133167~1.3RE/bin/../lib/gcc/arm-none-eabi/13.3.1/thumb/v7e-m+fp/hard\libc_nano.a(libc_a-lock.o)
                0x20000331                __lock___sfp_recursive_mutex
 *fill*         0x20000332        0x2 
 .bss.__malloc_sbrk_start
                0x20000334        0x4 C:/PROGRA~2/ARMGNU~1/133167~1.3RE/bin/../lib/gcc/arm-none-eabi/13.3.1/thumb/v7e-m+fp/hard\libc_nano.a(libc_a-mallocr.o)
                0x20000334                __malloc_sbrk_start
 .bss.__malloc_free_list
                0x20000338        0x4 C:/PROGRA~2/ARMGNU~1/133167~1.3RE/bin/../lib/gcc/arm-none-eabi/13.3.1/thumb/v7e-m+fp/hard\libc_nano.a(libc_a-mallocr.o)
                0x20000338                __malloc_free_list
 .bss.TxHeader  0x2000033c       0x24 CMakeFiles/Firmware.dir/Core/Src/main.c.obj
                0x2000033c                TxHeader
 .bss.TxData    0x20000360        0x8 CMakeFiles/Firmware.dir/Core/Src/main.c.obj
                0x20000360                TxData
 .bss.printBuffer
                0x20000368      0x400 CMakeFiles/Firmware.dir/Core/Src/main.c.obj
                0x20000368                printBuffer
 .bss.PID_I_d   0x20000768       0x24 CMakeFiles/Firmware.dir/Core/Src/main.c.obj
                0x20000768                PID_I_d
 .bss.PID_I_q   0x2000078c       0x24 CMakeFiles/Firmware.dir/Core/Src/main.c.obj
                0x2000078c                PID_I_q
 .bss.hfdcan1   0x200007b0       0x64 CMakeFiles/Firmware.dir/Core/Src/fdcan.c.obj
                0x200007b0                hfdcan1
 .bss.hfdcan2   0x20000814       0x64 CMakeFiles/Firmware.dir/Core/Src/fdcan.c.obj
                0x20000814                hfdcan2
 .bss.HAL_RCC_FDCAN_CLK_ENABLED
                0x20000878        0x4 CMakeFiles/Firmware.dir/Core/Src/fdcan.c.obj
 .bss.hspi3     0x2000087c       0x64 CMakeFiles/Firmware.dir/Core/Src/spi.c.obj
                0x2000087c                hspi3
 .bss.uwTick    0x200008e0        0x4 CMakeFiles/Firmware.dir/Drivers/STM32G4xx_HAL_Driver/Src/stm32g4xx_hal.c.obj
                0x200008e0                uwTick
 .bss.__sbrk_heap_end
                0x200008e4        0x4 CMakeFiles/Firmware.dir/Core/Src/sysmem.c.obj
 *(COMMON)
                0x200008e8                        . = ALIGN (0x4)
                0x200008e8                        _ebss = .
                0x200008e8                        __bss_end__ = _ebss

._user_heap_stack
                0x200008e8      0x600 load address 0x0800b7bc
                0x200008e8                        . = ALIGN (0x8)
                [!provide]                        PROVIDE (end = .)
                0x200008e8                        PROVIDE (_end = .)
                0x20000ae8                        . = (. + _Min_Heap_Size)
 *fill*         0x200008e8      0x200 
                0x20000ee8                        . = (. + _Min_Stack_Size)
 *fill*         0x20000ae8      0x400 
                0x20000ee8                        . = ALIGN (0x8)

/DISCARD/
 libc.a(*)
 libm.a(*)
 libgcc.a(*)
OUTPUT(Firmware.elf elf32-littlearm)
LOAD linker stubs
LOAD C:/PROGRA~2/ARMGNU~1/133167~1.3RE/bin/../lib/gcc/arm-none-eabi/13.3.1/thumb/v7e-m+fp/hard\libc.a
LOAD C:/PROGRA~2/ARMGNU~1/133167~1.3RE/bin/../lib/gcc/arm-none-eabi/13.3.1/thumb/v7e-m+fp/hard\libm.a
LOAD C:/PROGRA~2/ARMGNU~1/133167~1.3RE/bin/../lib/gcc/arm-none-eabi/13.3.1/thumb/v7e-m+fp/hard\libgcc.a

.ARM.attributes
                0x00000000       0x30
 .ARM.attributes
                0x00000000       0x22 C:/PROGRA~2/ARMGNU~1/133167~1.3RE/bin/../lib/gcc/arm-none-eabi/13.3.1/thumb/v7e-m+fp/hard/crti.o
 .ARM.attributes
                0x00000022       0x34 C:/PROGRA~2/ARMGNU~1/133167~1.3RE/bin/../lib/gcc/arm-none-eabi/13.3.1/thumb/v7e-m+fp/hard/crtbegin.o
 .ARM.attributes
                0x00000056       0x34 C:/PROGRA~2/ARMGNU~1/133167~1.3RE/bin/../lib/gcc/arm-none-eabi/13.3.1/thumb/v7e-m+fp/hard\libc_nano.a(libc_a-nano-vfprintf_float.o)
 .ARM.attributes
                0x0000008a       0x34 C:/PROGRA~2/ARMGNU~1/133167~1.3RE/bin/../lib/gcc/arm-none-eabi/13.3.1/thumb/v7e-m+fp/hard\libc_nano.a(libc_a-nano-vfprintf_i.o)
 .ARM.attributes
                0x000000be       0x34 C:/PROGRA~2/ARMGNU~1/133167~1.3RE/bin/../lib/gcc/arm-none-eabi/13.3.1/thumb/v7e-m+fp/hard\libc_nano.a(libc_a-findfp.o)
 .ARM.attributes
                0x000000f2       0x34 C:/PROGRA~2/ARMGNU~1/133167~1.3RE/bin/../lib/gcc/arm-none-eabi/13.3.1/thumb/v7e-m+fp/hard\libc_nano.a(libc_a-fwalk.o)
 .ARM.attributes
                0x00000126       0x34 C:/PROGRA~2/ARMGNU~1/133167~1.3RE/bin/../lib/gcc/arm-none-eabi/13.3.1/thumb/v7e-m+fp/hard\libc_nano.a(libc_a-stdio.o)
 .ARM.attributes
                0x0000015a       0x34 C:/PROGRA~2/ARMGNU~1/133167~1.3RE/bin/../lib/gcc/arm-none-eabi/13.3.1/thumb/v7e-m+fp/hard\libc_nano.a(libc_a-memset.o)
 .ARM.attributes
                0x0000018e       0x34 C:/PROGRA~2/ARMGNU~1/133167~1.3RE/bin/../lib/gcc/arm-none-eabi/13.3.1/thumb/v7e-m+fp/hard\libc_nano.a(libc_a-localeconv.o)
 .ARM.attributes
                0x000001c2       0x34 C:/PROGRA~2/ARMGNU~1/133167~1.3RE/bin/../lib/gcc/arm-none-eabi/13.3.1/thumb/v7e-m+fp/hard\libc_nano.a(libc_a-closer.o)
 .ARM.attributes
                0x000001f6       0x34 C:/PROGRA~2/ARMGNU~1/133167~1.3RE/bin/../lib/gcc/arm-none-eabi/13.3.1/thumb/v7e-m+fp/hard\libc_nano.a(libc_a-reent.o)
 .ARM.attributes
                0x0000022a       0x34 C:/PROGRA~2/ARMGNU~1/133167~1.3RE/bin/../lib/gcc/arm-none-eabi/13.3.1/thumb/v7e-m+fp/hard\libc_nano.a(libc_a-impure.o)
 .ARM.attributes
                0x0000025e       0x34 C:/PROGRA~2/ARMGNU~1/133167~1.3RE/bin/../lib/gcc/arm-none-eabi/13.3.1/thumb/v7e-m+fp/hard\libc_nano.a(libc_a-lseekr.o)
 .ARM.attributes
                0x00000292       0x34 C:/PROGRA~2/ARMGNU~1/133167~1.3RE/bin/../lib/gcc/arm-none-eabi/13.3.1/thumb/v7e-m+fp/hard\libc_nano.a(libc_a-readr.o)
 .ARM.attributes
                0x000002c6       0x34 C:/PROGRA~2/ARMGNU~1/133167~1.3RE/bin/../lib/gcc/arm-none-eabi/13.3.1/thumb/v7e-m+fp/hard\libc_nano.a(libc_a-writer.o)
 .ARM.attributes
                0x000002fa       0x34 C:/PROGRA~2/ARMGNU~1/133167~1.3RE/bin/../lib/gcc/arm-none-eabi/13.3.1/thumb/v7e-m+fp/hard\libc_nano.a(libc_a-init.o)
 .ARM.attributes
                0x0000032e       0x34 C:/PROGRA~2/ARMGNU~1/133167~1.3RE/bin/../lib/gcc/arm-none-eabi/13.3.1/thumb/v7e-m+fp/hard\libc_nano.a(libc_a-lock.o)
 .ARM.attributes
                0x00000362       0x1c C:/PROGRA~2/ARMGNU~1/133167~1.3RE/bin/../lib/gcc/arm-none-eabi/13.3.1/thumb/v7e-m+fp/hard\libc_nano.a(libc_a-memchr.o)
 .ARM.attributes
                0x0000037e       0x17 C:/PROGRA~2/ARMGNU~1/133167~1.3RE/bin/../lib/gcc/arm-none-eabi/13.3.1/thumb/v7e-m+fp/hard\libc_nano.a(libc_a-strlen.o)
 .ARM.attributes
                0x00000395       0x34 C:/PROGRA~2/ARMGNU~1/133167~1.3RE/bin/../lib/gcc/arm-none-eabi/13.3.1/thumb/v7e-m+fp/hard\libc_nano.a(libc_a-dtoa.o)
 .ARM.attributes
                0x000003c9       0x34 C:/PROGRA~2/ARMGNU~1/133167~1.3RE/bin/../lib/gcc/arm-none-eabi/13.3.1/thumb/v7e-m+fp/hard\libc_nano.a(libc_a-freer.o)
 .ARM.attributes
                0x000003fd       0x34 C:/PROGRA~2/ARMGNU~1/133167~1.3RE/bin/../lib/gcc/arm-none-eabi/13.3.1/thumb/v7e-m+fp/hard\libc_nano.a(libc_a-malloc.o)
 .ARM.attributes
                0x00000431       0x34 C:/PROGRA~2/ARMGNU~1/133167~1.3RE/bin/../lib/gcc/arm-none-eabi/13.3.1/thumb/v7e-m+fp/hard\libc_nano.a(libc_a-mallocr.o)
 .ARM.attributes
                0x00000465       0x34 C:/PROGRA~2/ARMGNU~1/133167~1.3RE/bin/../lib/gcc/arm-none-eabi/13.3.1/thumb/v7e-m+fp/hard\libc_nano.a(libc_a-mlock.o)
 .ARM.attributes
                0x00000499       0x34 C:/PROGRA~2/ARMGNU~1/133167~1.3RE/bin/../lib/gcc/arm-none-eabi/13.3.1/thumb/v7e-m+fp/hard\libc_nano.a(libc_a-mprec.o)
 .ARM.attributes
                0x000004cd       0x34 C:/PROGRA~2/ARMGNU~1/133167~1.3RE/bin/../lib/gcc/arm-none-eabi/13.3.1/thumb/v7e-m+fp/hard\libc_nano.a(libc_a-fflush.o)
 .ARM.attributes
                0x00000501       0x34 C:/PROGRA~2/ARMGNU~1/133167~1.3RE/bin/../lib/gcc/arm-none-eabi/13.3.1/thumb/v7e-m+fp/hard\libc_nano.a(libc_a-locale.o)
 .ARM.attributes
                0x00000535       0x34 C:/PROGRA~2/ARMGNU~1/133167~1.3RE/bin/../lib/gcc/arm-none-eabi/13.3.1/thumb/v7e-m+fp/hard\libc_nano.a(libc_a-sbrkr.o)
 .ARM.attributes
                0x00000569       0x34 C:/PROGRA~2/ARMGNU~1/133167~1.3RE/bin/../lib/gcc/arm-none-eabi/13.3.1/thumb/v7e-m+fp/hard\libc_nano.a(libc_a-memcpy-stub.o)
 .ARM.attributes
                0x0000059d       0x34 C:/PROGRA~2/ARMGNU~1/133167~1.3RE/bin/../lib/gcc/arm-none-eabi/13.3.1/thumb/v7e-m+fp/hard\libc_nano.a(libc_a-assert.o)
 .ARM.attributes
                0x000005d1       0x34 C:/PROGRA~2/ARMGNU~1/133167~1.3RE/bin/../lib/gcc/arm-none-eabi/13.3.1/thumb/v7e-m+fp/hard\libc_nano.a(libc_a-callocr.o)
 .ARM.attributes
                0x00000605       0x34 C:/PROGRA~2/ARMGNU~1/133167~1.3RE/bin/../lib/gcc/arm-none-eabi/13.3.1/thumb/v7e-m+fp/hard\libc_nano.a(libc_a-mbtowc_r.o)
 .ARM.attributes
                0x00000639       0x34 C:/PROGRA~2/ARMGNU~1/133167~1.3RE/bin/../lib/gcc/arm-none-eabi/13.3.1/thumb/v7e-m+fp/hard\libc_nano.a(libc_a-wctomb_r.o)
 .ARM.attributes
                0x0000066d       0x34 C:/PROGRA~2/ARMGNU~1/133167~1.3RE/bin/../lib/gcc/arm-none-eabi/13.3.1/thumb/v7e-m+fp/hard\libc_nano.a(libc_a-ctype_.o)
 .ARM.attributes
                0x000006a1       0x34 C:/PROGRA~2/ARMGNU~1/133167~1.3RE/bin/../lib/gcc/arm-none-eabi/13.3.1/thumb/v7e-m+fp/hard\libc_nano.a(libc_a-fprintf.o)
 .ARM.attributes
                0x000006d5       0x34 C:/PROGRA~2/ARMGNU~1/133167~1.3RE/bin/../lib/gcc/arm-none-eabi/13.3.1/thumb/v7e-m+fp/hard\libc_nano.a(libc_a-abort.o)
 .ARM.attributes
                0x00000709       0x34 C:/PROGRA~2/ARMGNU~1/133167~1.3RE/bin/../lib/gcc/arm-none-eabi/13.3.1/thumb/v7e-m+fp/hard\libc_nano.a(libc_a-nano-vfprintf.o)
 .ARM.attributes
                0x0000073d       0x34 C:/PROGRA~2/ARMGNU~1/133167~1.3RE/bin/../lib/gcc/arm-none-eabi/13.3.1/thumb/v7e-m+fp/hard\libc_nano.a(libc_a-wbuf.o)
 .ARM.attributes
                0x00000771       0x34 C:/PROGRA~2/ARMGNU~1/133167~1.3RE/bin/../lib/gcc/arm-none-eabi/13.3.1/thumb/v7e-m+fp/hard\libc_nano.a(libc_a-wsetup.o)
 .ARM.attributes
                0x000007a5       0x34 C:/PROGRA~2/ARMGNU~1/133167~1.3RE/bin/../lib/gcc/arm-none-eabi/13.3.1/thumb/v7e-m+fp/hard\libc_nano.a(libc_a-memmove.o)
 .ARM.attributes
                0x000007d9       0x34 C:/PROGRA~2/ARMGNU~1/133167~1.3RE/bin/../lib/gcc/arm-none-eabi/13.3.1/thumb/v7e-m+fp/hard\libc_nano.a(libc_a-signal.o)
 .ARM.attributes
                0x0000080d       0x34 C:/PROGRA~2/ARMGNU~1/133167~1.3RE/bin/../lib/gcc/arm-none-eabi/13.3.1/thumb/v7e-m+fp/hard\libc_nano.a(libc_a-signalr.o)
 .ARM.attributes
                0x00000841       0x34 C:/PROGRA~2/ARMGNU~1/133167~1.3RE/bin/../lib/gcc/arm-none-eabi/13.3.1/thumb/v7e-m+fp/hard\libc_nano.a(libc_a-reallocr.o)
 .ARM.attributes