Archive member included to satisfy reference by file (symbol)

C:/PROGRA~2/ARMGNU~1/133167~1.3RE/bin/../lib/gcc/arm-none-eabi/13.3.1/thumb/v7e-m+fp/hard\libc_nano.a(libc_a-exit.o)
                              C:/PROGRA~2/ARMGNU~1/133167~1.3RE/bin/../lib/gcc/arm-none-eabi/13.3.1/thumb/v7e-m+fp/hard/crt0.o (exit)
C:/PROGRA~2/ARMGNU~1/133167~1.3RE/bin/../lib/gcc/arm-none-eabi/13.3.1/thumb/v7e-m+fp/hard\libc_nano.a(libc_a-findfp.o)
                              C:/PROGRA~2/ARMGNU~1/133167~1.3RE/bin/../lib/gcc/arm-none-eabi/13.3.1/thumb/v7e-m+fp/hard\libc_nano.a(libc_a-exit.o) (__stdio_exit_handler)
C:/PROGRA~2/ARMGNU~1/133167~1.3RE/bin/../lib/gcc/arm-none-eabi/13.3.1/thumb/v7e-m+fp/hard\libc_nano.a(libc_a-fwalk.o)
                              C:/PROGRA~2/ARMGNU~1/133167~1.3RE/bin/../lib/gcc/arm-none-eabi/13.3.1/thumb/v7e-m+fp/hard\libc_nano.a(libc_a-findfp.o) (_fwalk_sglue)
C:/PROGRA~2/ARMGNU~1/133167~1.3RE/bin/../lib/gcc/arm-none-eabi/13.3.1/thumb/v7e-m+fp/hard\libc_nano.a(libc_a-stdio.o)
                              C:/PROGRA~2/ARMGNU~1/133167~1.3RE/bin/../lib/gcc/arm-none-eabi/13.3.1/thumb/v7e-m+fp/hard\libc_nano.a(libc_a-findfp.o) (__sread)
C:/PROGRA~2/ARMGNU~1/133167~1.3RE/bin/../lib/gcc/arm-none-eabi/13.3.1/thumb/v7e-m+fp/hard\libc_nano.a(libc_a-memset.o)
                              C:/PROGRA~2/ARMGNU~1/133167~1.3RE/bin/../lib/gcc/arm-none-eabi/13.3.1/thumb/v7e-m+fp/hard/crt0.o (memset)
C:/PROGRA~2/ARMGNU~1/133167~1.3RE/bin/../lib/gcc/arm-none-eabi/13.3.1/thumb/v7e-m+fp/hard\libc_nano.a(libc_a-closer.o)
                              C:/PROGRA~2/ARMGNU~1/133167~1.3RE/bin/../lib/gcc/arm-none-eabi/13.3.1/thumb/v7e-m+fp/hard\libc_nano.a(libc_a-stdio.o) (_close_r)
C:/PROGRA~2/ARMGNU~1/133167~1.3RE/bin/../lib/gcc/arm-none-eabi/13.3.1/thumb/v7e-m+fp/hard\libc_nano.a(libc_a-reent.o)
                              C:/PROGRA~2/ARMGNU~1/133167~1.3RE/bin/../lib/gcc/arm-none-eabi/13.3.1/thumb/v7e-m+fp/hard\libc_nano.a(libc_a-closer.o) (errno)
C:/PROGRA~2/ARMGNU~1/133167~1.3RE/bin/../lib/gcc/arm-none-eabi/13.3.1/thumb/v7e-m+fp/hard\libc_nano.a(libc_a-impure.o)
                              C:/PROGRA~2/ARMGNU~1/133167~1.3RE/bin/../lib/gcc/arm-none-eabi/13.3.1/thumb/v7e-m+fp/hard\libc_nano.a(libc_a-reent.o) (_impure_ptr)
C:/PROGRA~2/ARMGNU~1/133167~1.3RE/bin/../lib/gcc/arm-none-eabi/13.3.1/thumb/v7e-m+fp/hard\libc_nano.a(libc_a-lseekr.o)
                              C:/PROGRA~2/ARMGNU~1/133167~1.3RE/bin/../lib/gcc/arm-none-eabi/13.3.1/thumb/v7e-m+fp/hard\libc_nano.a(libc_a-stdio.o) (_lseek_r)
C:/PROGRA~2/ARMGNU~1/133167~1.3RE/bin/../lib/gcc/arm-none-eabi/13.3.1/thumb/v7e-m+fp/hard\libc_nano.a(libc_a-readr.o)
                              C:/PROGRA~2/ARMGNU~1/133167~1.3RE/bin/../lib/gcc/arm-none-eabi/13.3.1/thumb/v7e-m+fp/hard\libc_nano.a(libc_a-stdio.o) (_read_r)
C:/PROGRA~2/ARMGNU~1/133167~1.3RE/bin/../lib/gcc/arm-none-eabi/13.3.1/thumb/v7e-m+fp/hard\libc_nano.a(libc_a-writer.o)
                              C:/PROGRA~2/ARMGNU~1/133167~1.3RE/bin/../lib/gcc/arm-none-eabi/13.3.1/thumb/v7e-m+fp/hard\libc_nano.a(libc_a-stdio.o) (_write_r)
C:/PROGRA~2/ARMGNU~1/133167~1.3RE/bin/../lib/gcc/arm-none-eabi/13.3.1/thumb/v7e-m+fp/hard\libc_nano.a(libc_a-init.o)
                              C:/PROGRA~2/ARMGNU~1/133167~1.3RE/bin/../lib/gcc/arm-none-eabi/13.3.1/thumb/v7e-m+fp/hard/crt0.o (__libc_init_array)
C:/PROGRA~2/ARMGNU~1/133167~1.3RE/bin/../lib/gcc/arm-none-eabi/13.3.1/thumb/v7e-m+fp/hard\libc_nano.a(libc_a-lock.o)
                              C:/PROGRA~2/ARMGNU~1/133167~1.3RE/bin/../lib/gcc/arm-none-eabi/13.3.1/thumb/v7e-m+fp/hard\libc_nano.a(libc_a-findfp.o) (__retarget_lock_init_recursive)
C:/PROGRA~2/ARMGNU~1/133167~1.3RE/bin/../lib/gcc/arm-none-eabi/13.3.1/thumb/v7e-m+fp/hard\libc_nano.a(libc_a-freer.o)
                              C:/PROGRA~2/ARMGNU~1/133167~1.3RE/bin/../lib/gcc/arm-none-eabi/13.3.1/thumb/v7e-m+fp/hard\libc_nano.a(libc_a-reent.o) (_free_r)
C:/PROGRA~2/ARMGNU~1/133167~1.3RE/bin/../lib/gcc/arm-none-eabi/13.3.1/thumb/v7e-m+fp/hard\libc_nano.a(libc_a-mallocr.o)
                              C:/PROGRA~2/ARMGNU~1/133167~1.3RE/bin/../lib/gcc/arm-none-eabi/13.3.1/thumb/v7e-m+fp/hard\libc_nano.a(libc_a-findfp.o) (_malloc_r)
C:/PROGRA~2/ARMGNU~1/133167~1.3RE/bin/../lib/gcc/arm-none-eabi/13.3.1/thumb/v7e-m+fp/hard\libc_nano.a(libc_a-mlock.o)
                              C:/PROGRA~2/ARMGNU~1/133167~1.3RE/bin/../lib/gcc/arm-none-eabi/13.3.1/thumb/v7e-m+fp/hard\libc_nano.a(libc_a-freer.o) (__malloc_lock)
C:/PROGRA~2/ARMGNU~1/133167~1.3RE/bin/../lib/gcc/arm-none-eabi/13.3.1/thumb/v7e-m+fp/hard\libc_nano.a(libc_a-fflush.o)
                              C:/PROGRA~2/ARMGNU~1/133167~1.3RE/bin/../lib/gcc/arm-none-eabi/13.3.1/thumb/v7e-m+fp/hard\libc_nano.a(libc_a-findfp.o) (_fflush_r)
C:/PROGRA~2/ARMGNU~1/133167~1.3RE/bin/../lib/gcc/arm-none-eabi/13.3.1/thumb/v7e-m+fp/hard\libc_nano.a(libc_a-sbrkr.o)
[...]
Memory Configuration

Name             Origin             Length             Attributes
RAM              0x20000000         0x00020000         xrw
FLASH            0x08000000         0x00080000         xr
*default*        0x00000000         0xffffffff

Linker script and memory map

LOAD C:/PROGRA~2/ARMGNU~1/133167~1.3RE/bin/../lib/gcc/arm-none-eabi/13.3.1/thumb/v7e-m+fp/hard/crti.o
LOAD C:/PROGRA~2/ARMGNU~1/133167~1.3RE/bin/../lib/gcc/arm-none-eabi/13.3.1/thumb/v7e-m+fp/hard/crtbegin.o
LOAD C:/PROGRA~2/ARMGNU~1/133167~1.3RE/bin/../lib/gcc/arm-none-eabi/13.3.1/thumb/v7e-m+fp/hard/crt0.o
START GROUP
LOAD C:/PROGRA~2/ARMGNU~1/133167~1.3RE/bin/../lib/gcc/arm-none-eabi/13.3.1/thumb/v7e-m+fp/hard\libc_nano.a
LOAD C:/PROGRA~2/ARMGNU~1/133167~1.3RE/bin/../lib/gcc/arm-none-eabi/13.3.1/thumb/v7e-m+fp/hard\libm.a
END GROUP
LOAD CMakeFiles/Firmware.dir/Core/Src/main.c.obj
LOAD CMakeFiles/Firmware.dir/Core/Src/gpio.c.obj
LOAD CMakeFiles/Firmware.dir/Core/Src/adc.c.obj
LOAD CMakeFiles/Firmware.dir/Core/Src/fdcan.c.obj
LOAD CMakeFiles/Firmware.dir/Core/Src/hrtim.c.obj
LOAD CMakeFiles/Firmware.dir/Core/Src/spi.c.obj
LOAD CMakeFiles/Firmware.dir/Core/Src/tim.c.obj
LOAD CMakeFiles/Firmware.dir/Core/Src/usart.c.obj
LOAD CMakeFiles/Firmware.dir/Core/Src/stm32g4xx_it.c.obj
LOAD CMakeFiles/Firmware.dir/Core/Src/stm32g4xx_hal_msp.c.obj
LOAD CMakeFiles/Firmware.dir/Drivers/STM32G4xx_HAL_Driver/Src/stm32g4xx_ll_utils.c.obj
LOAD CMakeFiles/Firmware.dir/Drivers/STM32G4xx_HAL_Driver/Src/stm32g4xx_ll_exti.c.obj
LOAD CMakeFiles/Firmware.dir/Drivers/STM32G4xx_HAL_Driver/Src/stm32g4xx_ll_gpio.c.obj
LOAD CMakeFiles/Firmware.dir/Drivers/STM32G4xx_HAL_Driver/Src/stm32g4xx_ll_adc.c.obj
LOAD CMakeFiles/Firmware.dir/Drivers/STM32G4xx_HAL_Driver/Src/stm32g4xx_ll_dma.c.obj
LOAD CMakeFiles/Firmware.dir/Drivers/STM32G4xx_HAL_Driver/Src/stm32g4xx_ll_pwr.c.obj
LOAD CMakeFiles/Firmware.dir/Drivers/STM32G4xx_HAL_Driver/Src/stm32g4xx_hal.c.obj
LOAD CMakeFiles/Firmware.dir/Drivers/STM32G4xx_HAL_Driver/Src/stm32g4xx_hal_rcc.c.obj
LOAD CMakeFiles/Firmware.dir/Drivers/STM32G4xx_HAL_Driver/Src/stm32g4xx_hal_rcc_ex.c.obj
LOAD CMakeFiles/Firmware.dir/Drivers/STM32G4xx_HAL_Driver/Src/stm32g4xx_hal_flash.c.obj
LOAD CMakeFiles/Firmware.dir/Drivers/STM32G4xx_HAL_Driver/Src/stm32g4xx_hal_flash_ex.c.obj
LOAD CMakeFiles/Firmware.dir/Drivers/STM32G4xx_HAL_Driver/Src/stm32g4xx_hal_flash_ramfunc.c.obj
LOAD CMakeFiles/Firmware.dir/Drivers/STM32G4xx_HAL_Driver/Src/stm32g4xx_hal_gpio.c.obj
LOAD CMakeFiles/Firmware.dir/Drivers/STM32G4xx_HAL_Driver/Src/stm32g4xx_hal_exti.c.obj
LOAD CMakeFiles/Firmware.dir/Drivers/STM32G4xx_HAL_Driver/Src/stm32g4xx_hal_dma.c.obj
LOAD CMakeFiles/Firmware.dir/Drivers/STM32G4xx_HAL_Driver/Src/stm32g4xx_hal_dma_ex.c.obj
LOAD CMakeFiles/Firmware.dir/Drivers/STM32G4xx_HAL_Driver/Src/stm32g4xx_hal_pwr.c.obj
LOAD CMakeFiles/Firmware.dir/Drivers/STM32G4xx_HAL_Driver/Src/stm32g4xx_hal_pwr_ex.c.obj
LOAD CMakeFiles/Firmware.dir/Drivers/STM32G4xx_HAL_Driver/Src/stm32g4xx_hal_cortex.c.obj
LOAD CMakeFiles/Firmware.dir/Drivers/STM32G4xx_HAL_Driver/Src/stm32g4xx_hal_fdcan.c.obj
LOAD CMakeFiles/Firmware.dir/Drivers/STM32G4xx_HAL_Driver/Src/stm32g4xx_ll_hrtim.c.obj
LOAD CMakeFiles/Firmware.dir/Drivers/STM32G4xx_HAL_Driver/Src/stm32g4xx_ll_spi.c.obj
LOAD CMakeFiles/Firmware.dir/Drivers/STM32G4xx_HAL_Driver/Src/stm32g4xx_hal_tim.c.obj
LOAD CMakeFiles/Firmware.dir/Drivers/STM32G4xx_HAL_Driver/Src/stm32g4xx_hal_tim_ex.c.obj
LOAD CMakeFiles/Firmware.dir/Drivers/STM32G4xx_HAL_Driver/Src/stm32g4xx_ll_tim.c.obj
LOAD CMakeFiles/Firmware.dir/Drivers/STM32G4xx_HAL_Driver/Src/stm32g4xx_ll_usart.c.obj
LOAD CMakeFiles/Firmware.dir/Drivers/STM32G4xx_HAL_Driver/Src/stm32g4xx_ll_rcc.c.obj
LOAD CMakeFiles/Firmware.dir/Core/Src/system_stm32g4xx.c.obj
LOAD CMakeFiles/Firmware.dir/Core/Src/sysmem.c.obj
LOAD CMakeFiles/Firmware.dir/Core/Src/syscalls.c.obj
LOAD CMakeFiles/Firmware.dir/startup_stm32g474xx.s.obj
START GROUP
LOAD C:/PROGRA~2/ARMGNU~1/133167~1.3RE/bin/../lib/gcc/arm-none-eabi/13.3.1/thumb/v7e-m+fp/hard\libgcc.a
LOAD C:/PROGRA~2/ARMGNU~1/133167~1.3RE/bin/../lib/gcc/arm-none-eabi/13.3.1/thumb/v7e-m+fp/hard\libg_nano.a
LOAD C:/PROGRA~2/ARMGNU~1/133167~1.3RE/bin/../lib/gcc/arm-none-eabi/13.3.1/thumb/v7e-m+fp/hard\libc_nano.a
END GROUP
START GROUP
LOAD C:/PROGRA~2/ARMGNU~1/133167~1.3RE/bin/../lib/gcc/arm-none-eabi/13.3.1/thumb/v7e-m+fp/hard\libgcc.a
LOAD C:/PROGRA~2/ARMGNU~1/133167~1.3RE/bin/../lib/gcc/arm-none-eabi/13.3.1/thumb/v7e-m+fp/hard\libc_nano.a
END GROUP
LOAD C:/PROGRA~2/ARMGNU~1/133167~1.3RE/bin/../lib/gcc/arm-none-eabi/13.3.1/thumb/v7e-m+fp/hard/crtend.o
LOAD C:/PROGRA~2/ARMGNU~1/133167~1.3RE/bin/../lib/gcc/arm-none-eabi/13.3.1/thumb/v7e-m+fp/hard/crtn.o
                0x20020000                        _estack = (ORIGIN (RAM) + LENGTH (RAM))
                0x00000200                        _Min_Heap_Size = 0x200
                0x00000400                        _Min_Stack_Size = 0x400

.isr_vector     0x08000000      0x1d8
                0x08000000                        . = ALIGN (0x4)
 *(.isr_vector)
 .isr_vector    0x08000000      0x1d8 CMakeFiles/Firmware.dir/startup_stm32g474xx.s.obj
                0x08000000                g_pfnVectors
                0x080001d8                        . = ALIGN (0x4)

.text           0x080001d8     0x6694
                0x080001d8                        . = ALIGN (0x4)
 *(.text)
 .text          0x080001d8      0x378 C:/PROGRA~2/ARMGNU~1/133167~1.3RE/bin/../lib/gcc/arm-none-eabi/13.3.1/thumb/v7e-m+fp/hard\libgcc.a(_arm_addsubdf3.o)
                0x080001d8                __aeabi_drsub
                0x080001e0                __aeabi_dsub
                0x080001e0                __subdf3
                0x080001e4                __aeabi_dadd
                0x080001e4                __adddf3
                0x0800045c                __floatunsidf
                0x0800045c                __aeabi_ui2d
                0x0800047c                __floatsidf
                0x0800047c                __aeabi_i2d
                0x080004a0                __aeabi_f2d
                0x080004a0                __extendsfdf2
                0x080004e4                __floatundidf
                0x080004e4                __aeabi_ul2d
                0x080004f4                __floatdidf
                0x080004f4                __aeabi_l2d
 .text          0x08000550       0x50 C:/PROGRA~2/ARMGNU~1/133167~1.3RE/bin/../lib/gcc/arm-none-eabi/13.3.1/thumb/v7e-m+fp/hard\libgcc.a(_arm_fixdfsi.o)
                0x08000550                __aeabi_d2iz
                0x08000550                __fixdfsi
 .text          0x080005a0       0xa0 C:/PROGRA~2/ARMGNU~1/133167~1.3RE/bin/../lib/gcc/arm-none-eabi/13.3.1/thumb/v7e-m+fp/hard\libgcc.a(_arm_truncdfsf2.o)
                0x080005a0                __truncdfsf2
                0x080005a0                __aeabi_d2f
 .text          0x08000640      0x424 C:/PROGRA~2/ARMGNU~1/133167~1.3RE/bin/../lib/gcc/arm-none-eabi/13.3.1/thumb/v7e-m+fp/hard\libgcc.a(_arm_muldivdf3.o)
                0x08000640                __aeabi_dmul
                0x08000640                __muldf3
                0x08000894                __divdf3
                0x08000894                __aeabi_ddiv
 .text          0x08000a64      0x110 C:/PROGRA~2/ARMGNU~1/133167~1.3RE/bin/../lib/gcc/arm-none-eabi/13.3.1/thumb/v7e-m+fp/hard\libgcc.a(_arm_cmpdf2.o)
                0x08000a64                __gtdf2
                0x08000a64                __gedf2
                0x08000a6c                __ltdf2
                0x08000a6c                __ledf2
                0x08000a74                __nedf2
                0x08000a74                __eqdf2
                0x08000a74                __cmpdf2
                0x08000af0                __aeabi_cdrcmple
                0x08000b00                __aeabi_cdcmpeq
                0x08000b00                __aeabi_cdcmple
                0x08000b10                __aeabi_dcmpeq
                0x08000b24                __aeabi_dcmplt
                0x08000b38                __aeabi_dcmple
                0x08000b4c                __aeabi_dcmpge
                0x08000b60                __aeabi_dcmpgt
 .text          0x08000b74       0x2c C:/PROGRA~2/ARMGNU~1/133167~1.3RE/bin/../lib/gcc/arm-none-eabi/13.3.1/thumb/v7e-m+fp/hard\libgcc.a(_arm_unorddf2.o)
                0x08000b74                __unorddf2
                0x08000b74                __aeabi_dcmpun
 *(.text*)
 .text.deregister_tm_clones
                0x08000ba0       0x1c C:/PROGRA~2/ARMGNU~1/133167~1.3RE/bin/../lib/gcc/arm-none-eabi/13.3.1/thumb/v7e-m+fp/hard/crtbegin.o
 .text.register_tm_clones
                0x08000bbc       0x24 C:/PROGRA~2/ARMGNU~1/133167~1.3RE/bin/../lib/gcc/arm-none-eabi/13.3.1/thumb/v7e-m+fp/hard/crtbegin.o
 .text.__do_global_dtors_aux
                0x08000be0       0x28 C:/PROGRA~2/ARMGNU~1/133167~1.3RE/bin/../lib/gcc/arm-none-eabi/13.3.1/thumb/v7e-m+fp/hard/crtbegin.o
 .text.frame_dummy
                0x08000c08       0x24 C:/PROGRA~2/ARMGNU~1/133167~1.3RE/bin/../lib/gcc/arm-none-eabi/13.3.1/thumb/v7e-m+fp/hard/crtbegin.o
 .text.memset   0x08000c2c       0x10 C:/PROGRA~2/ARMGNU~1/133167~1.3RE/bin/../lib/gcc/arm-none-eabi/13.3.1/thumb/v7e-m+fp/hard\libc_nano.a(libc_a-memset.o)
                0x08000c2c                memset
 .text.__libc_init_array
                0x08000c3c       0x48 C:/PROGRA~2/ARMGNU~1/133167~1.3RE/bin/../lib/gcc/arm-none-eabi/13.3.1/thumb/v7e-m+fp/hard\libc_nano.a(libc_a-init.o)
                0x08000c3c                __libc_init_array
 .text.LL_ADC_REG_SetSequencerRanks
                0x08000c84       0x58 CMakeFiles/Firmware.dir/Core/Src/main.c.obj
 .text.LL_ADC_Enable
                0x08000cdc       0x28 CMakeFiles/Firmware.dir/Core/Src/main.c.obj
 .text.LL_ADC_IsEnabled
                0x08000d04       0x26 CMakeFiles/Firmware.dir/Core/Src/main.c.obj
 .text.LL_ADC_StartCalibration
                0x08000d2a       0x32 CMakeFiles/Firmware.dir/Core/Src/main.c.obj
 .text.LL_ADC_IsCalibrationOnGoing
                0x08000d5c       0x28 CMakeFiles/Firmware.dir/Core/Src/main.c.obj
 .text.LL_ADC_REG_StartConversion
                0x08000d84       0x28 CMakeFiles/Firmware.dir/Core/Src/main.c.obj
 .text.LL_ADC_REG_ReadConversionData12
                0x08000dac       0x1a CMakeFiles/Firmware.dir/Core/Src/main.c.obj
 .text.LL_ADC_IsActiveFlag_ADRDY
                0x08000dc6       0x26 CMakeFiles/Firmware.dir/Core/Src/main.c.obj
 .text.LL_ADC_IsActiveFlag_EOC
                0x08000dec       0x26 CMakeFiles/Firmware.dir/Core/Src/main.c.obj
 .text.LL_ADC_ClearFlag_EOC
                0x08000e12       0x1a CMakeFiles/Firmware.dir/Core/Src/main.c.obj
 .text.LL_HRTIM_EnableOutput
                0x08000e2c       0x2a CMakeFiles/Firmware.dir/Core/Src/main.c.obj
 .text.LL_HRTIM_TIM_CounterEnable
                0x08000e56       0x22 CMakeFiles/Firmware.dir/Core/Src/main.c.obj
 .text.LL_HRTIM_TIM_SetCompare1
                0x08000e78       0x68 CMakeFiles/Firmware.dir/Core/Src/main.c.obj
 .text.LL_HRTIM_TIM_SetCompare2
                0x08000ee0       0x68 CMakeFiles/Firmware.dir/Core/Src/main.c.obj
 .text.LL_HRTIM_TIM_SetCompare3
                0x08000f48       0x68 CMakeFiles/Firmware.dir/Core/Src/main.c.obj
 .text.LL_HRTIM_TIM_SetCompare4
                0x08000fb0       0x68 CMakeFiles/Firmware.dir/Core/Src/main.c.obj
 .text.LL_RCC_HSI_Enable
                0x08001018       0x20 CMakeFiles/Firmware.dir/Core/Src/main.c.obj
 .text.LL_RCC_HSI_IsReady
                0x08001038       0x28 CMakeFiles/Firmware.dir/Core/Src/main.c.obj
 .text.LL_RCC_HSI_SetCalibTrimming
                0x08001060       0x2c CMakeFiles/Firmware.dir/Core/Src/main.c.obj
 .text.LL_RCC_SetSysClkSource
                0x0800108c       0x28 CMakeFiles/Firmware.dir/Core/Src/main.c.obj
 .text.LL_RCC_GetSysClkSource
                0x080010b4       0x1c CMakeFiles/Firmware.dir/Core/Src/main.c.obj
 .text.LL_RCC_SetAHBPrescaler
                0x080010d0       0x28 CMakeFiles/Firmware.dir/Core/Src/main.c.obj
 .text.LL_RCC_SetAPB1Prescaler
                0x080010f8       0x28 CMakeFiles/Firmware.dir/Core/Src/main.c.obj
 .text.LL_RCC_SetAPB2Prescaler
                0x08001120       0x28 CMakeFiles/Firmware.dir/Core/Src/main.c.obj
 .text.LL_RCC_PLL_Enable
                0x08001148       0x20 CMakeFiles/Firmware.dir/Core/Src/main.c.obj
 .text.LL_RCC_PLL_IsReady
                0x08001168       0x28 CMakeFiles/Firmware.dir/Core/Src/main.c.obj
 .text.LL_RCC_PLL_ConfigDomain_SYS
                0x08001190       0x40 CMakeFiles/Firmware.dir/Core/Src/main.c.obj
 .text.LL_RCC_PLL_EnableDomain_SYS
                0x080011d0       0x20 CMakeFiles/Firmware.dir/Core/Src/main.c.obj
 .text.LL_FLASH_SetLatency
                0x080011f0       0x28 CMakeFiles/Firmware.dir/Core/Src/main.c.obj
 .text.LL_FLASH_GetLatency
                0x08001218       0x1c CMakeFiles/Firmware.dir/Core/Src/main.c.obj
 .text.LL_PWR_EnableRange1BoostMode
                0x08001234       0x24 CMakeFiles/Firmware.dir/Core/Src/main.c.obj
 .text.LL_TIM_EnableCounter
                0x08001258       0x20 CMakeFiles/Firmware.dir/Core/Src/main.c.obj
 .text.LL_GPIO_SetOutputPin
                0x08001278       0x1c CMakeFiles/Firmware.dir/Core/Src/main.c.obj
 .text.LL_GPIO_ResetOutputPin
                0x08001294       0x1c CMakeFiles/Firmware.dir/Core/Src/main.c.obj
 .text.Read_ADC1_Channel
                0x080012b0       0x4c CMakeFiles/Firmware.dir/Core/Src/main.c.obj
                0x080012b0                Read_ADC1_Channel
 *fill*         0x080012fc        0x4 
 .text.main     0x08001300      0x500 CMakeFiles/Firmware.dir/Core/Src/main.c.obj
                0x08001300                main
 .text.SystemClock_Config
                0x08001800       0xb0 CMakeFiles/Firmware.dir/Core/Src/main.c.obj
                0x08001800                SystemClock_Config
 .text.writePwm
                0x080018b0       0xf0 CMakeFiles/Firmware.dir/Core/Src/main.c.obj
                0x080018b0                writePwm
 .text.Error_Handler
                0x080019a0        0xc CMakeFiles/Firmware.dir/Core/Src/main.c.obj
                0x080019a0                Error_Handler
 .text.LL_AHB2_GRP1_EnableClock
                0x080019ac       0x30 CMakeFiles/Firmware.dir/Core/Src/gpio.c.obj
 .text.LL_GPIO_ResetOutputPin
                0x080019dc       0x1c CMakeFiles/Firmware.dir/Core/Src/gpio.c.obj
 .text.MX_GPIO_Init
                0x080019f8      0x20c CMakeFiles/Firmware.dir/Core/Src/gpio.c.obj
                0x080019f8                MX_GPIO_Init
 .text.LL_ADC_SetGainCompensation
                0x08001c04       0x4a CMakeFiles/Firmware.dir/Core/Src/adc.c.obj
 .text.LL_ADC_REG_SetSequencerRanks
                0x08001c4e       0x58 CMakeFiles/Firmware.dir/Core/Src/adc.c.obj
 .text.LL_ADC_SetChannelSamplingTime
                0x08001ca6       0x56 CMakeFiles/Firmware.dir/Core/Src/adc.c.obj
 .text.LL_ADC_SetChannelSingleDiff
                0x08001cfc       0x48 CMakeFiles/Firmware.dir/Core/Src/adc.c.obj
 .text.LL_ADC_SetOverSamplingScope
                0x08001d44       0x2a CMakeFiles/Firmware.dir/Core/Src/adc.c.obj
 .text.LL_ADC_DisableDeepPowerDown
                0x08001d6e       0x24 CMakeFiles/Firmware.dir/Core/Src/adc.c.obj
 .text.LL_ADC_EnableInternalRegulator
                0x08001d92       0x28 CMakeFiles/Firmware.dir/Core/Src/adc.c.obj
 *fill*         0x08001dba        0x2 
 .text.LL_RCC_SetADCClockSource
                0x08001dbc       0x48 CMakeFiles/Firmware.dir/Core/Src/adc.c.obj
 .text.LL_AHB2_GRP1_EnableClock
                0x08001e04       0x30 CMakeFiles/Firmware.dir/Core/Src/adc.c.obj
 .text.MX_ADC1_Init
                0x08001e34      0x1dc CMakeFiles/Firmware.dir/Core/Src/adc.c.obj
                0x08001e34                MX_ADC1_Init
 .text.MX_ADC2_Init
                0x08002010      0x1e8 CMakeFiles/Firmware.dir/Core/Src/adc.c.obj
                0x08002010                MX_ADC2_Init
 .text.MX_ADC3_Init
                0x080021f8      0x180 CMakeFiles/Firmware.dir/Core/Src/adc.c.obj
                0x080021f8                MX_ADC3_Init
 .text.MX_ADC4_Init
                0x08002378      0x12c CMakeFiles/Firmware.dir/Core/Src/adc.c.obj
                0x08002378                MX_ADC4_Init
 .text.LL_RCC_SetFDCANClockSource
                0x080024a4       0x2c CMakeFiles/Firmware.dir/Core/Src/fdcan.c.obj
 .text.MX_FDCAN1_Init
                0x080024d0       0x90 CMakeFiles/Firmware.dir/Core/Src/fdcan.c.obj
                0x080024d0                MX_FDCAN1_Init
 .text.MX_FDCAN2_Init
                0x08002560       0x8c CMakeFiles/Firmware.dir/Core/Src/fdcan.c.obj
                0x08002560                MX_FDCAN2_Init
 .text.HAL_FDCAN_MspInit
                0x080025ec      0x144 CMakeFiles/Firmware.dir/Core/Src/fdcan.c.obj
                0x080025ec                HAL_FDCAN_MspInit
 .text.LL_HRTIM_ForceUpdate
                0x08002730       0x2c CMakeFiles/Firmware.dir/Core/Src/hrtim.c.obj
 .text.LL_HRTIM_ConfigDLLCalibration
                0x0800275c       0x30 CMakeFiles/Firmware.dir/Core/Src/hrtim.c.obj
 .text.LL_HRTIM_TIM_SetPrescaler
                0x0800278c       0x64 CMakeFiles/Firmware.dir/Core/Src/hrtim.c.obj
 .text.LL_HRTIM_TIM_SetCounterMode
                0x080027f0       0x64 CMakeFiles/Firmware.dir/Core/Src/hrtim.c.obj
 .text.LL_HRTIM_TIM_DisableHalfMode
                0x08002854       0x7c CMakeFiles/Firmware.dir/Core/Src/hrtim.c.obj
 .text.LL_HRTIM_TIM_DisableResyncUpdate
                0x080028d0       0x60 CMakeFiles/Firmware.dir/Core/Src/hrtim.c.obj
 .text.LL_HRTIM_TIM_SetInterleavedMode
                0x08002930       0x88 CMakeFiles/Firmware.dir/Core/Src/hrtim.c.obj
 .text.LL_HRTIM_TIM_DisableStartOnSync
                0x080029b8       0x60 CMakeFiles/Firmware.dir/Core/Src/hrtim.c.obj
 .text.LL_HRTIM_TIM_DisableResetOnSync
                0x08002a18       0x60 CMakeFiles/Firmware.dir/Core/Src/hrtim.c.obj
 .text.LL_HRTIM_TIM_SetDACTrig
                0x08002a78       0x64 CMakeFiles/Firmware.dir/Core/Src/hrtim.c.obj
 .text.LL_HRTIM_TIM_DisablePreload
                0x08002adc       0x60 CMakeFiles/Firmware.dir/Core/Src/hrtim.c.obj
 .text.LL_HRTIM_TIM_SetUpdateTrig
                0x08002b3c       0x80 CMakeFiles/Firmware.dir/Core/Src/hrtim.c.obj
 .text.LL_HRTIM_TIM_SetUpdateGating
                0x08002bbc       0x80 CMakeFiles/Firmware.dir/Core/Src/hrtim.c.obj
 .text.LL_HRTIM_TIM_DisablePushPullMode
                0x08002c3c       0x60 CMakeFiles/Firmware.dir/Core/Src/hrtim.c.obj
 .text.LL_HRTIM_TIM_SetCompareMode
                0x08002c9c       0xc8 CMakeFiles/Firmware.dir/Core/Src/hrtim.c.obj
 .text.LL_HRTIM_TIM_SetPeriod
                0x08002d64       0x68 CMakeFiles/Firmware.dir/Core/Src/hrtim.c.obj
 .text.LL_HRTIM_TIM_SetRepetition
                0x08002dcc       0x68 CMakeFiles/Firmware.dir/Core/Src/hrtim.c.obj
 .text.LL_HRTIM_TIM_SetCompare1
                0x08002e34       0x68 CMakeFiles/Firmware.dir/Core/Src/hrtim.c.obj
 .text.LL_HRTIM_TIM_SetCompare2
                0x08002e9c       0x68 CMakeFiles/Firmware.dir/Core/Src/hrtim.c.obj
 .text.LL_HRTIM_TIM_SetCompare3
                0x08002f04       0x68 CMakeFiles/Firmware.dir/Core/Src/hrtim.c.obj
 .text.LL_HRTIM_TIM_SetCompare4
                0x08002f6c       0x68 CMakeFiles/Firmware.dir/Core/Src/hrtim.c.obj
 .text.LL_HRTIM_TIM_SetResetTrig
                0x08002fd4       0x5c CMakeFiles/Firmware.dir/Core/Src/hrtim.c.obj
 .text.LL_HRTIM_TIM_DisableDeadTime
                0x08003030       0x60 CMakeFiles/Firmware.dir/Core/Src/hrtim.c.obj
 .text.LL_HRTIM_TIM_EnableDLYPRT
                0x08003090       0x60 CMakeFiles/Firmware.dir/Core/Src/hrtim.c.obj
 .text.LL_HRTIM_TIM_SetBurstModeOption
                0x080030f0       0x60 CMakeFiles/Firmware.dir/Core/Src/hrtim.c.obj
 .text.LL_HRTIM_TIM_SetTriggeredHalfMode
                0x08003150       0x8c CMakeFiles/Firmware.dir/Core/Src/hrtim.c.obj
 .text.LL_HRTIM_TIM_SetComp1Mode
                0x080031dc       0x8c CMakeFiles/Firmware.dir/Core/Src/hrtim.c.obj
 .text.LL_HRTIM_TIM_SetComp3Mode
                0x08003268       0x8c CMakeFiles/Firmware.dir/Core/Src/hrtim.c.obj
 .text.LL_HRTIM_TIM_SetCountingMode
                0x080032f4       0x8c CMakeFiles/Firmware.dir/Core/Src/hrtim.c.obj
 .text.LL_HRTIM_OUT_SetOutputSetSrc
                0x08003380       0x80 CMakeFiles/Firmware.dir/Core/Src/hrtim.c.obj
 .text.LL_HRTIM_OUT_SetOutputResetSrc
                0x08003400       0x80 CMakeFiles/Firmware.dir/Core/Src/hrtim.c.obj
 .text.LL_HRTIM_OUT_SetPolarity
                0x08003480       0xa8 CMakeFiles/Firmware.dir/Core/Src/hrtim.c.obj
 .text.LL_HRTIM_OUT_SetIdleMode
                0x08003528       0xa8 CMakeFiles/Firmware.dir/Core/Src/hrtim.c.obj
 .text.LL_HRTIM_OUT_SetIdleLevel
                0x080035d0       0xa8 CMakeFiles/Firmware.dir/Core/Src/hrtim.c.obj
 .text.LL_HRTIM_OUT_SetFaultState
                0x08003678       0xa8 CMakeFiles/Firmware.dir/Core/Src/hrtim.c.obj
 .text.LL_HRTIM_OUT_SetChopperMode
                0x08003720       0xa8 CMakeFiles/Firmware.dir/Core/Src/hrtim.c.obj
 .text.LL_HRTIM_IsActiveFlag_DLLRDY
                0x080037c8       0x2a CMakeFiles/Firmware.dir/Core/Src/hrtim.c.obj
 *fill*         0x080037f2        0x2 
 .text.LL_AHB2_GRP1_EnableClock
                0x080037f4       0x30 CMakeFiles/Firmware.dir/Core/Src/hrtim.c.obj
 .text.LL_APB2_GRP1_EnableClock
                0x08003824       0x30 CMakeFiles/Firmware.dir/Core/Src/hrtim.c.obj
 .text.MX_HRTIM1_Init
                0x08003854      0x7d8 CMakeFiles/Firmware.dir/Core/Src/hrtim.c.obj
                0x08003854                MX_HRTIM1_Init
 .text.LL_AHB2_GRP1_EnableClock
                0x0800402c       0x30 CMakeFiles/Firmware.dir/Core/Src/spi.c.obj
 .text.LL_APB1_GRP1_EnableClock
                0x0800405c       0x30 CMakeFiles/Firmware.dir/Core/Src/spi.c.obj
 .text.LL_SPI_SetStandard
                0x0800408c       0x26 CMakeFiles/Firmware.dir/Core/Src/spi.c.obj
 .text.LL_SPI_EnableNSSPulseMgt
                0x080040b2       0x20 CMakeFiles/Firmware.dir/Core/Src/spi.c.obj
 *fill*         0x080040d2        0x2 
 .text.MX_SPI3_Init
                0x080040d4       0xf8 CMakeFiles/Firmware.dir/Core/Src/spi.c.obj
                0x080040d4                MX_SPI3_Init
 .text.LL_APB1_GRP1_EnableClock
                0x080041cc       0x30 CMakeFiles/Firmware.dir/Core/Src/tim.c.obj
 .text.LL_TIM_EnableARRPreload
                0x080041fc       0x20 CMakeFiles/Firmware.dir/Core/Src/tim.c.obj
 .text.LL_TIM_SetClockSource
                0x0800421c       0x2a CMakeFiles/Firmware.dir/Core/Src/tim.c.obj
 .text.LL_TIM_SetTriggerOutput
                0x08004246       0x2a CMakeFiles/Firmware.dir/Core/Src/tim.c.obj
 .text.LL_TIM_DisableMasterSlaveMode
                0x08004270       0x20 CMakeFiles/Firmware.dir/Core/Src/tim.c.obj
 .text.MX_TIM2_Init
                0x08004290       0x64 CMakeFiles/Firmware.dir/Core/Src/tim.c.obj
                0x08004290                MX_TIM2_Init
 .text.LL_RCC_SetUSARTClockSource
                0x080042f4       0x34 CMakeFiles/Firmware.dir/Core/Src/usart.c.obj
 .text.LL_AHB2_GRP1_EnableClock
                0x08004328       0x30 CMakeFiles/Firmware.dir/Core/Src/usart.c.obj
 .text.LL_APB1_GRP1_EnableClock
                0x08004358       0x30 CMakeFiles/Firmware.dir/Core/Src/usart.c.obj
 .text.LL_USART_Enable
                0x08004388       0x20 CMakeFiles/Firmware.dir/Core/Src/usart.c.obj
 .text.LL_USART_DisableFIFO
                0x080043a8       0x20 CMakeFiles/Firmware.dir/Core/Src/usart.c.obj
 .text.LL_USART_SetTXFIFOThreshold
                0x080043c8       0x4e CMakeFiles/Firmware.dir/Core/Src/usart.c.obj
 .text.LL_USART_SetRXFIFOThreshold
                0x08004416       0x4e CMakeFiles/Firmware.dir/Core/Src/usart.c.obj
 .text.LL_USART_ConfigAsyncMode
                0x08004464       0x2c CMakeFiles/Firmware.dir/Core/Src/usart.c.obj
 .text.LL_USART_IsActiveFlag_TEACK
                0x08004490       0x28 CMakeFiles/Firmware.dir/Core/Src/usart.c.obj
 .text.LL_USART_IsActiveFlag_REACK
                0x080044b8       0x28 CMakeFiles/Firmware.dir/Core/Src/usart.c.obj
 .text.MX_USART3_UART_Init
                0x080044e0      0x100 CMakeFiles/Firmware.dir/Core/Src/usart.c.obj
                0x080044e0                MX_USART3_UART_Init
 .text.NMI_Handler
                0x080045e0        0x8 CMakeFiles/Firmware.dir/Core/Src/stm32g4xx_it.c.obj
                0x080045e0                NMI_Handler
 .text.HardFault_Handler
                0x080045e8        0x8 CMakeFiles/Firmware.dir/Core/Src/stm32g4xx_it.c.obj
                0x080045e8                HardFault_Handler
 .text.MemManage_Handler
                0x080045f0        0x8 CMakeFiles/Firmware.dir/Core/Src/stm32g4xx_it.c.obj
                0x080045f0                MemManage_Handler
 .text.BusFault_Handler
                0x080045f8        0x8 CMakeFiles/Firmware.dir/Core/Src/stm32g4xx_it.c.obj
                0x080045f8                BusFault_Handler
 .text.UsageFault_Handler
                0x08004600        0x8 CMakeFiles/Firmware.dir/Core/Src/stm32g4xx_it.c.obj
                0x08004600                UsageFault_Handler
 .text.SVC_Handler
                0x08004608        0xe CMakeFiles/Firmware.dir/Core/Src/stm32g4xx_it.c.obj
                0x08004608                SVC_Handler
 .text.DebugMon_Handler
                0x08004616        0xe CMakeFiles/Firmware.dir/Core/Src/stm32g4xx_it.c.obj
                0x08004616                DebugMon_Handler
 .text.PendSV_Handler
                0x08004624        0xe CMakeFiles/Firmware.dir/Core/Src/stm32g4xx_it.c.obj
                0x08004624                PendSV_Handler
 .text.SysTick_Handler
                0x08004632        0xc CMakeFiles/Firmware.dir/Core/Src/stm32g4xx_it.c.obj
                0x08004632                SysTick_Handler
 *fill*         0x0800463e        0x2 
 .text.FDCAN1_IT0_IRQHandler
                0x08004640       0x14 CMakeFiles/Firmware.dir/Core/Src/stm32g4xx_it.c.obj
                0x08004640                FDCAN1_IT0_IRQHandler
 .text.FDCAN2_IT0_IRQHandler
                0x08004654       0x14 CMakeFiles/Firmware.dir/Core/Src/stm32g4xx_it.c.obj
                0x08004654                FDCAN2_IT0_IRQHandler
 .text.HAL_MspInit
                0x08004668       0x58 CMakeFiles/Firmware.dir/Core/Src/stm32g4xx_hal_msp.c.obj
                0x08004668                HAL_MspInit
 .text.LL_mDelay
                0x080046c0       0x50 CMakeFiles/Firmware.dir/Drivers/STM32G4xx_HAL_Driver/Src/stm32g4xx_ll_utils.c.obj
                0x080046c0                LL_mDelay
 .text.LL_SetSystemCoreClock
                0x08004710       0x20 CMakeFiles/Firmware.dir/Drivers/STM32G4xx_HAL_Driver/Src/stm32g4xx_ll_utils.c.obj
                0x08004710                LL_SetSystemCoreClock
 .text.LL_GPIO_SetPinMode
                0x08004730       0x7a CMakeFiles/Firmware.dir/Drivers/STM32G4xx_HAL_Driver/Src/stm32g4xx_ll_gpio.c.obj
 .text.LL_GPIO_SetPinOutputType
                0x080047aa       0x30 CMakeFiles/Firmware.dir/Drivers/STM32G4xx_HAL_Driver/Src/stm32g4xx_ll_gpio.c.obj
 .text.LL_GPIO_SetPinSpeed
                0x080047da       0x7a CMakeFiles/Firmware.dir/Drivers/STM32G4xx_HAL_Driver/Src/stm32g4xx_ll_gpio.c.obj
 .text.LL_GPIO_SetPinPull
                0x08004854       0x7a CMakeFiles/Firmware.dir/Drivers/STM32G4xx_HAL_Driver/Src/stm32g4xx_ll_gpio.c.obj
 .text.LL_GPIO_SetAFPin_0_7
                0x080048ce       0x7a CMakeFiles/Firmware.dir/Drivers/STM32G4xx_HAL_Driver/Src/stm32g4xx_ll_gpio.c.obj
 .text.LL_GPIO_SetAFPin_8_15
                0x08004948       0x7e CMakeFiles/Firmware.dir/Drivers/STM32G4xx_HAL_Driver/Src/stm32g4xx_ll_gpio.c.obj
 .text.LL_GPIO_Init
                0x080049c6       0xdc CMakeFiles/Firmware.dir/Drivers/STM32G4xx_HAL_Driver/Src/stm32g4xx_ll_gpio.c.obj
                0x080049c6                LL_GPIO_Init
 .text.LL_ADC_REG_SetSequencerLength
                0x08004aa2       0x26 CMakeFiles/Firmware.dir/Drivers/STM32G4xx_HAL_Driver/Src/stm32g4xx_ll_adc.c.obj
 .text.LL_ADC_IsEnabled
                0x08004ac8       0x26 CMakeFiles/Firmware.dir/Drivers/STM32G4xx_HAL_Driver/Src/stm32g4xx_ll_adc.c.obj
 *fill*         0x08004aee        0x2 
 .text.LL_ADC_CommonInit
                0x08004af0       0xc8 CMakeFiles/Firmware.dir/Drivers/STM32G4xx_HAL_Driver/Src/stm32g4xx_ll_adc.c.obj
                0x08004af0                LL_ADC_CommonInit
 .text.LL_ADC_Init
                0x08004bb8       0x4c CMakeFiles/Firmware.dir/Drivers/STM32G4xx_HAL_Driver/Src/stm32g4xx_ll_adc.c.obj
                0x08004bb8                LL_ADC_Init
 .text.LL_ADC_REG_Init
                0x08004c04       0x94 CMakeFiles/Firmware.dir/Drivers/STM32G4xx_HAL_Driver/Src/stm32g4xx_ll_adc.c.obj
                0x08004c04                LL_ADC_REG_Init
 .text.HAL_Init
                0x08004c98       0x30 CMakeFiles/Firmware.dir/Drivers/STM32G4xx_HAL_Driver/Src/stm32g4xx_hal.c.obj
                0x08004c98                HAL_Init
 .text.HAL_InitTick
                0x08004cc8       0x74 CMakeFiles/Firmware.dir/Drivers/STM32G4xx_HAL_Driver/Src/stm32g4xx_hal.c.obj
                0x08004cc8                HAL_InitTick
 .text.HAL_IncTick
                0x08004d3c       0x24 CMakeFiles/Firmware.dir/Drivers/STM32G4xx_HAL_Driver/Src/stm32g4xx_hal.c.obj
                0x08004d3c                HAL_IncTick
 .text.HAL_GetTick
                0x08004d60       0x18 CMakeFiles/Firmware.dir/Drivers/STM32G4xx_HAL_Driver/Src/stm32g4xx_hal.c.obj
                0x08004d60                HAL_GetTick
 .text.HAL_SYSCFG_VREFBUF_VoltageScalingConfig
                0x08004d78       0x28 CMakeFiles/Firmware.dir/Drivers/STM32G4xx_HAL_Driver/Src/stm32g4xx_hal.c.obj
                0x08004d78                HAL_SYSCFG_VREFBUF_VoltageScalingConfig
 .text.HAL_SYSCFG_VREFBUF_HighImpedanceConfig
                0x08004da0       0x28 CMakeFiles/Firmware.dir/Drivers/STM32G4xx_HAL_Driver/Src/stm32g4xx_hal.c.obj
                0x08004da0                HAL_SYSCFG_VREFBUF_HighImpedanceConfig
 .text.HAL_SYSCFG_EnableVREFBUF
                0x08004dc8       0x48 CMakeFiles/Firmware.dir/Drivers/STM32G4xx_HAL_Driver/Src/stm32g4xx_hal.c.obj
                0x08004dc8                HAL_SYSCFG_EnableVREFBUF
 .text.HAL_GPIO_Init
                0x08004e10      0x304 CMakeFiles/Firmware.dir/Drivers/STM32G4xx_HAL_Driver/Src/stm32g4xx_hal_gpio.c.obj
                0x08004e10                HAL_GPIO_Init
 .text.HAL_PWREx_DisableUCPDDeadBattery
                0x08005114       0x20 CMakeFiles/Firmware.dir/Drivers/STM32G4xx_HAL_Driver/Src/stm32g4xx_hal_pwr_ex.c.obj
                0x08005114                HAL_PWREx_DisableUCPDDeadBattery
 .text.__NVIC_SetPriorityGrouping
                0x08005134       0x48 CMakeFiles/Firmware.dir/Drivers/STM32G4xx_HAL_Driver/Src/stm32g4xx_hal_cortex.c.obj
 .text.__NVIC_GetPriorityGrouping
                0x0800517c       0x1c CMakeFiles/Firmware.dir/Drivers/STM32G4xx_HAL_Driver/Src/stm32g4xx_hal_cortex.c.obj
 .text.__NVIC_EnableIRQ
                0x08005198       0x3c CMakeFiles/Firmware.dir/Drivers/STM32G4xx_HAL_Driver/Src/stm32g4xx_hal_cortex.c.obj
 .text.__NVIC_SetPriority
                0x080051d4       0x54 CMakeFiles/Firmware.dir/Drivers/STM32G4xx_HAL_Driver/Src/stm32g4xx_hal_cortex.c.obj
 .text.NVIC_EncodePriority
                0x08005228       0x66 CMakeFiles/Firmware.dir/Drivers/STM32G4xx_HAL_Driver/Src/stm32g4xx_hal_cortex.c.obj
 *fill*         0x0800528e        0x2 
 .text.SysTick_Config
                0x08005290       0x44 CMakeFiles/Firmware.dir/Drivers/STM32G4xx_HAL_Driver/Src/stm32g4xx_hal_cortex.c.obj
 .text.HAL_NVIC_SetPriorityGrouping
                0x080052d4       0x16 CMakeFiles/Firmware.dir/Drivers/STM32G4xx_HAL_Driver/Src/stm32g4xx_hal_cortex.c.obj
                0x080052d4                HAL_NVIC_SetPriorityGrouping
 .text.HAL_NVIC_SetPriority
                0x080052ea       0x34 CMakeFiles/Firmware.dir/Drivers/STM32G4xx_HAL_Driver/Src/stm32g4xx_hal_cortex.c.obj
                0x080052ea                HAL_NVIC_SetPriority
 .text.HAL_NVIC_EnableIRQ
                0x0800531e       0x1c CMakeFiles/Firmware.dir/Drivers/STM32G4xx_HAL_Driver/Src/stm32g4xx_hal_cortex.c.obj
                0x0800531e                HAL_NVIC_EnableIRQ
 .text.HAL_SYSTICK_Config
                0x0800533a       0x18 CMakeFiles/Firmware.dir/Drivers/STM32G4xx_HAL_Driver/Src/stm32g4xx_hal_cortex.c.obj
                0x0800533a                HAL_SYSTICK_Config
 *fill*         0x08005352        0x2 
 .text.HAL_FDCAN_Init
                0x08005354      0x2b4 CMakeFiles/Firmware.dir/Drivers/STM32G4xx_HAL_Driver/Src/stm32g4xx_hal_fdcan.c.obj
                0x08005354                HAL_FDCAN_Init
 .text.HAL_FDCAN_IRQHandler
                0x08005608      0x266 CMakeFiles/Firmware.dir/Drivers/STM32G4xx_HAL_Driver/Src/stm32g4xx_hal_fdcan.c.obj
                0x08005608                HAL_FDCAN_IRQHandler
 .text.HAL_FDCAN_TxEventFifoCallback
                0x0800586e       0x16 CMakeFiles/Firmware.dir/Drivers/STM32G4xx_HAL_Driver/Src/stm32g4xx_hal_fdcan.c.obj
                0x0800586e                HAL_FDCAN_TxEventFifoCallback
 .text.HAL_FDCAN_RxFifo0Callback
                0x08005884       0x16 CMakeFiles/Firmware.dir/Drivers/STM32G4xx_HAL_Driver/Src/stm32g4xx_hal_fdcan.c.obj
                0x08005884                HAL_FDCAN_RxFifo0Callback
 .text.HAL_FDCAN_RxFifo1Callback
                0x0800589a       0x16 CMakeFiles/Firmware.dir/Drivers/STM32G4xx_HAL_Driver/Src/stm32g4xx_hal_fdcan.c.obj
                0x0800589a                HAL_FDCAN_RxFifo1Callback
 .text.HAL_FDCAN_TxFifoEmptyCallback
                0x080058b0       0x14 CMakeFiles/Firmware.dir/Drivers/STM32G4xx_HAL_Driver/Src/stm32g4xx_hal_fdcan.c.obj
                0x080058b0                HAL_FDCAN_TxFifoEmptyCallback
 .text.HAL_FDCAN_TxBufferCompleteCallback
                0x080058c4       0x16 CMakeFiles/Firmware.dir/Drivers/STM32G4xx_HAL_Driver/Src/stm32g4xx_hal_fdcan.c.obj
                0x080058c4                HAL_FDCAN_TxBufferCompleteCallback
 .text.HAL_FDCAN_TxBufferAbortCallback
                0x080058da       0x16 CMakeFiles/Firmware.dir/Drivers/STM32G4xx_HAL_Driver/Src/stm32g4xx_hal_fdcan.c.obj
                0x080058da                HAL_FDCAN_TxBufferAbortCallback
 .text.HAL_FDCAN_TimestampWraparoundCallback
                0x080058f0       0x14 CMakeFiles/Firmware.dir/Drivers/STM32G4xx_HAL_Driver/Src/stm32g4xx_hal_fdcan.c.obj
                0x080058f0                HAL_FDCAN_TimestampWraparoundCallback
 .text.HAL_FDCAN_TimeoutOccurredCallback
                0x08005904       0x14 CMakeFiles/Firmware.dir/Drivers/STM32G4xx_HAL_Driver/Src/stm32g4xx_hal_fdcan.c.obj
                0x08005904                HAL_FDCAN_TimeoutOccurredCallback
 .text.HAL_FDCAN_HighPriorityMessageCallback
                0x08005918       0x14 CMakeFiles/Firmware.dir/Drivers/STM32G4xx_HAL_Driver/Src/stm32g4xx_hal_fdcan.c.obj
                0x08005918                HAL_FDCAN_HighPriorityMessageCallback
 .text.HAL_FDCAN_ErrorCallback
                0x0800592c       0x14 CMakeFiles/Firmware.dir/Drivers/STM32G4xx_HAL_Driver/Src/stm32g4xx_hal_fdcan.c.obj
                0x0800592c                HAL_FDCAN_ErrorCallback
 .text.HAL_FDCAN_ErrorStatusCallback
                0x08005940       0x16 CMakeFiles/Firmware.dir/Drivers/STM32G4xx_HAL_Driver/Src/stm32g4xx_hal_fdcan.c.obj
                0x08005940                HAL_FDCAN_ErrorStatusCallback
 *fill*         0x08005956        0x2 
 .text.FDCAN_CalcultateRamBlockAddresses
                0x08005958       0xd8 CMakeFiles/Firmware.dir/Drivers/STM32G4xx_HAL_Driver/Src/stm32g4xx_hal_fdcan.c.obj
 .text.LL_SPI_IsEnabled
                0x08005a30       0x26 CMakeFiles/Firmware.dir/Drivers/STM32G4xx_HAL_Driver/Src/stm32g4xx_ll_spi.c.obj
 .text.LL_SPI_SetRxFIFOThreshold
                0x08005a56       0x26 CMakeFiles/Firmware.dir/Drivers/STM32G4xx_HAL_Driver/Src/stm32g4xx_ll_spi.c.obj
 .text.LL_SPI_SetCRCPolynomial
                0x08005a7c       0x20 CMakeFiles/Firmware.dir/Drivers/STM32G4xx_HAL_Driver/Src/stm32g4xx_ll_spi.c.obj
 .text.LL_SPI_Init
                0x08005a9c       0xbc CMakeFiles/Firmware.dir/Drivers/STM32G4xx_HAL_Driver/Src/stm32g4xx_ll_spi.c.obj
                0x08005a9c                LL_SPI_Init
 .text.LL_TIM_SetPrescaler
                0x08005b58       0x1c CMakeFiles/Firmware.dir/Drivers/STM32G4xx_HAL_Driver/Src/stm32g4xx_ll_tim.c.obj
 .text.LL_TIM_SetAutoReload
                0x08005b74       0x1c CMakeFiles/Firmware.dir/Drivers/STM32G4xx_HAL_Driver/Src/stm32g4xx_ll_tim.c.obj
 .text.LL_TIM_SetRepetitionCounter
                0x08005b90       0x1c CMakeFiles/Firmware.dir/Drivers/STM32G4xx_HAL_Driver/Src/stm32g4xx_ll_tim.c.obj
 .text.LL_TIM_GenerateEvent_UPDATE
                0x08005bac       0x20 CMakeFiles/Firmware.dir/Drivers/STM32G4xx_HAL_Driver/Src/stm32g4xx_ll_tim.c.obj
 .text.LL_TIM_Init
                0x08005bcc      0x144 CMakeFiles/Firmware.dir/Drivers/STM32G4xx_HAL_Driver/Src/stm32g4xx_ll_tim.c.obj
                0x08005bcc                LL_TIM_Init
 .text.LL_USART_IsEnabled
                0x08005d10       0x26 CMakeFiles/Firmware.dir/Drivers/STM32G4xx_HAL_Driver/Src/stm32g4xx_ll_usart.c.obj
 .text.LL_USART_SetPrescaler
                0x08005d36       0x28 CMakeFiles/Firmware.dir/Drivers/STM32G4xx_HAL_Driver/Src/stm32g4xx_ll_usart.c.obj
 .text.LL_USART_SetStopBitsLength
                0x08005d5e       0x26 CMakeFiles/Firmware.dir/Drivers/STM32G4xx_HAL_Driver/Src/stm32g4xx_ll_usart.c.obj
 .text.LL_USART_SetHWFlowCtrl
                0x08005d84       0x26 CMakeFiles/Firmware.dir/Drivers/STM32G4xx_HAL_Driver/Src/stm32g4xx_ll_usart.c.obj
 *fill*         0x08005daa        0x2 
 .text.LL_USART_SetBaudRate
                0x08005dac       0xa0 CMakeFiles/Firmware.dir/Drivers/STM32G4xx_HAL_Driver/Src/stm32g4xx_ll_usart.c.obj
 .text.LL_USART_Init
                0x08005e4c      0x10c CMakeFiles/Firmware.dir/Drivers/STM32G4xx_HAL_Driver/Src/stm32g4xx_ll_usart.c.obj
                0x08005e4c                LL_USART_Init
 .text.LL_RCC_HSI_IsReady
                0x08005f58       0x28 CMakeFiles/Firmware.dir/Drivers/STM32G4xx_HAL_Driver/Src/stm32g4xx_ll_rcc.c.obj
 .text.LL_RCC_LSE_IsReady
                0x08005f80       0x28 CMakeFiles/Firmware.dir/Drivers/STM32G4xx_HAL_Driver/Src/stm32g4xx_ll_rcc.c.obj
 .text.LL_RCC_GetSysClkSource
                0x08005fa8       0x1c CMakeFiles/Firmware.dir/Drivers/STM32G4xx_HAL_Driver/Src/stm32g4xx_ll_rcc.c.obj
 .text.LL_RCC_GetAHBPrescaler
                0x08005fc4       0x1c CMakeFiles/Firmware.dir/Drivers/STM32G4xx_HAL_Driver/Src/stm32g4xx_ll_rcc.c.obj
 .text.LL_RCC_GetAPB1Prescaler
                0x08005fe0       0x1c CMakeFiles/Firmware.dir/Drivers/STM32G4xx_HAL_Driver/Src/stm32g4xx_ll_rcc.c.obj
 .text.LL_RCC_GetAPB2Prescaler
                0x08005ffc       0x1c CMakeFiles/Firmware.dir/Drivers/STM32G4xx_HAL_Driver/Src/stm32g4xx_ll_rcc.c.obj
 .text.LL_RCC_GetUSARTClockSource
                0x08006018       0x28 CMakeFiles/Firmware.dir/Drivers/STM32G4xx_HAL_Driver/Src/stm32g4xx_ll_rcc.c.obj
 .text.LL_RCC_GetUARTClockSource
                0x08006040       0x28 CMakeFiles/Firmware.dir/Drivers/STM32G4xx_HAL_Driver/Src/stm32g4xx_ll_rcc.c.obj
 .text.LL_RCC_PLL_GetMainSource
                0x08006068       0x1c CMakeFiles/Firmware.dir/Drivers/STM32G4xx_HAL_Driver/Src/stm32g4xx_ll_rcc.c.obj
 .text.LL_RCC_PLL_GetN
                0x08006084       0x1c CMakeFiles/Firmware.dir/Drivers/STM32G4xx_HAL_Driver/Src/stm32g4xx_ll_rcc.c.obj
 .text.LL_RCC_PLL_GetR
                0x080060a0       0x1c CMakeFiles/Firmware.dir/Drivers/STM32G4xx_HAL_Driver/Src/stm32g4xx_ll_rcc.c.obj
 .text.LL_RCC_PLL_GetDivider
                0x080060bc       0x1c CMakeFiles/Firmware.dir/Drivers/STM32G4xx_HAL_Driver/Src/stm32g4xx_ll_rcc.c.obj
 .text.LL_RCC_GetUSARTClockFreq
                0x080060d8      0x188 CMakeFiles/Firmware.dir/Drivers/STM32G4xx_HAL_Driver/Src/stm32g4xx_ll_rcc.c.obj
                0x080060d8                LL_RCC_GetUSARTClockFreq
 .text.LL_RCC_GetUARTClockFreq
                0x08006260      0x10c CMakeFiles/Firmware.dir/Drivers/STM32G4xx_HAL_Driver/Src/stm32g4xx_ll_rcc.c.obj
                0x08006260                LL_RCC_GetUARTClockFreq
 .text.RCC_GetSystemClockFreq
                0x0800636c       0x4c CMakeFiles/Firmware.dir/Drivers/STM32G4xx_HAL_Driver/Src/stm32g4xx_ll_rcc.c.obj
 .text.RCC_GetHCLKClockFreq
                0x080063b8       0x30 CMakeFiles/Firmware.dir/Drivers/STM32G4xx_HAL_Driver/Src/stm32g4xx_ll_rcc.c.obj
 .text.RCC_GetPCLK1ClockFreq
                0x080063e8       0x2c CMakeFiles/Firmware.dir/Drivers/STM32G4xx_HAL_Driver/Src/stm32g4xx_ll_rcc.c.obj
 .text.RCC_GetPCLK2ClockFreq
                0x08006414       0x2c CMakeFiles/Firmware.dir/Drivers/STM32G4xx_HAL_Driver/Src/stm32g4xx_ll_rcc.c.obj
 .text.RCC_PLL_GetFreqDomain_SYS
                0x08006440       0x68 CMakeFiles/Firmware.dir/Drivers/STM32G4xx_HAL_Driver/Src/stm32g4xx_ll_rcc.c.obj
 .text.SystemInit
                0x080064a8       0x2c CMakeFiles/Firmware.dir/Core/Src/system_stm32g4xx.c.obj
                0x080064a8                SystemInit
 .text.Reset_Handler
                0x080064d4       0x50 CMakeFiles/Firmware.dir/startup_stm32g474xx.s.obj
                0x080064d4                Reset_Handler
 .text.Default_Handler
                0x08006524        0x2 CMakeFiles/Firmware.dir/startup_stm32g474xx.s.obj
                0x08006524                RTC_Alarm_IRQHandler
                0x08006524                EXTI2_IRQHandler
                0x08006524                TIM8_TRG_COM_IRQHandler
                0x08006524                TIM8_CC_IRQHandler
                0x08006524                HRTIM1_Master_IRQHandler
                0x08006524                SPI4_IRQHandler
                0x08006524                FDCAN3_IT0_IRQHandler
                0x08006524                TIM1_CC_IRQHandler
                0x08006524                HRTIM1_FLT_IRQHandler
                0x08006524                HRTIM1_TIMF_IRQHandler
                0x08006524                USB_HP_IRQHandler
                0x08006524                CORDIC_IRQHandler
                0x08006524                HRTIM1_TIMD_IRQHandler
                0x08006524                DMA2_Channel8_IRQHandler
                0x08006524                EXTI3_IRQHandler
                0x08006524                I2C3_ER_IRQHandler
                0x08006524                EXTI0_IRQHandler
                0x08006524                I2C2_EV_IRQHandler
                0x08006524                FPU_IRQHandler
                0x08006524                FDCAN1_IT1_IRQHandler
                0x08006524                TIM1_UP_TIM16_IRQHandler
                0x08006524                ADC1_2_IRQHandler
                0x08006524                HRTIM1_TIME_IRQHandler
                0x08006524                SPI1_IRQHandler
                0x08006524                TIM6_DAC_IRQHandler
                0x08006524                HRTIM1_TIMC_IRQHandler
                0x08006524                TIM8_UP_IRQHandler
                0x08006524                DMA2_Channel2_IRQHandler
                0x08006524                DMA1_Channel4_IRQHandler
                0x08006524                TIM20_TRG_COM_IRQHandler
                0x08006524                USART3_IRQHandler
                0x08006524                DMA1_Channel7_IRQHandler
                0x08006524                UART5_IRQHandler
                0x08006524                ADC3_IRQHandler
                0x08006524                TIM4_IRQHandler
                0x08006524                DMA2_Channel1_IRQHandler
                0x08006524                QUADSPI_IRQHandler
                0x08006524                I2C1_EV_IRQHandler
                0x08006524                DMA1_Channel6_IRQHandler
                0x08006524                UART4_IRQHandler
                0x08006524                DMA2_Channel4_IRQHandler
                0x08006524                TIM3_IRQHandler
                0x08006524                RCC_IRQHandler
                0x08006524                TIM20_UP_IRQHandler
                0x08006524                DMA1_Channel1_IRQHandler
                0x08006524                Default_Handler
                0x08006524                DMA2_Channel7_IRQHandler
                0x08006524                RTC_TAMP_LSECSS_IRQHandler
                0x08006524                FMAC_IRQHandler
                0x08006524                EXTI15_10_IRQHandler
                0x08006524                DMA1_Channel8_IRQHandler
                0x08006524                HRTIM1_TIMA_IRQHandler
                0x08006524                TIM7_DAC_IRQHandler
                0x08006524                FDCAN3_IT1_IRQHandler
                0x08006524                TIM5_IRQHandler
                0x08006524                UCPD1_IRQHandler
                0x08006524                I2C3_EV_IRQHandler
                0x08006524                EXTI9_5_IRQHandler
                0x08006524                RTC_WKUP_IRQHandler
                0x08006524                PVD_PVM_IRQHandler
                0x08006524                SPI2_IRQHandler
                0x08006524                ADC5_IRQHandler
                0x08006524                DMA2_Channel5_IRQHandler
                0x08006524                CRS_IRQHandler
                0x08006524                DMA1_Channel5_IRQHandler
                0x08006524                USB_LP_IRQHandler
                0x08006524                EXTI4_IRQHandler
                0x08006524                RNG_IRQHandler
                0x08006524                HRTIM1_TIMB_IRQHandler
                0x08006524                TIM1_TRG_COM_TIM17_IRQHandler
                0x08006524                FDCAN2_IT1_IRQHandler
                0x08006524                DMA1_Channel3_IRQHandler
                0x08006524                ADC4_IRQHandler
                0x08006524                WWDG_IRQHandler
                0x08006524                I2C4_EV_IRQHandler
                0x08006524                LPUART1_IRQHandler
                0x08006524                DMA2_Channel6_IRQHandler
                0x08006524                TIM2_IRQHandler
                0x08006524                COMP7_IRQHandler
                0x08006524                COMP1_2_3_IRQHandler
                0x08006524                EXTI1_IRQHandler
                0x08006524                USART2_IRQHandler
                0x08006524                COMP4_5_6_IRQHandler
                0x08006524                TIM20_BRK_IRQHandler
                0x08006524                I2C2_ER_IRQHandler
                0x08006524                DMA1_Channel2_IRQHandler
                0x08006524                TIM8_BRK_IRQHandler
                0x08006524                FLASH_IRQHandler
                0x08006524                TIM20_CC_IRQHandler
                0x08006524                USART1_IRQHandler
                0x08006524                SPI3_IRQHandler
                0x08006524                I2C1_ER_IRQHandler
                0x08006524                FMC_IRQHandler
                0x08006524                LPTIM1_IRQHandler
                0x08006524                DMAMUX_OVR_IRQHandler
                0x08006524                I2C4_ER_IRQHandler
                0x08006524                USBWakeUp_IRQHandler
                0x08006524                SAI1_IRQHandler
                0x08006524                DMA2_Channel3_IRQHandler
                0x08006524                TIM1_BRK_TIM15_IRQHandler
 *fill*         0x08006526        0x2 
 .text.__errno  0x08006528        0xc C:/PROGRA~2/ARMGNU~1/133167~1.3RE/bin/../lib/gcc/arm-none-eabi/13.3.1/thumb/v7e-m+fp/hard\libg_nano.a(libc_a-errno.o)
                0x08006528                __errno
 .text.memcpy   0x08006534       0x1c C:/PROGRA~2/ARMGNU~1/133167~1.3RE/bin/../lib/gcc/arm-none-eabi/13.3.1/thumb/v7e-m+fp/hard\libg_nano.a(libc_a-memcpy-stub.o)
                0x08006534                memcpy
 .text.sqrt     0x08006550       0x68 C:/PROGRA~2/ARMGNU~1/133167~1.3RE/bin/../lib/gcc/arm-none-eabi/13.3.1/thumb/v7e-m+fp/hard\libm.a(libm_a-w_sqrt.o)
                0x08006550                sqrt
 .text.fmaxf    0x080065b8       0x3c C:/PROGRA~2/ARMGNU~1/133167~1.3RE/bin/../lib/gcc/arm-none-eabi/13.3.1/thumb/v7e-m+fp/hard\libm.a(libm_a-sf_fmax.o)
                0x080065b8                fmaxf
 .text.fminf    0x080065f4       0x3c C:/PROGRA~2/ARMGNU~1/133167~1.3RE/bin/../lib/gcc/arm-none-eabi/13.3.1/thumb/v7e-m+fp/hard\libm.a(libm_a-sf_fmin.o)
                0x080065f4                fminf
 .text.__fpclassifyf
                0x08006630       0x38 C:/PROGRA~2/ARMGNU~1/133167~1.3RE/bin/../lib/gcc/arm-none-eabi/13.3.1/thumb/v7e-m+fp/hard\libm.a(libm_a-sf_fpclassify.o)
                0x08006630                __fpclassifyf
 .text.__ieee754_sqrt
                0x08006668      0x1ec C:/PROGRA~2/ARMGNU~1/133167~1.3RE/bin/../lib/gcc/arm-none-eabi/13.3.1/thumb/v7e-m+fp/hard\libm.a(libm_a-e_sqrt.o)
                0x08006668                __ieee754_sqrt
 *(.glue_7)
 .glue_7        0x08006854        0x0 linker stubs
 *(.glue_7t)
 .glue_7t       0x08006854        0x0 linker stubs
 *(.eh_frame)
 .eh_frame      0x08006854        0x0 C:/PROGRA~2/ARMGNU~1/133167~1.3RE/bin/../lib/gcc/arm-none-eabi/13.3.1/thumb/v7e-m+fp/hard/crtbegin.o
 *(.init)
 .init          0x08006854        0x4 C:/PROGRA~2/ARMGNU~1/133167~1.3RE/bin/../lib/gcc/arm-none-eabi/13.3.1/thumb/v7e-m+fp/hard/crti.o
                0x08006854                _init
 .init          0x08006858        0x8 C:/PROGRA~2/ARMGNU~1/133167~1.3RE/bin/../lib/gcc/arm-none-eabi/13.3.1/thumb/v7e-m+fp/hard/crtn.o
 *(.fini)
 .fini          0x08006860        0x4 C:/PROGRA~2/ARMGNU~1/133167~1.3RE/bin/../lib/gcc/arm-none-eabi/13.3.1/thumb/v7e-m+fp/hard/crti.o
                0x08006860                _fini
 .fini          0x08006864        0x8 C:/PROGRA~2/ARMGNU~1/133167~1.3RE/bin/../lib/gcc/arm-none-eabi/13.3.1/thumb/v7e-m+fp/hard/crtn.o
                0x0800686c                        . = ALIGN (0x4)
                0x0800686c                        _etext = .

.vfp11_veneer   0x0800686c        0x0
 .vfp11_veneer  0x0800686c        0x0 linker stubs

.v4_bx          0x0800686c        0x0
 .v4_bx         0x0800686c        0x0 linker stubs

.iplt           0x0800686c        0x0
 .iplt          0x0800686c        0x0 C:/PROGRA~2/ARMGNU~1/133167~1.3RE/bin/../lib/gcc/arm-none-eabi/13.3.1/thumb/v7e-m+fp/hard/crtbegin.o

.rodata         0x08006870      0x180
                0x08006870                        . = ALIGN (0x4)
 *(.rodata)
 .rodata        0x08006870       0x5c CMakeFiles/Firmware.dir/Core/Src/main.c.obj
 *(.rodata*)
 .rodata.REG_OFFSET_TAB_TIMER
                0x080068cc        0xe CMakeFiles/Firmware.dir/Core/Src/main.c.obj
 *fill*         0x080068da        0x2 
 .rodata.REG_OFFSET_TAB_TIMER
                0x080068dc        0xe CMakeFiles/Firmware.dir/Core/Src/hrtim.c.obj
 *fill*         0x080068ea        0x2 
 .rodata.REG_OFFSET_TAB_SETxR
                0x080068ec       0x18 CMakeFiles/Firmware.dir/Core/Src/hrtim.c.obj
 .rodata.REG_OFFSET_TAB_OUTxR
                0x08006904       0x18 CMakeFiles/Firmware.dir/Core/Src/hrtim.c.obj
 .rodata.REG_MASK_TAB_UPDATETRIG
                0x0800691c       0x20 CMakeFiles/Firmware.dir/Core/Src/hrtim.c.obj
 .rodata.REG_SHIFT_TAB_UPDATETRIG
                0x0800693c        0x7 CMakeFiles/Firmware.dir/Core/Src/hrtim.c.obj
 *fill*         0x08006943        0x1 
 .rodata.REG_MASK_TAB_UPDATEGATING
                0x08006944       0x1c CMakeFiles/Firmware.dir/Core/Src/hrtim.c.obj
 .rodata.REG_SHIFT_TAB_UPDATEGATING
                0x08006960        0x7 CMakeFiles/Firmware.dir/Core/Src/hrtim.c.obj
 *fill*         0x08006967        0x1 
 .rodata.REG_SHIFT_TAB_OUTxR
                0x08006968        0xc CMakeFiles/Firmware.dir/Core/Src/hrtim.c.obj
 .rodata.REG_SHIFT_TAB_INTLVD
                0x08006974        0x7 CMakeFiles/Firmware.dir/Core/Src/hrtim.c.obj
 *fill*         0x0800697b        0x1 
 .rodata.REG_MASK_TAB_INTLVD
                0x0800697c       0x1c CMakeFiles/Firmware.dir/Core/Src/hrtim.c.obj
 .rodata.USART_PRESCALER_TAB
                0x08006998       0x30 CMakeFiles/Firmware.dir/Drivers/STM32G4xx_HAL_Driver/Src/stm32g4xx_ll_usart.c.obj
 .rodata.AHBPrescTable
                0x080069c8       0x10 CMakeFiles/Firmware.dir/Core/Src/system_stm32g4xx.c.obj
                0x080069c8                AHBPrescTable
 .rodata.APBPrescTable
                0x080069d8        0x8 CMakeFiles/Firmware.dir/Core/Src/system_stm32g4xx.c.obj
                0x080069d8                APBPrescTable
 .rodata.tiny   0x080069e0        0x8 C:/PROGRA~2/ARMGNU~1/133167~1.3RE/bin/../lib/gcc/arm-none-eabi/13.3.1/thumb/v7e-m+fp/hard\libm.a(libm_a-e_sqrt.o)
 .rodata.one    0x080069e8        0x8 C:/PROGRA~2/ARMGNU~1/133167~1.3RE/bin/../lib/gcc/arm-none-eabi/13.3.1/thumb/v7e-m+fp/hard\libm.a(libm_a-e_sqrt.o)
                0x080069f0                        . = ALIGN (0x4)

.rel.dyn        0x080069f0        0x0
 .rel.iplt      0x080069f0        0x0 C:/PROGRA~2/ARMGNU~1/133167~1.3RE/bin/../lib/gcc/arm-none-eabi/13.3.1/thumb/v7e-m+fp/hard/crtbegin.o

.ARM.extab
 *(.ARM.extab* .gnu.linkonce.armextab.*)

.ARM            0x080069f0        0x0
                0x080069f0                        __exidx_start = .
 *(.ARM.exidx*)
                0x080069f0                        __exidx_end = .

.preinit_array  0x080069f0        0x0
                0x080069f0                        PROVIDE (__preinit_array_start = .)
 *(.preinit_array*)
                0x080069f0                        PROVIDE (__preinit_array_end = .)

.init_array     0x080069f0        0x4
                0x080069f0                        PROVIDE (__init_array_start = .)
 *(SORT_BY_NAME(.init_array.*))
 *(.init_array*)
 .init_array    0x080069f0        0x4 C:/PROGRA~2/ARMGNU~1/133167~1.3RE/bin/../lib/gcc/arm-none-eabi/13.3.1/thumb/v7e-m+fp/hard/crtbegin.o
                0x080069f4                        PROVIDE (__init_array_end = .)

.fini_array     0x080069f4        0x4
                [!provide]                        PROVIDE (__fini_array_start = .)
 *(SORT_BY_NAME(.fini_array.*))
 *(.fini_array*)
 .fini_array    0x080069f4        0x4 C:/PROGRA~2/ARMGNU~1/133167~1.3RE/bin/../lib/gcc/arm-none-eabi/13.3.1/thumb/v7e-m+fp/hard/crtbegin.o
                [!provide]                        PROVIDE (__fini_array_end = .)
                0x080069f8                        _sidata = LOADADDR (.data)

.data           0x20000000       0x5c load address 0x080069f8
                0x20000000                        . = ALIGN (0x4)
                0x20000000                        _sdata = .
 *(.data)
 *(.data*)
 .data._impure_ptr
                0x20000000        0x4 C:/PROGRA~2/ARMGNU~1/133167~1.3RE/bin/../lib/gcc/arm-none-eabi/13.3.1/thumb/v7e-m+fp/hard\libc_nano.a(libc_a-impure.o)
                0x20000000                _impure_ptr
 .data._impure_data
                0x20000004       0x4c C:/PROGRA~2/ARMGNU~1/133167~1.3RE/bin/../lib/gcc/arm-none-eabi/13.3.1/thumb/v7e-m+fp/hard\libc_nano.a(libc_a-impure.o)
                0x20000004                _impure_data
 .data.uwTickPrio
                0x20000050        0x4 CMakeFiles/Firmware.dir/Drivers/STM32G4xx_HAL_Driver/Src/stm32g4xx_hal.c.obj
                0x20000050                uwTickPrio
 .data.uwTickFreq
                0x20000054        0x4 CMakeFiles/Firmware.dir/Drivers/STM32G4xx_HAL_Driver/Src/stm32g4xx_hal.c.obj
                0x20000054                uwTickFreq
 .data.SystemCoreClock
                0x20000058        0x4 CMakeFiles/Firmware.dir/Core/Src/system_stm32g4xx.c.obj
                0x20000058                SystemCoreClock
                0x2000005c                        . = ALIGN (0x4)
                0x2000005c                        _edata = .

.tm_clone_table
                0x2000005c        0x0 load address 0x08006a54
 .tm_clone_table
                0x2000005c        0x0 C:/PROGRA~2/ARMGNU~1/133167~1.3RE/bin/../lib/gcc/arm-none-eabi/13.3.1/thumb/v7e-m+fp/hard/crtbegin.o
 .tm_clone_table
                0x2000005c        0x0 C:/PROGRA~2/ARMGNU~1/133167~1.3RE/bin/../lib/gcc/arm-none-eabi/13.3.1/thumb/v7e-m+fp/hard/crtend.o

.igot.plt       0x2000005c        0x0 load address 0x08006a54
 .igot.plt      0x2000005c        0x0 C:/PROGRA~2/ARMGNU~1/133167~1.3RE/bin/../lib/gcc/arm-none-eabi/13.3.1/thumb/v7e-m+fp/hard/crtbegin.o
                0x2000005c                        . = ALIGN (0x4)

.bss            0x2000005c      0x224 load address 0x08006a54
                0x2000005c                        _sbss = .
                0x2000005c                        __bss_start__ = _sbss
 *(.bss)
 *(.bss*)
 .bss.completed.1
                0x2000005c        0x1 C:/PROGRA~2/ARMGNU~1/133167~1.3RE/bin/../lib/gcc/arm-none-eabi/13.3.1/thumb/v7e-m+fp/hard/crtbegin.o
 *fill*         0x2000005d        0x3 
 .bss.object.0  0x20000060       0x18 C:/PROGRA~2/ARMGNU~1/133167~1.3RE/bin/../lib/gcc/arm-none-eabi/13.3.1/thumb/v7e-m+fp/hard/crtbegin.o
 .bss.__sf      0x20000078      0x138 C:/PROGRA~2/ARMGNU~1/133167~1.3RE/bin/../lib/gcc/arm-none-eabi/13.3.1/thumb/v7e-m+fp/hard\libc_nano.a(libc_a-findfp.o)
                0x20000078                __sf
 .bss.hfdcan1   0x200001b0       0x64 CMakeFiles/Firmware.dir/Core/Src/fdcan.c.obj
                0x200001b0                hfdcan1
 .bss.hfdcan2   0x20000214       0x64 CMakeFiles/Firmware.dir/Core/Src/fdcan.c.obj
                0x20000214                hfdcan2
 .bss.HAL_RCC_FDCAN_CLK_ENABLED
                0x20000278        0x4 CMakeFiles/Firmware.dir/Core/Src/fdcan.c.obj
 .bss.uwTick    0x2000027c        0x4 CMakeFiles/Firmware.dir/Drivers/STM32G4xx_HAL_Driver/Src/stm32g4xx_hal.c.obj
                0x2000027c                uwTick
 *(COMMON)
                0x20000280                        . = ALIGN (0x4)
                0x20000280                        _ebss = .
                0x20000280                        __bss_end__ = _ebss

._user_heap_stack
                0x20000280      0x600 load address 0x08006a54
                0x20000280                        . = ALIGN (0x8)
                [!provide]                        PROVIDE (end = .)
                0x20000280                        PROVIDE (_end = .)
                0x20000480                        . = (. + _Min_Heap_Size)
 *fill*         0x20000280      0x200 
                0x20000880                        . = (. + _Min_Stack_Size)
 *fill*         0x20000480      0x400 
                0x20000880                        . = ALIGN (0x8)

/DISCARD/
 libc.a(*)
 libm.a(*)
 libgcc.a(*)
OUTPUT(Firmware.elf elf32-littlearm)
LOAD linker stubs
LOAD C:/PROGRA~2/ARMGNU~1/133167~1.3RE/bin/../lib/gcc/arm-none-eabi/13.3.1/thumb/v7e-m+fp/hard\libc.a
LOAD C:/PROGRA~2/ARMGNU~1/133167~1.3RE/bin/../lib/gcc/arm-none-eabi/13.3.1/thumb/v7e-m+fp/hard\libm.a
LOAD C:/PROGRA~2/ARMGNU~1/133167~1.3RE/bin/../lib/gcc/arm-none-eabi/13.3.1/thumb/v7e-m+fp/hard\libgcc.a

.ARM.attributes
                0x00000000       0x30
 .ARM.attributes
                0x00000000       0x22 C:/PROGRA~2/ARMGNU~1/133167~1.3RE/bin/../lib/gcc/arm-none-eabi/13.3.1/thumb/v7e-m+fp/hard/crti.o
 .ARM.attributes
                0x00000022       0x34 C:/PROGRA~2/ARMGNU~1/133167~1.3RE/bin/../lib/gcc/arm-none-eabi/13.3.1/thumb/v7e-m+fp/hard/crtbegin.o
 .ARM.attributes
                0x00000056       0x34 C:/PROGRA~2/ARMGNU~1/133167~1.3RE/bin/../lib/gcc/arm-none-eabi/13.3.1/thumb/v7e-m+fp/hard\libc_nano.a(libc_a-findfp.o)
 .ARM.attributes
                0x0000008a       0x34 C:/PROGRA~2/ARMGNU~1/133167~1.3RE/bin/../lib/gcc/arm-none-eabi/13.3.1/thumb/v7e-m+fp/hard\libc_nano.a(libc_a-memset.o)
 .ARM.attributes
                0x000000be       0x34 C:/PROGRA~2/ARMGNU~1/133167~1.3RE/bin/../lib/gcc/arm-none-eabi/13.3.1/thumb/v7e-m+fp/hard\libc_nano.a(libc_a-impure.o)
 .ARM.attributes
                0x000000f2       0x34 C:/PROGRA~2/ARMGNU~1/133167~1.3RE/bin/../lib/gcc/arm-none-eabi/13.3.1/thumb/v7e-m+fp/hard\libc_nano.a(libc_a-init.o)
 .ARM.attributes
                0x00000126       0x34 CMakeFiles/Firmware.dir/Core/Src/main.c.obj
 .ARM.attributes
                0x0000015a       0x34 CMakeFiles/Firmware.dir/Core/Src/gpio.c.obj
 .ARM.attributes
                0x0000018e       0x34 CMakeFiles/Firmware.dir/Core/Src/adc.c.obj
 .ARM.attributes
                0x000001c2       0x34 CMakeFiles/Firmware.dir/Core/Src/fdcan.c.obj
 .ARM.attributes
                0x000001f6       0x34 CMakeFiles/Firmware.dir/Core/Src/hrtim.c.obj
 .ARM.attributes
                0x0000022a       0x34 CMakeFiles/Firmware.dir/Core/Src/spi.c.obj
 .ARM.attributes
                0x0000025e       0x34 CMakeFiles/Firmware.dir/Core/Src/tim.c.obj
 .ARM.attributes
                0x00000292       0x34 CMakeFiles/Firmware.dir/Core/Src/usart.c.obj
 .ARM.attributes
                0x000002c6       0x34 CMakeFiles/Firmware.dir/Core/Src/stm32g4xx_it.c.obj
 .ARM.attributes
                0x000002fa       0x34 CMakeFiles/Firmware.dir/Core/Src/stm32g4xx_hal_msp.c.obj
 .ARM.attributes
                0x0000032e       0x34 CMakeFiles/Firmware.dir/Drivers/STM32G4xx_HAL_Driver/Src/stm32g4xx_ll_utils.c.obj
 .ARM.attributes
                0x00000362       0x34 CMakeFiles/Firmware.dir/Drivers/STM32G4xx_HAL_Driver/Src/stm32g4xx_ll_gpio.c.obj
 .ARM.attributes
                0x00000396       0x34 CMakeFiles/Firmware.dir/Drivers/STM32G4xx_HAL_Driver/Src/stm32g4xx_ll_adc.c.obj
 .ARM.attributes
                0x000003ca       0x34 CMakeFiles/Firmware.dir/Drivers/STM32G4xx_HAL_Driver/Src/stm32g4xx_hal.c.obj
 .ARM.attributes
                0x000003fe       0x34 CMakeFiles/Firmware.dir/Drivers/STM32G4xx_HAL_Driver/Src/stm32g4xx_hal_gpio.c.obj
 .ARM.attributes
                0x00000432       0x34 CMakeFiles/Firmware.dir/Drivers/STM32G4xx_HAL_Driver/Src/stm32g4xx_hal_pwr_ex.c.obj
 .ARM.attributes
                0x00000466       0x34 CMakeFiles/Firmware.dir/Drivers/STM32G4xx_HAL_Driver/Src/stm32g4xx_hal_cortex.c.obj
 .ARM.attributes
                0x0000049a       0x34 CMakeFiles/Firmware.dir/Drivers/STM32G4xx_HAL_Driver/Src/stm32g4xx_hal_fdcan.c.obj
 .ARM.attributes
                0x000004ce       0x34 CMakeFiles/Firmware.dir/Drivers/STM32G4xx_HAL_Driver/Src/stm32g4xx_ll_spi.c.obj
 .ARM.attributes
                0x00000502       0x34 CMakeFiles/Firmware.dir/Drivers/STM32G4xx_HAL_Driver/Src/stm32g4xx_ll_tim.c.obj
 .ARM.attributes
                0x00000536       0x34 CMakeFiles/Firmware.dir/Drivers/STM32G4xx_HAL_Driver/Src/stm32g4xx_ll_usart.c.obj
 .ARM.attributes
                0x0000056a       0x34 CMakeFiles/Firmware.dir/Drivers/STM32G4xx_HAL_Driver/Src/stm32g4xx_ll_rcc.c.obj
 .ARM.attributes
                0x0000059e       0x34 CMakeFiles/Firmware.dir/Core/Src/system_stm32g4xx.c.obj
 .ARM.attributes
                0x000005d2       0x21 CMakeFiles/Firmware.dir/startup_stm32g474xx.s.obj
 .ARM.attributes
                0x000005f3       0x22 C:/PROGRA~2/ARMGNU~1/133167~1.3RE/bin/../lib/gcc/arm-none-eabi/13.3.1/thumb/v7e-m+fp/hard\libgcc.a(_arm_addsubdf3.o)
 .ARM.attributes
                0x00000615       0x22 C:/PROGRA~2/ARMGNU~1/133167~1.3RE/bin/../lib/gcc/arm-none-eabi/13.3.1/thumb/v7e-m+fp/hard\libgcc.a(_arm_fixdfsi.o)
 .ARM.attributes
                0x00000637       0x22 C:/PROGRA~2/ARMGNU~1/133167~1.3RE/bin/../lib/gcc/arm-none-eabi/13.3.1/thumb/v7e-m+fp/hard\libgcc.a(_arm_truncdfsf2.o)
 .ARM.attributes
                0x00000659       0x34 C:/PROGRA~2/ARMGNU~1/133167~1.3RE/bin/../lib/gcc/arm-none-eabi/13.3.1/thumb/v7e-m+fp/hard\libg_nano.a(libc_a-errno.o)
 .ARM.attributes
                0x0000068d       0x34 C:/PROGRA~2/ARMGNU~1/133167~1.3RE/bin/../lib/gcc/arm-none-eabi/13.3.1/thumb/v7e-m+fp/hard\libg_nano.a(libc_a-memcpy-stub.o)
 .ARM.attributes
                0x000006c1       0x34 C:/PROGRA~2/ARMGNU~1/133167~1.3RE/bin/../lib/gcc/arm-none-eabi/13.3.1/thumb/v7e-m+fp/hard/crtend.o
 .ARM.attributes
                0x000006f5       0x22 C:/PROGRA~2/ARMGNU~1/133167~1.3RE/bin/../lib/gcc/arm-none-eabi/13.3.1/thumb/v7e-m+fp/hard/crtn.o

.comment        0x00000000       0x45
 .comment       0x00000000       0x45 CMakeFiles/Firmware.dir/Core/Src/main.c.obj
                                 0x46 (size before relaxing)
 .comment       0x00000045       0x46 CMakeFiles/Firmware.dir/Core/Src/gpio.c.obj
 .comment       0x00000045       0x46 CMakeFiles/Firmware.dir/Core/Src/adc.c.obj
 .comment       0x00000045       0x46 CMakeFiles/Firmware.dir/Core/Src/fdcan.c.obj
 .comment       0x00000045       0x46 CMakeFiles/Firmware.dir/Core/Src/hrtim.c.obj
 .comment       0x00000045       0x46 CMakeFiles/Firmware.dir/Core/Src/spi.c.obj
 .comment       0x00000045       0x46 CMakeFiles/Firmware.dir/Core/Src/tim.c.obj
 .comment       0x00000045       0x46 CMakeFiles/Firmware.dir/Core/Src/usart.c.obj
 .comment       0x00000045       0x46 CMakeFiles/Firmware.dir/Core/Src/stm32g4xx_it.c.obj
 .comment       0x00000045       0x46 CMakeFiles/Firmware.dir/Core/Src/stm32g4xx_hal_msp.c.obj
 .comment       0x00000045       0x46 CMakeFiles/Firmware.dir/Drivers/STM32G4xx_HAL_Driver/Src/stm32g4xx_ll_utils.c.obj
 .comment       0x00000045       0x46 CMakeFiles/Firmware.dir/Drivers/STM32G4xx_HAL_Driver/Src/stm32g4xx_ll_gpio.c.obj
 .comment       0x00000045       0x46 CMakeFiles/Firmware.dir/Drivers/STM32G4xx_HAL_Driver/Src/stm32g4xx_ll_adc.c.obj
 .comment       0x00000045       0x46 CMakeFiles/Firmware.dir/Drivers/STM32G4xx_HAL_Driver/Src/stm32g4xx_hal.c.obj
 .comment       0x00000045       0x46 CMakeFiles/Firmware.dir/Drivers/STM32G4xx_HAL_Driver/Src/stm32g4xx_hal_gpio.c.obj
 .comment       0x00000045       0x46 CMakeFiles/Firmware.dir/Drivers/STM32G4xx_HAL_Driver/Src/stm32g4xx_hal_pwr_ex.c.obj
 .comment       0x00000045       0x46 CMakeFiles/Firmware.dir/Drivers/STM32G4xx_HAL_Driver/Src/stm32g4xx_hal_cortex.c.obj
 .comment       0x00000045       0x46 CMakeFiles/Firmware.dir/Drivers/STM32G4xx_HAL_Driver/Src/stm32g4xx_hal_fdcan.c.obj
 .comment       0x00000045       0x46 CMakeFiles/Firmware.dir/Drivers/STM32G4xx_HAL_Driver/Src/stm32g4xx_ll_spi.c.obj
 .comment       0x00000045       0x46 CMakeFiles/Firmware.dir/Drivers/STM32G4xx_HAL_Driver/Src/stm32g4xx_ll_tim.c.obj
 .comment       0x00000045       0x46 CMakeFiles/Firmware.dir/Drivers/STM32G4xx_HAL_Driver/Src/stm32g4xx_ll_usart.c.obj
 .comment       0x00000045       0x46 CMakeFiles/Firmware.dir/Drivers/STM32G4xx_HAL_Driver/Src/stm32g4xx_ll_rcc.c.obj
 .comment       0x00000045       0x46 CMakeFiles/Firmware.dir/Core/Src/system_stm32g4xx.c.obj

.debug_frame    0x00000000     0x4cd4
 .debug_frame   0x00000000      0x144 C:/PROGRA~2/ARMGNU~1/133167~1.3RE/bin/../lib/gcc/arm-none-eabi/13.3.1/thumb/v7e-m+fp/hard\libc_nano.a(libc_a-findfp.o)
 .debug_frame   0x00000144       0x20 C:/PROGRA~2/ARMGNU~1/133167~1.3RE/bin/../lib/gcc/arm-none-eabi/13.3.1/thumb/v7e-m+fp/hard\libc_nano.a(libc_a-memset.o)
 .debug_frame   0x00000164       0x2c C:/PROGRA~2/ARMGNU~1/133167~1.3RE/bin/../lib/gcc/arm-none-eabi/13.3.1/thumb/v7e-m+fp/hard\libc_nano.a(libc_a-init.o)
 .debug_frame   0x00000190      0x5c8 CMakeFiles/Firmware.dir/Core/Src/main.c.obj
 .debug_frame   0x00000758       0x84 CMakeFiles/Firmware.dir/Core/Src/gpio.c.obj
 .debug_frame   0x000007dc      0x208 CMakeFiles/Firmware.dir/Core/Src/adc.c.obj
 .debug_frame   0x000009e4       0xb8 CMakeFiles/Firmware.dir/Core/Src/fdcan.c.obj
 .debug_frame   0x00000a9c      0x650 CMakeFiles/Firmware.dir/Core/Src/hrtim.c.obj
 .debug_frame   0x000010ec       0xd4 CMakeFiles/Firmware.dir/Core/Src/spi.c.obj
 .debug_frame   0x000011c0       0xfc CMakeFiles/Firmware.dir/Core/Src/tim.c.obj
 .debug_frame   0x000012bc      0x1c4 CMakeFiles/Firmware.dir/Core/Src/usart.c.obj
 .debug_frame   0x00001480      0x13c CMakeFiles/Firmware.dir/Core/Src/stm32g4xx_it.c.obj
 .debug_frame   0x000015bc       0x34 CMakeFiles/Firmware.dir/Core/Src/stm32g4xx_hal_msp.c.obj
 .debug_frame   0x000015f0      0x420 CMakeFiles/Firmware.dir/Drivers/STM32G4xx_HAL_Driver/Src/stm32g4xx_ll_utils.c.obj
 .debug_frame   0x00001a10      0x1c0 CMakeFiles/Firmware.dir/Drivers/STM32G4xx_HAL_Driver/Src/stm32g4xx_ll_gpio.c.obj
 .debug_frame   0x00001bd0      0x398 CMakeFiles/Firmware.dir/Drivers/STM32G4xx_HAL_Driver/Src/stm32g4xx_ll_adc.c.obj
 .debug_frame   0x00001f68      0x500 CMakeFiles/Firmware.dir/Drivers/STM32G4xx_HAL_Driver/Src/stm32g4xx_hal.c.obj
 .debug_frame   0x00002468      0x14c CMakeFiles/Firmware.dir/Drivers/STM32G4xx_HAL_Driver/Src/stm32g4xx_hal_gpio.c.obj
 .debug_frame   0x000025b4      0x4fc CMakeFiles/Firmware.dir/Drivers/STM32G4xx_HAL_Driver/Src/stm32g4xx_hal_pwr_ex.c.obj
 .debug_frame   0x00002ab0      0x4e8 CMakeFiles/Firmware.dir/Drivers/STM32G4xx_HAL_Driver/Src/stm32g4xx_hal_cortex.c.obj
 .debug_frame   0x00002f98      0x9b0 CMakeFiles/Firmware.dir/Drivers/STM32G4xx_HAL_Driver/Src/stm32g4xx_hal_fdcan.c.obj
 .debug_frame   0x00003948      0x258 CMakeFiles/Firmware.dir/Drivers/STM32G4xx_HAL_Driver/Src/stm32g4xx_ll_spi.c.obj
 .debug_frame   0x00003ba0      0x5d0 CMakeFiles/Firmware.dir/Drivers/STM32G4xx_HAL_Driver/Src/stm32g4xx_ll_tim.c.obj
 .debug_frame   0x00004170      0x238 CMakeFiles/Firmware.dir/Drivers/STM32G4xx_HAL_Driver/Src/stm32g4xx_ll_usart.c.obj
 .debug_frame   0x000043a8      0x798 CMakeFiles/Firmware.dir/Drivers/STM32G4xx_HAL_Driver/Src/stm32g4xx_ll_rcc.c.obj
 .debug_frame   0x00004b40       0x58 CMakeFiles/Firmware.dir/Core/Src/system_stm32g4xx.c.obj
 .debug_frame   0x00004b98       0xac C:/PROGRA~2/ARMGNU~1/133167~1.3RE/bin/../lib/gcc/arm-none-eabi/13.3.1/thumb/v7e-m+fp/hard\libgcc.a(_arm_addsubdf3.o)
 .debug_frame   0x00004c44       0x24 C:/PROGRA~2/ARMGNU~1/133167~1.3RE/bin/../lib/gcc/arm-none-eabi/13.3.1/thumb/v7e-m+fp/hard\libgcc.a(_arm_fixdfsi.o)
 .debug_frame   0x00004c68       0x24 C:/PROGRA~2/ARMGNU~1/133167~1.3RE/bin/../lib/gcc/arm-none-eabi/13.3.1/thumb/v7e-m+fp/hard\libgcc.a(_arm_truncdfsf2.o)
 .debug_frame   0x00004c8c       0x20 C:/PROGRA~2/ARMGNU~1/133167~1.3RE/bin/../lib/gcc/arm-none-eabi/13.3.1/thumb/v7e-m+fp/hard\libg_nano.a(libc_a-errno.o)
 .debug_frame   0x00004cac       0x28 C:/PROGRA~2/ARMGNU~1/133167~1.3RE/bin/../lib/gcc/arm-none-eabi/13.3.1/thumb/v7e-m+fp/hard\libg_nano.a(libc_a-memcpy-stub.o)

.debug_info     0x00000000    0x13225
 .debug_info    0x00000000     0x1cf7 CMakeFiles/Firmware.dir/Core/Src/main.c.obj
 .debug_info    0x00001cf7      0x80c CMakeFiles/Firmware.dir/Core/Src/gpio.c.obj
 .debug_info    0x00002503      0xf54 CMakeFiles/Firmware.dir/Core/Src/adc.c.obj
 .debug_info    0x00003457     0x1108 CMakeFiles/Firmware.dir/Core/Src/fdcan.c.obj
 .debug_info    0x0000455f     0x26d7 CMakeFiles/Firmware.dir/Core/Src/hrtim.c.obj
 .debug_info    0x00006c36      0x9ab CMakeFiles/Firmware.dir/Core/Src/spi.c.obj
 .debug_info    0x000075e1      0x978 CMakeFiles/Firmware.dir/Core/Src/tim.c.obj
 .debug_info    0x00007f59      0xbf6 CMakeFiles/Firmware.dir/Core/Src/usart.c.obj
 .debug_info    0x00008b4f      0x9dc CMakeFiles/Firmware.dir/Core/Src/stm32g4xx_it.c.obj
 .debug_info    0x0000952b      0x6df CMakeFiles/Firmware.dir/Core/Src/stm32g4xx_hal_msp.c.obj
 .debug_info    0x00009c0a      0xc20 CMakeFiles/Firmware.dir/Drivers/STM32G4xx_HAL_Driver/Src/stm32g4xx_ll_utils.c.obj
 .debug_info    0x0000a82a      0x95b CMakeFiles/Firmware.dir/Drivers/STM32G4xx_HAL_Driver/Src/stm32g4xx_ll_gpio.c.obj
 .debug_info    0x0000b185      0xb14 CMakeFiles/Firmware.dir/Drivers/STM32G4xx_HAL_Driver/Src/stm32g4xx_ll_adc.c.obj
 .debug_info    0x0000bc99      0xb95 CMakeFiles/Firmware.dir/Drivers/STM32G4xx_HAL_Driver/Src/stm32g4xx_hal.c.obj
 .debug_info    0x0000c82e      0x763 CMakeFiles/Firmware.dir/Drivers/STM32G4xx_HAL_Driver/Src/stm32g4xx_hal_gpio.c.obj
 .debug_info    0x0000cf91      0x93f CMakeFiles/Firmware.dir/Drivers/STM32G4xx_HAL_Driver/Src/stm32g4xx_hal_pwr_ex.c.obj
 .debug_info    0x0000d8d0      0xdf9 CMakeFiles/Firmware.dir/Drivers/STM32G4xx_HAL_Driver/Src/stm32g4xx_hal_cortex.c.obj
 .debug_info    0x0000e6c9     0x18bb CMakeFiles/Firmware.dir/Drivers/STM32G4xx_HAL_Driver/Src/stm32g4xx_hal_fdcan.c.obj
 .debug_info    0x0000ff84      0x7da CMakeFiles/Firmware.dir/Drivers/STM32G4xx_HAL_Driver/Src/stm32g4xx_ll_spi.c.obj
 .debug_info    0x0001075e     0x11d8 CMakeFiles/Firmware.dir/Drivers/STM32G4xx_HAL_Driver/Src/stm32g4xx_ll_tim.c.obj
 .debug_info    0x00011936      0x7c3 CMakeFiles/Firmware.dir/Drivers/STM32G4xx_HAL_Driver/Src/stm32g4xx_ll_usart.c.obj
 .debug_info    0x000120f9      0xb6e CMakeFiles/Firmware.dir/Drivers/STM32G4xx_HAL_Driver/Src/stm32g4xx_ll_rcc.c.obj
 .debug_info    0x00012c67      0x58e CMakeFiles/Firmware.dir/Core/Src/system_stm32g4xx.c.obj
 .debug_info    0x000131f5       0x30 CMakeFiles/Firmware.dir/startup_stm32g474xx.s.obj

.debug_abbrev   0x00000000     0x2ed8
 .debug_abbrev  0x00000000      0x37e CMakeFiles/Firmware.dir/Core/Src/main.c.obj
 .debug_abbrev  0x0000037e      0x198 CMakeFiles/Firmware.dir/Core/Src/gpio.c.obj
 .debug_abbrev  0x00000516      0x1c7 CMakeFiles/Firmware.dir/Core/Src/adc.c.obj
 .debug_abbrev  0x000006dd      0x217 CMakeFiles/Firmware.dir/Core/Src/fdcan.c.obj
 .debug_abbrev  0x000008f4      0x247 CMakeFiles/Firmware.dir/Core/Src/hrtim.c.obj
 .debug_abbrev  0x00000b3b      0x19b CMakeFiles/Firmware.dir/Core/Src/spi.c.obj
 .debug_abbrev  0x00000cd6      0x1b8 CMakeFiles/Firmware.dir/Core/Src/tim.c.obj
 .debug_abbrev  0x00000e8e      0x23e CMakeFiles/Firmware.dir/Core/Src/usart.c.obj
 .debug_abbrev  0x000010cc      0x187 CMakeFiles/Firmware.dir/Core/Src/stm32g4xx_it.c.obj
 .debug_abbrev  0x00001253      0x151 CMakeFiles/Firmware.dir/Core/Src/stm32g4xx_hal_msp.c.obj
 .debug_abbrev  0x000013a4      0x25e CMakeFiles/Firmware.dir/Drivers/STM32G4xx_HAL_Driver/Src/stm32g4xx_ll_utils.c.obj
 .debug_abbrev  0x00001602      0x235 CMakeFiles/Firmware.dir/Drivers/STM32G4xx_HAL_Driver/Src/stm32g4xx_ll_gpio.c.obj
 .debug_abbrev  0x00001837      0x1a9 CMakeFiles/Firmware.dir/Drivers/STM32G4xx_HAL_Driver/Src/stm32g4xx_ll_adc.c.obj
 .debug_abbrev  0x000019e0      0x271 CMakeFiles/Firmware.dir/Drivers/STM32G4xx_HAL_Driver/Src/stm32g4xx_hal.c.obj
 .debug_abbrev  0x00001c51      0x1cb CMakeFiles/Firmware.dir/Drivers/STM32G4xx_HAL_Driver/Src/stm32g4xx_hal_gpio.c.obj
 .debug_abbrev  0x00001e1c      0x22c CMakeFiles/Firmware.dir/Drivers/STM32G4xx_HAL_Driver/Src/stm32g4xx_hal_pwr_ex.c.obj
 .debug_abbrev  0x00002048      0x31c CMakeFiles/Firmware.dir/Drivers/STM32G4xx_HAL_Driver/Src/stm32g4xx_hal_cortex.c.obj
 .debug_abbrev  0x00002364      0x1e7 CMakeFiles/Firmware.dir/Drivers/STM32G4xx_HAL_Driver/Src/stm32g4xx_hal_fdcan.c.obj
 .debug_abbrev  0x0000254b      0x1ff CMakeFiles/Firmware.dir/Drivers/STM32G4xx_HAL_Driver/Src/stm32g4xx_ll_spi.c.obj
 .debug_abbrev  0x0000274a      0x23e CMakeFiles/Firmware.dir/Drivers/STM32G4xx_HAL_Driver/Src/stm32g4xx_ll_tim.c.obj
 .debug_abbrev  0x00002988      0x1de CMakeFiles/Firmware.dir/Drivers/STM32G4xx_HAL_Driver/Src/stm32g4xx_ll_usart.c.obj
 .debug_abbrev  0x00002b66      0x234 CMakeFiles/Firmware.dir/Drivers/STM32G4xx_HAL_Driver/Src/stm32g4xx_ll_rcc.c.obj
 .debug_abbrev  0x00002d9a      0x11a CMakeFiles/Firmware.dir/Core/Src/system_stm32g4xx.c.obj
 .debug_abbrev  0x00002eb4       0x24 CMakeFiles/Firmware.dir/startup_stm32g474xx.s.obj

.debug_aranges  0x00000000     0x11e8
 .debug_aranges
                0x00000000      0x150 CMakeFiles/Firmware.dir/Core/Src/main.c.obj
 .debug_aranges
                0x00000150       0x30 CMakeFiles/Firmware.dir/Core/Src/gpio.c.obj
 .debug_aranges
                0x00000180       0x80 CMakeFiles/Firmware.dir/Core/Src/adc.c.obj
 .debug_aranges
                0x00000200       0x40 CMakeFiles/Firmware.dir/Core/Src/fdcan.c.obj
 .debug_aranges
                0x00000240      0x158 CMakeFiles/Firmware.dir/Core/Src/hrtim.c.obj
 .debug_aranges
                0x00000398       0x40 CMakeFiles/Firmware.dir/Core/Src/spi.c.obj
 .debug_aranges
                0x000003d8       0x48 CMakeFiles/Firmware.dir/Core/Src/tim.c.obj
 .debug_aranges
                0x00000420       0x70 CMakeFiles/Firmware.dir/Core/Src/usart.c.obj
 .debug_aranges
                0x00000490       0x70 CMakeFiles/Firmware.dir/Core/Src/stm32g4xx_it.c.obj
 .debug_aranges
                0x00000500       0x20 CMakeFiles/Firmware.dir/Core/Src/stm32g4xx_hal_msp.c.obj
 .debug_aranges
                0x00000520      0x100 CMakeFiles/Firmware.dir/Drivers/STM32G4xx_HAL_Driver/Src/stm32g4xx_ll_utils.c.obj
 .debug_aranges
                0x00000620       0x70 CMakeFiles/Firmware.dir/Drivers/STM32G4xx_HAL_Driver/Src/stm32g4xx_ll_gpio.c.obj
 .debug_aranges
                0x00000690       0xd0 CMakeFiles/Firmware.dir/Drivers/STM32G4xx_HAL_Driver/Src/stm32g4xx_ll_adc.c.obj
 .debug_aranges
                0x00000760      0x148 CMakeFiles/Firmware.dir/Drivers/STM32G4xx_HAL_Driver/Src/stm32g4xx_hal.c.obj
 .debug_aranges
                0x000008a8       0x58 CMakeFiles/Firmware.dir/Drivers/STM32G4xx_HAL_Driver/Src/stm32g4xx_hal_gpio.c.obj
 .debug_aranges
                0x00000900      0x140 CMakeFiles/Firmware.dir/Drivers/STM32G4xx_HAL_Driver/Src/stm32g4xx_hal_pwr_ex.c.obj
 .debug_aranges
                0x00000a40      0x128 CMakeFiles/Firmware.dir/Drivers/STM32G4xx_HAL_Driver/Src/stm32g4xx_hal_cortex.c.obj
 .debug_aranges
                0x00000b68      0x208 CMakeFiles/Firmware.dir/Drivers/STM32G4xx_HAL_Driver/Src/stm32g4xx_hal_fdcan.c.obj
 .debug_aranges
                0x00000d70       0x90 CMakeFiles/Firmware.dir/Drivers/STM32G4xx_HAL_Driver/Src/stm32g4xx_ll_spi.c.obj
 .debug_aranges
                0x00000e00      0x148 CMakeFiles/Firmware.dir/Drivers/STM32G4xx_HAL_Driver/Src/stm32g4xx_ll_tim.c.obj
 .debug_aranges
                0x00000f48       0x88 CMakeFiles/Firmware.dir/Drivers/STM32G4xx_HAL_Driver/Src/stm32g4xx_ll_usart.c.obj
 .debug_aranges
                0x00000fd0      0x1c8 CMakeFiles/Firmware.dir/Drivers/STM32G4xx_HAL_Driver/Src/stm32g4xx_ll_rcc.c.obj
 .debug_aranges
                0x00001198       0x28 CMakeFiles/Firmware.dir/Core/Src/system_stm32g4xx.c.obj
 .debug_aranges
                0x000011c0       0x28 CMakeFiles/Firmware.dir/startup_stm32g474xx.s.obj

.debug_rnglists
                0x00000000      0xd4f
 .debug_rnglists
                0x00000000       0xfa CMakeFiles/Firmware.dir/Core/Src/main.c.obj
 .debug_rnglists
                0x000000fa       0x20 CMakeFiles/Firmware.dir/Core/Src/gpio.c.obj
 .debug_rnglists
                0x0000011a       0x5f CMakeFiles/Firmware.dir/Core/Src/adc.c.obj
 .debug_rnglists
                0x00000179       0x2f CMakeFiles/Firmware.dir/Core/Src/fdcan.c.obj
 .debug_rnglists
                0x000001a8      0x10d CMakeFiles/Firmware.dir/Core/Src/hrtim.c.obj
 .debug_rnglists
                0x000002b5       0x2c CMakeFiles/Firmware.dir/Core/Src/spi.c.obj
 .debug_rnglists
                0x000002e1       0x31 CMakeFiles/Firmware.dir/Core/Src/tim.c.obj
 .debug_rnglists
                0x00000312       0x50 CMakeFiles/Firmware.dir/Core/Src/usart.c.obj
 .debug_rnglists
                0x00000362       0x4f CMakeFiles/Firmware.dir/Core/Src/stm32g4xx_it.c.obj
 .debug_rnglists
                0x000003b1       0x13 CMakeFiles/Firmware.dir/Core/Src/stm32g4xx_hal_msp.c.obj
 .debug_rnglists
                0x000003c4       0xbf CMakeFiles/Firmware.dir/Drivers/STM32G4xx_HAL_Driver/Src/stm32g4xx_ll_utils.c.obj
 .debug_rnglists
                0x00000483       0x51 CMakeFiles/Firmware.dir/Drivers/STM32G4xx_HAL_Driver/Src/stm32g4xx_ll_gpio.c.obj
 .debug_rnglists
                0x000004d4       0x9a CMakeFiles/Firmware.dir/Drivers/STM32G4xx_HAL_Driver/Src/stm32g4xx_ll_adc.c.obj
 .debug_rnglists
                0x0000056e       0xf1 CMakeFiles/Firmware.dir/Drivers/STM32G4xx_HAL_Driver/Src/stm32g4xx_hal.c.obj
 .debug_rnglists
                0x0000065f       0x3f CMakeFiles/Firmware.dir/Drivers/STM32G4xx_HAL_Driver/Src/stm32g4xx_hal_gpio.c.obj
 .debug_rnglists
                0x0000069e       0xf1 CMakeFiles/Firmware.dir/Drivers/STM32G4xx_HAL_Driver/Src/stm32g4xx_hal_pwr_ex.c.obj
 .debug_rnglists
                0x0000078f       0xda CMakeFiles/Firmware.dir/Drivers/STM32G4xx_HAL_Driver/Src/stm32g4xx_hal_cortex.c.obj
 .debug_rnglists
                0x00000869      0x18d CMakeFiles/Firmware.dir/Drivers/STM32G4xx_HAL_Driver/Src/stm32g4xx_hal_fdcan.c.obj
 .debug_rnglists
                0x000009f6       0x6a CMakeFiles/Firmware.dir/Drivers/STM32G4xx_HAL_Driver/Src/stm32g4xx_ll_spi.c.obj
 .debug_rnglists
                0x00000a60       0xfe CMakeFiles/Firmware.dir/Drivers/STM32G4xx_HAL_Driver/Src/stm32g4xx_ll_tim.c.obj
 .debug_rnglists
                0x00000b5e       0x64 CMakeFiles/Firmware.dir/Drivers/STM32G4xx_HAL_Driver/Src/stm32g4xx_ll_usart.c.obj
 .debug_rnglists
                0x00000bc2      0x15a CMakeFiles/Firmware.dir/Drivers/STM32G4xx_HAL_Driver/Src/stm32g4xx_ll_rcc.c.obj
 .debug_rnglists
                0x00000d1c       0x1a CMakeFiles/Firmware.dir/Core/Src/system_stm32g4xx.c.obj
 .debug_rnglists
                0x00000d36       0x19 CMakeFiles/Firmware.dir/startup_stm32g474xx.s.obj

.debug_macro    0x00000000    0x2f2ca
 .debug_macro   0x00000000      0x34e CMakeFiles/Firmware.dir/Core/Src/main.c.obj
 .debug_macro   0x0000034e      0xade CMakeFiles/Firmware.dir/Core/Src/main.c.obj
 .debug_macro   0x00000e2c      0x155 CMakeFiles/Firmware.dir/Core/Src/main.c.obj
 .debug_macro   0x00000f81       0x2e CMakeFiles/Firmware.dir/Core/Src/main.c.obj
 .debug_macro   0x00000faf       0x28 CMakeFiles/Firmware.dir/Core/Src/main.c.obj
 .debug_macro   0x00000fd7       0x22 CMakeFiles/Firmware.dir/Core/Src/main.c.obj
 .debug_macro   0x00000ff9       0x8e CMakeFiles/Firmware.dir/Core/Src/main.c.obj
 .debug_macro   0x00001087       0x51 CMakeFiles/Firmware.dir/Core/Src/main.c.obj
 .debug_macro   0x000010d8      0x103 CMakeFiles/Firmware.dir/Core/Src/main.c.obj
 .debug_macro   0x000011db       0x6a CMakeFiles/Firmware.dir/Core/Src/main.c.obj
 .debug_macro   0x00001245      0x1df CMakeFiles/Firmware.dir/Core/Src/main.c.obj
 .debug_macro   0x00001424       0x1c CMakeFiles/Firmware.dir/Core/Src/main.c.obj
 .debug_macro   0x00001440       0x22 CMakeFiles/Firmware.dir/Core/Src/main.c.obj
 .debug_macro   0x00001462       0xfb CMakeFiles/Firmware.dir/Core/Src/main.c.obj
 .debug_macro   0x0000155d     0x1011 CMakeFiles/Firmware.dir/Core/Src/main.c.obj
 .debug_macro   0x0000256e      0x11f CMakeFiles/Firmware.dir/Core/Src/main.c.obj
 .debug_macro   0x0000268d    0x18b45 CMakeFiles/Firmware.dir/Core/Src/main.c.obj
 .debug_macro   0x0001b1d2       0x6d CMakeFiles/Firmware.dir/Core/Src/main.c.obj
 .debug_macro   0x0001b23f     0x3551 CMakeFiles/Firmware.dir/Core/Src/main.c.obj
 .debug_macro   0x0001e790      0x190 CMakeFiles/Firmware.dir/Core/Src/main.c.obj
 .debug_macro   0x0001e920       0x5c CMakeFiles/Firmware.dir/Core/Src/main.c.obj
 .debug_macro   0x0001e97c     0x171f CMakeFiles/Firmware.dir/Core/Src/main.c.obj
 .debug_macro   0x0002009b      0x600 CMakeFiles/Firmware.dir/Core/Src/main.c.obj
 .debug_macro   0x0002069b      0x1b6 CMakeFiles/Firmware.dir/Core/Src/main.c.obj
 .debug_macro   0x00020851      0x34a CMakeFiles/Firmware.dir/Core/Src/main.c.obj
 .debug_macro   0x00020b9b      0x53c CMakeFiles/Firmware.dir/Core/Src/main.c.obj
 .debug_macro   0x000210d7      0x18b CMakeFiles/Firmware.dir/Core/Src/main.c.obj
 .debug_macro   0x00021262       0x43 CMakeFiles/Firmware.dir/Core/Src/main.c.obj
 .debug_macro   0x000212a5      0x23d CMakeFiles/Firmware.dir/Core/Src/main.c.obj
 .debug_macro   0x000214e2      0x211 CMakeFiles/Firmware.dir/Core/Src/main.c.obj
 .debug_macro   0x000216f3      0x6bd CMakeFiles/Firmware.dir/Core/Src/main.c.obj
 .debug_macro   0x00021db0      0x45c CMakeFiles/Firmware.dir/Core/Src/main.c.obj
 .debug_macro   0x0002220c      0x11c CMakeFiles/Firmware.dir/Core/Src/main.c.obj
 .debug_macro   0x00022328      0x122 CMakeFiles/Firmware.dir/Core/Src/main.c.obj
 .debug_macro   0x0002244a      0x3d1 CMakeFiles/Firmware.dir/Core/Src/main.c.obj
 .debug_macro   0x0002281b      0x358 CMakeFiles/Firmware.dir/Core/Src/main.c.obj
 .debug_macro   0x00022b73     0x1112 CMakeFiles/Firmware.dir/Core/Src/main.c.obj
 .debug_macro   0x00023c85     0x1901 CMakeFiles/Firmware.dir/Core/Src/main.c.obj
 .debug_macro   0x00025586      0x652 CMakeFiles/Firmware.dir/Core/Src/main.c.obj
 .debug_macro   0x00025bd8      0x1d0 CMakeFiles/Firmware.dir/Core/Src/main.c.obj
 .debug_macro   0x00025da8       0xd0 CMakeFiles/Firmware.dir/Core/Src/main.c.obj
 .debug_macro   0x00025e78      0x34f CMakeFiles/Firmware.dir/Core/Src/main.c.obj
 .debug_macro   0x000261c7      0x178 CMakeFiles/Firmware.dir/Core/Src/main.c.obj
 .debug_macro   0x0002633f      0x1a6 CMakeFiles/Firmware.dir/Core/Src/main.c.obj
 .debug_macro   0x000264e5       0xa0 CMakeFiles/Firmware.dir/Core/Src/main.c.obj
 .debug_macro   0x00026585      0x231 CMakeFiles/Firmware.dir/Core/Src/main.c.obj
 .debug_macro   0x000267b6      0x63e CMakeFiles/Firmware.dir/Core/Src/main.c.obj
 .debug_macro   0x00026df4      0x2cc CMakeFiles/Firmware.dir/Core/Src/main.c.obj
 .debug_macro   0x000270c0      0x2ea CMakeFiles/Firmware.dir/Core/Src/main.c.obj
 .debug_macro   0x000273aa      0xfc9 CMakeFiles/Firmware.dir/Core/Src/main.c.obj
 .debug_macro   0x00028373      0x40f CMakeFiles/Firmware.dir/Core/Src/main.c.obj
 .debug_macro   0x00028782      0x169 CMakeFiles/Firmware.dir/Core/Src/main.c.obj
 .debug_macro   0x000288eb       0x7b CMakeFiles/Firmware.dir/Core/Src/main.c.obj
 .debug_macro   0x00028966       0x2a CMakeFiles/Firmware.dir/Core/Src/main.c.obj
 .debug_macro   0x00028990       0x3c CMakeFiles/Firmware.dir/Core/Src/main.c.obj
 .debug_macro   0x000289cc       0x34 CMakeFiles/Firmware.dir/Core/Src/main.c.obj
 .debug_macro   0x00028a00      0x370 CMakeFiles/Firmware.dir/Core/Src/main.c.obj
 .debug_macro   0x00028d70       0x16 CMakeFiles/Firmware.dir/Core/Src/main.c.obj
 .debug_macro   0x00028d86       0x4a CMakeFiles/Firmware.dir/Core/Src/main.c.obj
 .debug_macro   0x00028dd0       0x34 CMakeFiles/Firmware.dir/Core/Src/main.c.obj
 .debug_macro   0x00028e04       0x10 CMakeFiles/Firmware.dir/Core/Src/main.c.obj
 .debug_macro   0x00028e14       0x58 CMakeFiles/Firmware.dir/Core/Src/main.c.obj
 .debug_macro   0x00028e6c      0x1e5 CMakeFiles/Firmware.dir/Core/Src/main.c.obj
 .debug_macro   0x00029051      0x19b CMakeFiles/Firmware.dir/Core/Src/main.c.obj
 .debug_macro   0x000291ec      0x25a CMakeFiles/Firmware.dir/Core/Src/gpio.c.obj
 .debug_macro   0x00029446      0x25a CMakeFiles/Firmware.dir/Core/Src/adc.c.obj
 .debug_macro   0x000296a0      0x25a CMakeFiles/Firmware.dir/Core/Src/fdcan.c.obj
 .debug_macro   0x000298fa      0x25a CMakeFiles/Firmware.dir/Core/Src/hrtim.c.obj
 .debug_macro   0x00029b54      0x25a CMakeFiles/Firmware.dir/Core/Src/spi.c.obj
 .debug_macro   0x00029dae      0x25a CMakeFiles/Firmware.dir/Core/Src/tim.c.obj
 .debug_macro   0x0002a008      0x25a CMakeFiles/Firmware.dir/Core/Src/usart.c.obj
 .debug_macro   0x0002a262      0x25a CMakeFiles/Firmware.dir/Core/Src/stm32g4xx_it.c.obj
 .debug_macro   0x0002a4bc      0x250 CMakeFiles/Firmware.dir/Core/Src/stm32g4xx_hal_msp.c.obj
 .debug_macro   0x0002a70c      0x2a4 CMakeFiles/Firmware.dir/Drivers/STM32G4xx_HAL_Driver/Src/stm32g4xx_ll_utils.c.obj
 .debug_macro   0x0002a9b0       0x9a CMakeFiles/Firmware.dir/Drivers/STM32G4xx_HAL_Driver/Src/stm32g4xx_ll_utils.c.obj
 .debug_macro   0x0002aa4a      0x1f2 CMakeFiles/Firmware.dir/Drivers/STM32G4xx_HAL_Driver/Src/stm32g4xx_ll_gpio.c.obj
 .debug_macro   0x0002ac3c      0x163 CMakeFiles/Firmware.dir/Drivers/STM32G4xx_HAL_Driver/Src/stm32g4xx_ll_gpio.c.obj
 .debug_macro   0x0002ad9f      0x260 CMakeFiles/Firmware.dir/Drivers/STM32G4xx_HAL_Driver/Src/stm32g4xx_ll_adc.c.obj
 .debug_macro   0x0002afff     0x110c CMakeFiles/Firmware.dir/Drivers/STM32G4xx_HAL_Driver/Src/stm32g4xx_ll_adc.c.obj
 .debug_macro   0x0002c10b      0x1fe CMakeFiles/Firmware.dir/Drivers/STM32G4xx_HAL_Driver/Src/stm32g4xx_hal.c.obj
 .debug_macro   0x0002c309      0x1b7 CMakeFiles/Firmware.dir/Drivers/STM32G4xx_HAL_Driver/Src/stm32g4xx_hal_gpio.c.obj
 .debug_macro   0x0002c4c0      0x1da CMakeFiles/Firmware.dir/Drivers/STM32G4xx_HAL_Driver/Src/stm32g4xx_hal_pwr_ex.c.obj
 .debug_macro   0x0002c69a      0x1b0 CMakeFiles/Firmware.dir/Drivers/STM32G4xx_HAL_Driver/Src/stm32g4xx_hal_cortex.c.obj
 .debug_macro   0x0002c84a      0x2c2 CMakeFiles/Firmware.dir/Drivers/STM32G4xx_HAL_Driver/Src/stm32g4xx_hal_fdcan.c.obj
 .debug_macro   0x0002cb0c      0x25f CMakeFiles/Firmware.dir/Drivers/STM32G4xx_HAL_Driver/Src/stm32g4xx_ll_spi.c.obj
 .debug_macro   0x0002cd6b      0x2e4 CMakeFiles/Firmware.dir/Drivers/STM32G4xx_HAL_Driver/Src/stm32g4xx_ll_spi.c.obj
 .debug_macro   0x0002d04f      0x269 CMakeFiles/Firmware.dir/Drivers/STM32G4xx_HAL_Driver/Src/stm32g4xx_ll_tim.c.obj
 .debug_macro   0x0002d2b8      0xfc3 CMakeFiles/Firmware.dir/Drivers/STM32G4xx_HAL_Driver/Src/stm32g4xx_ll_tim.c.obj
 .debug_macro   0x0002e27b      0x22b CMakeFiles/Firmware.dir/Drivers/STM32G4xx_HAL_Driver/Src/stm32g4xx_ll_usart.c.obj
 .debug_macro   0x0002e4a6      0x409 CMakeFiles/Firmware.dir/Drivers/STM32G4xx_HAL_Driver/Src/stm32g4xx_ll_usart.c.obj
 .debug_macro   0x0002e8af      0x20d CMakeFiles/Firmware.dir/Drivers/STM32G4xx_HAL_Driver/Src/stm32g4xx_ll_rcc.c.obj
 .debug_macro   0x0002eabc      0x64c CMakeFiles/Firmware.dir/Drivers/STM32G4xx_HAL_Driver/Src/stm32g4xx_ll_rcc.c.obj
 .debug_macro   0x0002f108      0x1c2 CMakeFiles/Firmware.dir/Core/Src/system_stm32g4xx.c.obj

.debug_line     0x00000000    0x10f86
 .debug_line    0x00000000     0x1079 CMakeFiles/Firmware.dir/Core/Src/main.c.obj
 .debug_line    0x00001079      0x8c0 CMakeFiles/Firmware.dir/Core/Src/gpio.c.obj
 .debug_line    0x00001939      0xb0b CMakeFiles/Firmware.dir/Core/Src/adc.c.obj
 .debug_line    0x00002444      0x91d CMakeFiles/Firmware.dir/Core/Src/fdcan.c.obj
 .debug_line    0x00002d61     0x1766 CMakeFiles/Firmware.dir/Core/Src/hrtim.c.obj
 .debug_line    0x000044c7      0x89f CMakeFiles/Firmware.dir/Core/Src/spi.c.obj
 .debug_line    0x00004d66      0x85f CMakeFiles/Firmware.dir/Core/Src/tim.c.obj
 .debug_line    0x000055c5      0x9ce CMakeFiles/Firmware.dir/Core/Src/usart.c.obj
 .debug_line    0x00005f93      0x8a3 CMakeFiles/Firmware.dir/Core/Src/stm32g4xx_it.c.obj
 .debug_line    0x00006836      0x7c9 CMakeFiles/Firmware.dir/Core/Src/stm32g4xx_hal_msp.c.obj
 .debug_line    0x00006fff      0xbef CMakeFiles/Firmware.dir/Drivers/STM32G4xx_HAL_Driver/Src/stm32g4xx_ll_utils.c.obj
 .debug_line    0x00007bee      0x9f0 CMakeFiles/Firmware.dir/Drivers/STM32G4xx_HAL_Driver/Src/stm32g4xx_ll_gpio.c.obj
 .debug_line    0x000085de      0xaac CMakeFiles/Firmware.dir/Drivers/STM32G4xx_HAL_Driver/Src/stm32g4xx_ll_adc.c.obj
 .debug_line    0x0000908a      0xa8c CMakeFiles/Firmware.dir/Drivers/STM32G4xx_HAL_Driver/Src/stm32g4xx_hal.c.obj
 .debug_line    0x00009b16      0xa65 CMakeFiles/Firmware.dir/Drivers/STM32G4xx_HAL_Driver/Src/stm32g4xx_hal_gpio.c.obj
 .debug_line    0x0000a57b      0xbeb CMakeFiles/Firmware.dir/Drivers/STM32G4xx_HAL_Driver/Src/stm32g4xx_hal_pwr_ex.c.obj
 .debug_line    0x0000b166      0xbf1 CMakeFiles/Firmware.dir/Drivers/STM32G4xx_HAL_Driver/Src/stm32g4xx_hal_cortex.c.obj
 .debug_line    0x0000bd57     0x17dd CMakeFiles/Firmware.dir/Drivers/STM32G4xx_HAL_Driver/Src/stm32g4xx_hal_fdcan.c.obj
 .debug_line    0x0000d534      0x901 CMakeFiles/Firmware.dir/Drivers/STM32G4xx_HAL_Driver/Src/stm32g4xx_ll_spi.c.obj
 .debug_line    0x0000de35      0xe28 CMakeFiles/Firmware.dir/Drivers/STM32G4xx_HAL_Driver/Src/stm32g4xx_ll_tim.c.obj
 .debug_line    0x0000ec5d      0x8d3 CMakeFiles/Firmware.dir/Drivers/STM32G4xx_HAL_Driver/Src/stm32g4xx_ll_usart.c.obj
 .debug_line    0x0000f530     0x1315 CMakeFiles/Firmware.dir/Drivers/STM32G4xx_HAL_Driver/Src/stm32g4xx_ll_rcc.c.obj
 .debug_line    0x00010845      0x6c6 CMakeFiles/Firmware.dir/Core/Src/system_stm32g4xx.c.obj
 .debug_line    0x00010f0b       0x7b CMakeFiles/Firmware.dir/startup_stm32g474xx.s.obj

.debug_str      0x00000000   0x121525
 .debug_str     0x00000000   0x121525 CMakeFiles/Firmware.dir/Core/Src/main.c.obj
                             0x115b5b (size before relaxing)
 .debug_str     0x00121525   0x111dd0 CMakeFiles/Firmware.dir/Core/Src/gpio.c.obj
 .debug_str     0x00121525   0x112123 CMakeFiles/Firmware.dir/Core/Src/adc.c.obj
 .debug_str     0x00121525   0x1127ff CMakeFiles/Firmware.dir/Core/Src/fdcan.c.obj
 .debug_str     0x00121525   0x11251d CMakeFiles/Firmware.dir/Core/Src/hrtim.c.obj
 .debug_str     0x00121525   0x111eb6 CMakeFiles/Firmware.dir/Core/Src/spi.c.obj
 .debug_str     0x00121525   0x111e7a CMakeFiles/Firmware.dir/Core/Src/tim.c.obj
 .debug_str     0x00121525   0x111f8f CMakeFiles/Firmware.dir/Core/Src/usart.c.obj
 .debug_str     0x00121525   0x111ff0 CMakeFiles/Firmware.dir/Core/Src/stm32g4xx_it.c.obj
 .debug_str     0x00121525   0x111da9 CMakeFiles/Firmware.dir/Core/Src/stm32g4xx_hal_msp.c.obj
 .debug_str     0x00121525    0xe810f CMakeFiles/Firmware.dir/Drivers/STM32G4xx_HAL_Driver/Src/stm32g4xx_ll_utils.c.obj
 .debug_str     0x00121525    0xe2745 CMakeFiles/Firmware.dir/Drivers/STM32G4xx_HAL_Driver/Src/stm32g4xx_ll_gpio.c.obj
 .debug_str     0x00121525    0xf11bd CMakeFiles/Firmware.dir/Drivers/STM32G4xx_HAL_Driver/Src/stm32g4xx_ll_adc.c.obj
 .debug_str     0x00121525    0xe19e0 CMakeFiles/Firmware.dir/Drivers/STM32G4xx_HAL_Driver/Src/stm32g4xx_hal.c.obj
 .debug_str     0x00121525    0xe0e59 CMakeFiles/Firmware.dir/Drivers/STM32G4xx_HAL_Driver/Src/stm32g4xx_hal_gpio.c.obj
 .debug_str     0x00121525    0xe11bc CMakeFiles/Firmware.dir/Drivers/STM32G4xx_HAL_Driver/Src/stm32g4xx_hal_pwr_ex.c.obj
 .debug_str     0x00121525    0xe169c CMakeFiles/Firmware.dir/Drivers/STM32G4xx_HAL_Driver/Src/stm32g4xx_hal_cortex.c.obj
 .debug_str     0x00121525    0xe227d CMakeFiles/Firmware.dir/Drivers/STM32G4xx_HAL_Driver/Src/stm32g4xx_hal_fdcan.c.obj
 .debug_str     0x00121525    0xe75c5 CMakeFiles/Firmware.dir/Drivers/STM32G4xx_HAL_Driver/Src/stm32g4xx_ll_spi.c.obj
 .debug_str     0x00121525    0xeb7d6 CMakeFiles/Firmware.dir/Drivers/STM32G4xx_HAL_Driver/Src/stm32g4xx_ll_tim.c.obj
 .debug_str     0x00121525    0xe784e CMakeFiles/Firmware.dir/Drivers/STM32G4xx_HAL_Driver/Src/stm32g4xx_ll_usart.c.obj
 .debug_str     0x00121525    0xe52fb CMakeFiles/Firmware.dir/Drivers/STM32G4xx_HAL_Driver/Src/stm32g4xx_ll_rcc.c.obj
 .debug_str     0x00121525    0xe0d22 CMakeFiles/Firmware.dir/Core/Src/system_stm32g4xx.c.obj
 .debug_str     0x00121525       0xcc CMakeFiles/Firmware.dir/startup_stm32g474xx.s.obj

.debug_line_str
                0x00000000      0x17e
 .debug_line_str
                0x00000000      0x17e CMakeFiles/Firmware.dir/startup_stm32g474xx.s.obj
                                 0xb0 (size before relaxing)
 .debug_line_str